Archive member included to satisfy reference by file (symbol)

c:/siliconlabs/simplicitystudio/v5/developer/toolchains/gnu_arm/7.2_2017q4/bin/../lib/gcc/arm-none-eabi/7.2.1/thumb/v7e-m/fpv4-sp/softfp\libgcc.a(_aeabi_uldivmod.o)
                              ./emlib/em_usart.o (__aeabi_uldivmod)
c:/siliconlabs/simplicitystudio/v5/developer/toolchains/gnu_arm/7.2_2017q4/bin/../lib/gcc/arm-none-eabi/7.2.1/thumb/v7e-m/fpv4-sp/softfp\libgcc.a(_udivmoddi4.o)
                              c:/siliconlabs/simplicitystudio/v5/developer/toolchains/gnu_arm/7.2_2017q4/bin/../lib/gcc/arm-none-eabi/7.2.1/thumb/v7e-m/fpv4-sp/softfp\libgcc.a(_aeabi_uldivmod.o) (__udivmoddi4)
c:/siliconlabs/simplicitystudio/v5/developer/toolchains/gnu_arm/7.2_2017q4/bin/../lib/gcc/arm-none-eabi/7.2.1/thumb/v7e-m/fpv4-sp/softfp\libgcc.a(_dvmd_tls.o)
                              c:/siliconlabs/simplicitystudio/v5/developer/toolchains/gnu_arm/7.2_2017q4/bin/../lib/gcc/arm-none-eabi/7.2.1/thumb/v7e-m/fpv4-sp/softfp\libgcc.a(_aeabi_uldivmod.o) (__aeabi_ldiv0)
c:/siliconlabs/simplicitystudio/v5/developer/toolchains/gnu_arm/7.2_2017q4/bin/../lib/gcc/arm-none-eabi/7.2.1/../../../../arm-none-eabi/lib/thumb/v7e-m/fpv4-sp/softfp\libc_nano.a(lib_a-assert.o)
                              ./led/led_control.o (__assert_func)
c:/siliconlabs/simplicitystudio/v5/developer/toolchains/gnu_arm/7.2_2017q4/bin/../lib/gcc/arm-none-eabi/7.2.1/../../../../arm-none-eabi/lib/thumb/v7e-m/fpv4-sp/softfp\libc_nano.a(lib_a-exit.o)
                              c:/siliconlabs/simplicitystudio/v5/developer/toolchains/gnu_arm/7.2_2017q4/bin/../lib/gcc/arm-none-eabi/7.2.1/../../../../arm-none-eabi/lib/thumb/v7e-m/fpv4-sp/softfp/crt0.o (exit)
c:/siliconlabs/simplicitystudio/v5/developer/toolchains/gnu_arm/7.2_2017q4/bin/../lib/gcc/arm-none-eabi/7.2.1/../../../../arm-none-eabi/lib/thumb/v7e-m/fpv4-sp/softfp\libc_nano.a(lib_a-fprintf.o)
                              c:/siliconlabs/simplicitystudio/v5/developer/toolchains/gnu_arm/7.2_2017q4/bin/../lib/gcc/arm-none-eabi/7.2.1/../../../../arm-none-eabi/lib/thumb/v7e-m/fpv4-sp/softfp\libc_nano.a(lib_a-assert.o) (fiprintf)
c:/siliconlabs/simplicitystudio/v5/developer/toolchains/gnu_arm/7.2_2017q4/bin/../lib/gcc/arm-none-eabi/7.2.1/../../../../arm-none-eabi/lib/thumb/v7e-m/fpv4-sp/softfp\libc_nano.a(lib_a-impure.o)
                              c:/siliconlabs/simplicitystudio/v5/developer/toolchains/gnu_arm/7.2_2017q4/bin/../lib/gcc/arm-none-eabi/7.2.1/../../../../arm-none-eabi/lib/thumb/v7e-m/fpv4-sp/softfp\libc_nano.a(lib_a-exit.o) (_global_impure_ptr)
c:/siliconlabs/simplicitystudio/v5/developer/toolchains/gnu_arm/7.2_2017q4/bin/../lib/gcc/arm-none-eabi/7.2.1/../../../../arm-none-eabi/lib/thumb/v7e-m/fpv4-sp/softfp\libc_nano.a(lib_a-init.o)
                              c:/siliconlabs/simplicitystudio/v5/developer/toolchains/gnu_arm/7.2_2017q4/bin/../lib/gcc/arm-none-eabi/7.2.1/../../../../arm-none-eabi/lib/thumb/v7e-m/fpv4-sp/softfp/crt0.o (__libc_init_array)
c:/siliconlabs/simplicitystudio/v5/developer/toolchains/gnu_arm/7.2_2017q4/bin/../lib/gcc/arm-none-eabi/7.2.1/../../../../arm-none-eabi/lib/thumb/v7e-m/fpv4-sp/softfp\libc_nano.a(lib_a-memset.o)
                              c:/siliconlabs/simplicitystudio/v5/developer/toolchains/gnu_arm/7.2_2017q4/bin/../lib/gcc/arm-none-eabi/7.2.1/../../../../arm-none-eabi/lib/thumb/v7e-m/fpv4-sp/softfp/crt0.o (memset)
c:/siliconlabs/simplicitystudio/v5/developer/toolchains/gnu_arm/7.2_2017q4/bin/../lib/gcc/arm-none-eabi/7.2.1/../../../../arm-none-eabi/lib/thumb/v7e-m/fpv4-sp/softfp\libc_nano.a(lib_a-nano-vfprintf.o)
                              c:/siliconlabs/simplicitystudio/v5/developer/toolchains/gnu_arm/7.2_2017q4/bin/../lib/gcc/arm-none-eabi/7.2.1/../../../../arm-none-eabi/lib/thumb/v7e-m/fpv4-sp/softfp\libc_nano.a(lib_a-fprintf.o) (_vfprintf_r)
c:/siliconlabs/simplicitystudio/v5/developer/toolchains/gnu_arm/7.2_2017q4/bin/../lib/gcc/arm-none-eabi/7.2.1/../../../../arm-none-eabi/lib/thumb/v7e-m/fpv4-sp/softfp\libc_nano.a(lib_a-nano-vfprintf_i.o)
                              c:/siliconlabs/simplicitystudio/v5/developer/toolchains/gnu_arm/7.2_2017q4/bin/../lib/gcc/arm-none-eabi/7.2.1/../../../../arm-none-eabi/lib/thumb/v7e-m/fpv4-sp/softfp\libc_nano.a(lib_a-nano-vfprintf.o) (_printf_i)
c:/siliconlabs/simplicitystudio/v5/developer/toolchains/gnu_arm/7.2_2017q4/bin/../lib/gcc/arm-none-eabi/7.2.1/../../../../arm-none-eabi/lib/thumb/v7e-m/fpv4-sp/softfp\libc_nano.a(lib_a-printf.o)
                              ./event/event_control.o (printf)
c:/siliconlabs/simplicitystudio/v5/developer/toolchains/gnu_arm/7.2_2017q4/bin/../lib/gcc/arm-none-eabi/7.2.1/../../../../arm-none-eabi/lib/thumb/v7e-m/fpv4-sp/softfp\libc_nano.a(lib_a-setvbuf.o)
                              ./serial/retargetserial.o (setvbuf)
[...]
Memory Configuration

Name             Origin             Length             Attributes
FLASH            0x00000000         0x00100000         xr
RAM              0x20000000         0x00040000         xrw
*default*        0x00000000         0xffffffff

Linker script and memory map

LOAD c:/siliconlabs/simplicitystudio/v5/developer/toolchains/gnu_arm/7.2_2017q4/bin/../lib/gcc/arm-none-eabi/7.2.1/thumb/v7e-m/fpv4-sp/softfp/crti.o
LOAD c:/siliconlabs/simplicitystudio/v5/developer/toolchains/gnu_arm/7.2_2017q4/bin/../lib/gcc/arm-none-eabi/7.2.1/thumb/v7e-m/fpv4-sp/softfp/crtbegin.o
LOAD c:/siliconlabs/simplicitystudio/v5/developer/toolchains/gnu_arm/7.2_2017q4/bin/../lib/gcc/arm-none-eabi/7.2.1/../../../../arm-none-eabi/lib/thumb/v7e-m/fpv4-sp/softfp/crt0.o
LOAD ./CMSIS/EFR32MG12P/startup_efr32mg12p.o
LOAD ./CMSIS/EFR32MG12P/system_efr32mg12p.o
LOAD ./button/button_control.o
LOAD ./button/button_handler.o
LOAD ./emlib/em_cmu.o
LOAD ./emlib/em_core.o
LOAD ./emlib/em_emu.o
LOAD ./emlib/em_gpio.o
LOAD ./emlib/em_i2c.o
LOAD ./emlib/em_rtcc.o
LOAD ./emlib/em_system.o
LOAD ./emlib/em_timer.o
LOAD ./emlib/em_usart.o
LOAD ./event/event_control.o
LOAD ./event/event_handler.o
LOAD ./illum/illum_control.o
LOAD ./illum/illum_handler.o
LOAD ./led/led_control.o
LOAD ./led/led_handler.o
LOAD ./serial/retargetio.o
LOAD ./serial/retargetserial.o
LOAD ./src/app.o
LOAD ./src/main.o
START GROUP
LOAD c:/siliconlabs/simplicitystudio/v5/developer/toolchains/gnu_arm/7.2_2017q4/bin/../lib/gcc/arm-none-eabi/7.2.1/thumb/v7e-m/fpv4-sp/softfp\libgcc.a
LOAD c:/siliconlabs/simplicitystudio/v5/developer/toolchains/gnu_arm/7.2_2017q4/bin/../lib/gcc/arm-none-eabi/7.2.1/../../../../arm-none-eabi/lib/thumb/v7e-m/fpv4-sp/softfp\libc_nano.a
LOAD c:/siliconlabs/simplicitystudio/v5/developer/toolchains/gnu_arm/7.2_2017q4/bin/../lib/gcc/arm-none-eabi/7.2.1/../../../../arm-none-eabi/lib/thumb/v7e-m/fpv4-sp/softfp\libnosys.a
END GROUP
START GROUP
LOAD c:/siliconlabs/simplicitystudio/v5/developer/toolchains/gnu_arm/7.2_2017q4/bin/../lib/gcc/arm-none-eabi/7.2.1/thumb/v7e-m/fpv4-sp/softfp\libgcc.a
LOAD c:/siliconlabs/simplicitystudio/v5/developer/toolchains/gnu_arm/7.2_2017q4/bin/../lib/gcc/arm-none-eabi/7.2.1/../../../../arm-none-eabi/lib/thumb/v7e-m/fpv4-sp/softfp\libg_nano.a
LOAD c:/siliconlabs/simplicitystudio/v5/developer/toolchains/gnu_arm/7.2_2017q4/bin/../lib/gcc/arm-none-eabi/7.2.1/../../../../arm-none-eabi/lib/thumb/v7e-m/fpv4-sp/softfp\libc_nano.a
END GROUP
START GROUP
LOAD c:/siliconlabs/simplicitystudio/v5/developer/toolchains/gnu_arm/7.2_2017q4/bin/../lib/gcc/arm-none-eabi/7.2.1/thumb/v7e-m/fpv4-sp/softfp\libgcc.a
LOAD c:/siliconlabs/simplicitystudio/v5/developer/toolchains/gnu_arm/7.2_2017q4/bin/../lib/gcc/arm-none-eabi/7.2.1/../../../../arm-none-eabi/lib/thumb/v7e-m/fpv4-sp/softfp\libc_nano.a
END GROUP
LOAD c:/siliconlabs/simplicitystudio/v5/developer/toolchains/gnu_arm/7.2_2017q4/bin/../lib/gcc/arm-none-eabi/7.2.1/thumb/v7e-m/fpv4-sp/softfp/crtend.o
LOAD c:/siliconlabs/simplicitystudio/v5/developer/toolchains/gnu_arm/7.2_2017q4/bin/../lib/gcc/arm-none-eabi/7.2.1/thumb/v7e-m/fpv4-sp/softfp/crtn.o

.text           0x00000000     0x5404
 *(.vectors)
 .vectors       0x00000000      0x10c ./CMSIS/EFR32MG12P/startup_efr32mg12p.o
                0x00000000                __Vectors
                0x0000010c                __Vectors_End = .
                0x0000010c                __Vectors_Size = (__Vectors_End - __Vectors)
                0x0000010c                __end__ = .
 *(.text*)
 .text          0x0000010c       0x40 c:/siliconlabs/simplicitystudio/v5/developer/toolchains/gnu_arm/7.2_2017q4/bin/../lib/gcc/arm-none-eabi/7.2.1/thumb/v7e-m/fpv4-sp/softfp/crtbegin.o
 .text          0x0000014c       0x74 c:/siliconlabs/simplicitystudio/v5/developer/toolchains/gnu_arm/7.2_2017q4/bin/../lib/gcc/arm-none-eabi/7.2.1/../../../../arm-none-eabi/lib/thumb/v7e-m/fpv4-sp/softfp/crt0.o
                0x0000014c                _start
                0x0000014c                _mainCRTStartup
 .text          0x000001c0       0x30 ./CMSIS/EFR32MG12P/startup_efr32mg12p.o
                0x000001c0                Reset_Handler
                0x000001ec                USART0_TX_IRQHandler
                0x000001ec                I2C0_IRQHandler
                0x000001ec                HardFault_Handler
                0x000001ec                USART1_RX_IRQHandler
                0x000001ec                PendSV_Handler
                0x000001ec                NMI_Handler
                0x000001ec                SYNTH_IRQHandler
                0x000001ec                I2C1_IRQHandler
                0x000001ec                WTIMER0_IRQHandler
                0x000001ec                CRYPTO0_IRQHandler
                0x000001ec                WDOG0_IRQHandler
                0x000001ec                USART1_TX_IRQHandler
                0x000001ec                SMU_IRQHandler
                0x000001ec                MSC_IRQHandler
                0x000001ec                ADC0_IRQHandler
                0x000001ec                UsageFault_Handler
                0x000001ec                WDOG1_IRQHandler
                0x000001ec                LEUART0_IRQHandler
                0x000001ec                FPUEH_IRQHandler
                0x000001ec                WTIMER1_IRQHandler
                0x000001ec                VDAC0_IRQHandler
                0x000001ec                LDMA_IRQHandler
                0x000001ec                CSEN_IRQHandler
                0x000001ec                CRYPTO1_IRQHandler
                0x000001ec                TIMER0_IRQHandler
                0x000001ec                DebugMon_Handler
                0x000001ec                PCNT2_IRQHandler
                0x000001ec                LETIMER0_IRQHandler
                0x000001ec                TIMER1_IRQHandler
                0x000001ec                TRNG0_IRQHandler
                0x000001ec                RFSENSE_IRQHandler
                0x000001ec                BUFC_IRQHandler
                0x000001ec                MODEM_IRQHandler
                0x000001ec                USART2_RX_IRQHandler
                0x000001ec                Default_Handler
                0x000001ec                RAC_SEQ_IRQHandler
                0x000001ec                FRC_PRI_IRQHandler
                0x000001ec                EMU_IRQHandler
                0x000001ec                FRC_IRQHandler
                0x000001ec                CRYOTIMER_IRQHandler
                0x000001ec                PCNT0_IRQHandler
                0x000001ec                AGC_IRQHandler
                0x000001ec                sl_app_properties
                0x000001ec                PCNT1_IRQHandler
                0x000001ec                ACMP0_IRQHandler
                0x000001ec                MemManage_Handler
                0x000001ec                SVC_Handler
                0x000001ec                USART3_RX_IRQHandler
                0x000001ec                RTCC_IRQHandler
                0x000001ec                CMU_IRQHandler
                0x000001ec                RAC_RSM_IRQHandler
                0x000001ec                LESENSE_IRQHandler
                0x000001ec                USART3_TX_IRQHandler
                0x000001ec                PROTIMER_IRQHandler
                0x000001ec                BusFault_Handler
                0x000001ec                USART2_TX_IRQHandler
                0x000001ec                IDAC0_IRQHandler
 .text.SystemCoreClockGet
                0x000001f0       0x40 ./CMSIS/EFR32MG12P/system_efr32mg12p.o
                0x000001f0                SystemCoreClockGet
 .text.SystemMaxCoreClockGet
                0x00000230       0x14 ./CMSIS/EFR32MG12P/system_efr32mg12p.o
                0x00000230                SystemMaxCoreClockGet
 .text.SystemHFClockGet
                0x00000244       0x88 ./CMSIS/EFR32MG12P/system_efr32mg12p.o
                0x00000244                SystemHFClockGet
 .text.SystemHFXOClockGet
                0x000002cc       0x18 ./CMSIS/EFR32MG12P/system_efr32mg12p.o
                0x000002cc                SystemHFXOClockGet
 .text.SystemInit
                0x000002e4       0x2c ./CMSIS/EFR32MG12P/system_efr32mg12p.o
                0x000002e4                SystemInit
 .text.SystemLFRCOClockGet
                0x00000310       0x12 ./CMSIS/EFR32MG12P/system_efr32mg12p.o
                0x00000310                SystemLFRCOClockGet
 .text.SystemULFRCOClockGet
                0x00000322       0x12 ./CMSIS/EFR32MG12P/system_efr32mg12p.o
                0x00000322                SystemULFRCOClockGet
 .text.SystemLFXOClockGet
                0x00000334       0x18 ./CMSIS/EFR32MG12P/system_efr32mg12p.o
                0x00000334                SystemLFXOClockGet
 .text.__NVIC_EnableIRQ
                0x0000034c       0x3c ./button/button_control.o
 .text.BUS_RegBitRead
                0x00000388       0x2a ./button/button_control.o
 *fill*         0x000003b2        0x2 
 .text.GPIO_IntClear
                0x000003b4       0x20 ./button/button_control.o
 .text.GPIO_IntGet
                0x000003d4       0x18 ./button/button_control.o
 .text.GPIO_PinInGet
                0x000003ec       0x72 ./button/button_control.o
 *fill*         0x0000045e        0x2 
 .text.ButInit  0x00000460       0x80 ./button/button_control.o
                0x00000460                ButInit
 .text.GPIO_EVEN_IRQHandler
                0x000004e0       0x30 ./button/button_control.o
                0x000004e0                GPIO_EVEN_IRQHandler
 .text.GPIO_ODD_IRQHandler
                0x00000510       0x30 ./button/button_control.o
                0x00000510                GPIO_ODD_IRQHandler
 .text.BtnPressedState
                0x00000540       0x24 ./button/button_control.o
                0x00000540                BtnPressedState
 .text.ButtonInit
                0x00000564       0x14 ./button/button_handler.o
                0x00000564                ButtonInit
 .text.ButtonPressedState
                0x00000578        0xe ./button/button_handler.o
                0x00000578                ButtonPressedState
 .text.BUS_RegBitWrite
                0x00000586       0x2e ./emlib/em_cmu.o
 .text.BUS_RegBitRead
                0x000005b4       0x2a ./emlib/em_cmu.o
 .text.SL_Log2ToDiv
                0x000005de       0x1c ./emlib/em_cmu.o
 *fill*         0x000005fa        0x2 
 .text.EMU_LDOStatusGet
                0x000005fc       0x24 ./emlib/em_cmu.o
 .text.EMU_VScaleWait
                0x00000620       0x30 ./emlib/em_cmu.o
 .text.EMU_VScaleGet
                0x00000650       0x1c ./emlib/em_cmu.o
 .text.setHfLeConfig
                0x0000066c       0x64 ./emlib/em_cmu.o
 .text.auxClkGet
                0x000006d0       0x20 ./emlib/em_cmu.o
 .text.hfSrcClkGet
                0x000006f0       0x2c ./emlib/em_cmu.o
 .text.dbgClkGet
                0x0000071c       0x40 ./emlib/em_cmu.o
 .text.adcAsyncClkGet
                0x0000075c       0x80 ./emlib/em_cmu.o
 .text.flashWaitStateControl
                0x000007dc       0x8c ./emlib/em_cmu.o
 .text.flashWaitStateMax
                0x00000868       0x44 ./emlib/em_cmu.o
 .text.CMU_UpdateWaitStates
                0x000008ac       0x40 ./emlib/em_cmu.o
                0x000008ac                CMU_UpdateWaitStates
 .text.getRegIshUpperVal
                0x000008ec       0x36 ./emlib/em_cmu.o
 *fill*         0x00000922        0x2 
 .text.getHfxoTuningMode
                0x00000924       0x1c ./emlib/em_cmu.o
 .text.setHfxoTuningMode
                0x00000940       0x2c ./emlib/em_cmu.o
 .text.lfClkGet
                0x0000096c       0xf4 ./emlib/em_cmu.o
 .text.syncReg  0x00000a60       0x38 ./emlib/em_cmu.o
 .text.hfperClkSafePrescaler
                0x00000a98        0xe ./emlib/em_cmu.o
 .text.hfperClkOptimizedPrescaler
                0x00000aa6        0xe ./emlib/em_cmu.o
 .text.CMU_ClockDivGet
                0x00000ab4       0x1a ./emlib/em_cmu.o
                0x00000ab4                CMU_ClockDivGet
 *fill*         0x00000ace        0x2 
 .text.CMU_ClockEnable
                0x00000ad0       0xcc ./emlib/em_cmu.o
                0x00000ad0                CMU_ClockEnable
 .text.CMU_ClockFreqGet
                0x00000b9c      0x234 ./emlib/em_cmu.o
                0x00000b9c                CMU_ClockFreqGet
 .text.CMU_ClockPrescGet
                0x00000dd0      0x194 ./emlib/em_cmu.o
                0x00000dd0                CMU_ClockPrescGet
 .text.CMU_ClockSelectGet
                0x00000f64      0x1c0 ./emlib/em_cmu.o
                0x00000f64                CMU_ClockSelectGet
 .text.CMU_ClockSelectSet
                0x00001124      0x2ec ./emlib/em_cmu.o
                0x00001124                CMU_ClockSelectSet
 .text.CMU_HFRCOBandGet
                0x00001410       0x18 ./emlib/em_cmu.o
                0x00001410                CMU_HFRCOBandGet
 .text.CMU_HFXOInit
                0x00001428       0xe4 ./emlib/em_cmu.o
                0x00001428                CMU_HFXOInit
 .text.CMU_OscillatorEnable
                0x0000150c      0x1a0 ./emlib/em_cmu.o
                0x0000150c                CMU_OscillatorEnable
 .text.CMU_OscillatorTuningGet
                0x000016ac       0x74 ./emlib/em_cmu.o
                0x000016ac                CMU_OscillatorTuningGet
 .text.CMU_OscillatorTuningSet
                0x00001720      0x100 ./emlib/em_cmu.o
                0x00001720                CMU_OscillatorTuningSet
 .text.CMU_OscillatorTuningWait
                0x00001820       0x94 ./emlib/em_cmu.o
                0x00001820                CMU_OscillatorTuningWait
 .text.CMU_OscillatorTuningOptimize
                0x000018b4       0x58 ./emlib/em_cmu.o
                0x000018b4                CMU_OscillatorTuningOptimize
 .text.CORE_EnterAtomic
                0x0000190c       0x20 ./emlib/em_core.o
                0x0000190c                CORE_EnterAtomic
 .text.CORE_ExitAtomic
                0x0000192c       0x1c ./emlib/em_core.o
                0x0000192c                CORE_ExitAtomic
 .text.BUS_RegBitWrite
                0x00001948       0x2e ./emlib/em_emu.o
 .text.BUS_RegBitRead
                0x00001976       0x2a ./emlib/em_emu.o
 .text.EMU_LDOStatusGet
                0x000019a0       0x24 ./emlib/em_emu.o
 .text.EMU_VScaleWait
                0x000019c4       0x30 ./emlib/em_emu.o
 .text.EMU_VScaleGet
                0x000019f4       0x1c ./emlib/em_emu.o
 .text.EMU_IntClear
                0x00001a10       0x20 ./emlib/em_emu.o
 .text.EMU_IntGet
                0x00001a30       0x18 ./emlib/em_emu.o
 .text.EMU_PowerLock
                0x00001a48       0x18 ./emlib/em_emu.o
 .text.EMU_PowerUnlock
                0x00001a60       0x1c ./emlib/em_emu.o
 .text.vScaleEM01Cmd
                0x00001a7c       0x22 ./emlib/em_emu.o
 *fill*         0x00001a9e        0x2 
 .text.EMU_VScaleEM01ByClock
                0x00001aa0       0x84 ./emlib/em_emu.o
                0x00001aa0                EMU_VScaleEM01ByClock
 .text.EMU_VScaleEM01
                0x00001b24       0x98 ./emlib/em_emu.o
                0x00001b24                EMU_VScaleEM01
 .text.dcdcConstCalibrationLoad
                0x00001bbc       0x10 ./emlib/em_emu.o
 .text.dcdcValidatedConfigSet
                0x00001bcc       0x40 ./emlib/em_emu.o
 .text.currentLimitersUpdate
                0x00001c0c       0xe8 ./emlib/em_emu.o
 .text.userCurrentLimitsSet
                0x00001cf4       0x30 ./emlib/em_emu.o
 .text.compCtrlSet
                0x00001d24       0x40 ./emlib/em_emu.o
 .text.lpCmpHystCalibrationLoad
                0x00001d64       0xd0 ./emlib/em_emu.o
 .text.lpGetDevinfoVrefLowHigh
                0x00001e34      0x158 ./emlib/em_emu.o
 .text.EMU_DCDCModeSet
                0x00001f8c      0x10c ./emlib/em_emu.o
                0x00001f8c                EMU_DCDCModeSet
 .text.EMU_DCDCInit
                0x00002098      0x138 ./emlib/em_emu.o
                0x00002098                EMU_DCDCInit
 .text.EMU_DCDCOutputVoltageSet
                0x000021d0      0x2ac ./emlib/em_emu.o
                0x000021d0                EMU_DCDCOutputVoltageSet
 .text.EMU_DCDCOptimizeSlice
                0x0000247c       0xd8 ./emlib/em_emu.o
                0x0000247c                EMU_DCDCOptimizeSlice
 .text.EMU_DCDCLnRcoBandSet
                0x00002554       0x54 ./emlib/em_emu.o
                0x00002554                EMU_DCDCLnRcoBandSet
 .text.BUS_RegBitWrite
                0x000025a8       0x2e ./emlib/em_gpio.o
 .text.BUS_RegMaskedSet
                0x000025d6       0x24 ./emlib/em_gpio.o
 .text.BUS_RegMaskedClear
                0x000025fa       0x24 ./emlib/em_gpio.o
 .text.BUS_RegMaskedWrite
                0x0000261e       0x24 ./emlib/em_gpio.o
 *fill*         0x00002642        0x2 
 .text.GPIO_IntClear
                0x00002644       0x20 ./emlib/em_gpio.o
 .text.GPIO_PinOutClear
                0x00002664       0x78 ./emlib/em_gpio.o
 .text.GPIO_PinOutSet
                0x000026dc       0x78 ./emlib/em_gpio.o
 .text.GPIO_ExtIntConfig
                0x00002754      0x140 ./emlib/em_gpio.o
                0x00002754                GPIO_ExtIntConfig
 .text.GPIO_PinModeSet
                0x00002894      0x138 ./emlib/em_gpio.o
                0x00002894                GPIO_PinModeSet
 .text.BUS_RegBitWrite
                0x000029cc       0x2e ./emlib/em_rtcc.o
 *fill*         0x000029fa        0x2 
 .text.RTCC_Enable
                0x000029fc       0x24 ./emlib/em_rtcc.o
                0x000029fc                RTCC_Enable
 .text.RTCC_Init
                0x00002a20       0x98 ./emlib/em_rtcc.o
                0x00002a20                RTCC_Init
 .text.prsRxInput
                0x00002ab8       0x26 ./emlib/em_usart.o
 *fill*         0x00002ade        0x2 
 .text.USART_BaudrateAsyncSet
                0x00002ae0       0xb0 ./emlib/em_usart.o
                0x00002ae0                USART_BaudrateAsyncSet
 .text.USART_Enable
                0x00002b90       0x64 ./emlib/em_usart.o
                0x00002b90                USART_Enable
 .text.USART_InitAsync
                0x00002bf4       0xec ./emlib/em_usart.o
                0x00002bf4                USART_InitAsync
 .text.USART_Reset
                0x00002ce0       0xd0 ./emlib/em_usart.o
                0x00002ce0                USART_Reset
 .text.USART_Rx
                0x00002db0       0x28 ./emlib/em_usart.o
                0x00002db0                USART_Rx
 .text.USART_Tx
                0x00002dd8       0x2c ./emlib/em_usart.o
                0x00002dd8                USART_Tx
 .text.__NVIC_SetPriority
                0x00002e04       0x54 ./event/event_control.o
 .text.SysTick_Config
                0x00002e58       0x44 ./event/event_control.o
 .text.EvInitTimer
                0x00002e9c       0x5c ./event/event_control.o
                0x00002e9c                EvInitTimer
 .text.SysTick_Handler
                0x00002ef8       0x3c ./event/event_control.o
                0x00002ef8                SysTick_Handler
 .text.EvGetCurrTick
                0x00002f34       0x18 ./event/event_control.o
                0x00002f34                EvGetCurrTick
 .text.EventInit
                0x00002f4c       0x16 ./event/event_handler.o
                0x00002f4c                EventInit
 *fill*         0x00002f62        0x2 
 .text.EventGetAppState
                0x00002f64       0x54 ./event/event_handler.o
                0x00002f64                EventGetAppState
 .text.IllumInit
                0x00002fb8        0xe ./illum/illum_handler.o
                0x00002fb8                IllumInit
 .text.BUS_RegMaskedSet
                0x00002fc6       0x24 ./led/led_control.o
 .text.BUS_RegMaskedClear
                0x00002fea       0x24 ./led/led_control.o
 .text.GPIO_PinOutClear
                0x0000300e       0x78 ./led/led_control.o
 .text.GPIO_PinOutSet
                0x00003086       0x78 ./led/led_control.o
 .text.LeDriveSegments
                0x000030fe       0x16 ./led/led_control.o
                0x000030fe                LeDriveSegments
 .text.LeDriveSegment
                0x00003114       0x38 ./led/led_control.o
                0x00003114                LeDriveSegment
 .text.LeDriveMux
                0x0000314c       0xb4 ./led/led_control.o
                0x0000314c                LeDriveMux
 .text.LeDriveSevenSeg
                0x00003200      0x200 ./led/led_control.o
                0x00003200                LeDriveSevenSeg
 .text.LeInitGPIO
                0x00003400       0x68 ./led/led_control.o
                0x00003400                LeInitGPIO
 .text.LedInit  0x00003468        0xc ./led/led_handler.o
                0x00003468                LedInit
 .text.LedDrive
                0x00003474       0x16 ./led/led_handler.o
                0x00003474                LedDrive
 .text._close   0x0000348a       0x16 ./serial/retargetio.o
                0x0000348a                _close
 .text._exit    0x000034a0        0xa ./serial/retargetio.o
                0x000034a0                _exit
 .text._fstat   0x000034aa       0x20 ./serial/retargetio.o
                0x000034aa                _fstat
 .text._getpid  0x000034ca       0x10 ./serial/retargetio.o
                0x000034ca                _getpid
 .text._isatty  0x000034da       0x16 ./serial/retargetio.o
                0x000034da                _isatty
 .text._kill    0x000034f0       0x1a ./serial/retargetio.o
                0x000034f0                _kill
 .text._lseek   0x0000350a       0x1a ./serial/retargetio.o
                0x0000350a                _lseek
 .text._read    0x00003524       0x56 ./serial/retargetio.o
                0x00003524                _read
 *fill*         0x0000357a        0x2 
 .text._sbrk    0x0000357c       0x40 ./serial/retargetio.o
                0x0000357c                _sbrk
 .text._write   0x000035bc       0x38 ./serial/retargetio.o
                0x000035bc                _write
 .text.__NVIC_EnableIRQ
                0x000035f4       0x3c ./serial/retargetserial.o
 .text.__NVIC_ClearPendingIRQ
                0x00003630       0x3c ./serial/retargetserial.o
 .text.USART_IntClear
                0x0000366c       0x1c ./serial/retargetserial.o
 .text.USART_IntDisable
                0x00003688       0x24 ./serial/retargetserial.o
 .text.USART_IntEnable
                0x000036ac       0x22 ./serial/retargetserial.o
 *fill*         0x000036ce        0x2 
 .text.disableRxInterrupt
                0x000036d0       0x14 ./serial/retargetserial.o
 .text.enableRxInterrupt
                0x000036e4       0x14 ./serial/retargetserial.o
 .text.USART0_RX_IRQHandler
                0x000036f8       0x68 ./serial/retargetserial.o
                0x000036f8                USART0_RX_IRQHandler
 .text.RETARGET_SerialCrLf
                0x00003760       0x2c ./serial/retargetserial.o
                0x00003760                RETARGET_SerialCrLf
 .text.RETARGET_SerialInit
                0x0000378c       0xd0 ./serial/retargetserial.o
                0x0000378c                RETARGET_SerialInit
 .text.RETARGET_ReadChar
                0x0000385c       0x80 ./serial/retargetserial.o
                0x0000385c                RETARGET_ReadChar
 .text.RETARGET_WriteChar
                0x000038dc       0x54 ./serial/retargetserial.o
                0x000038dc                RETARGET_WriteChar
 .text.__NVIC_EnableIRQ
                0x00003930       0x3c ./src/app.o
 .text.__NVIC_DisableIRQ
                0x0000396c       0x44 ./src/app.o
 .text.BUS_RegBitRead
                0x000039b0       0x2a ./src/app.o
 .text.GPIO_PinInGet
                0x000039da       0x72 ./src/app.o
 .text.AppMain  0x00003a4c      0x13c ./src/app.o
                0x00003a4c                AppMain
 .text.AppGetTime
                0x00003b88       0x74 ./src/app.o
                0x00003b88                AppGetTime
 .text.SYSTEM_GetProdRev
                0x00003bfc       0x1c ./src/main.o
 .text.CHIP_Init
                0x00003c18       0x90 ./src/main.o
 .text.RTCC_TimeSet
                0x00003ca8       0x20 ./src/main.o
 .text.main     0x00003cc8       0xbc ./src/main.o
                0x00003cc8                main
 .text.rtccSetup
                0x00003d84       0x88 ./src/main.o
                0x00003d84                rtccSetup
 .text.__assert_func
                0x00003e0c       0x3c c:/siliconlabs/simplicitystudio/v5/developer/toolchains/gnu_arm/7.2_2017q4/bin/../lib/gcc/arm-none-eabi/7.2.1/../../../../arm-none-eabi/lib/thumb/v7e-m/fpv4-sp/softfp\libc_nano.a(lib_a-assert.o)
                0x00003e0c                __assert_func
 .text.exit     0x00003e48       0x28 c:/siliconlabs/simplicitystudio/v5/developer/toolchains/gnu_arm/7.2_2017q4/bin/../lib/gcc/arm-none-eabi/7.2.1/../../../../arm-none-eabi/lib/thumb/v7e-m/fpv4-sp/softfp\libc_nano.a(lib_a-exit.o)
                0x00003e48                exit
 .text.fprintf  0x00003e70       0x24 c:/siliconlabs/simplicitystudio/v5/developer/toolchains/gnu_arm/7.2_2017q4/bin/../lib/gcc/arm-none-eabi/7.2.1/../../../../arm-none-eabi/lib/thumb/v7e-m/fpv4-sp/softfp\libc_nano.a(lib_a-fprintf.o)
                0x00003e70                fiprintf
                0x00003e70                fprintf
 .text.__libc_init_array
                0x00003e94       0x48 c:/siliconlabs/simplicitystudio/v5/developer/toolchains/gnu_arm/7.2_2017q4/bin/../lib/gcc/arm-none-eabi/7.2.1/../../../../arm-none-eabi/lib/thumb/v7e-m/fpv4-sp/softfp\libc_nano.a(lib_a-init.o)
                0x00003e94                __libc_init_array
 .text.memset   0x00003edc       0x10 c:/siliconlabs/simplicitystudio/v5/developer/toolchains/gnu_arm/7.2_2017q4/bin/../lib/gcc/arm-none-eabi/7.2.1/../../../../arm-none-eabi/lib/thumb/v7e-m/fpv4-sp/softfp\libc_nano.a(lib_a-memset.o)
                0x00003edc                memset
 .text.__sfputc_r
                0x00003eec       0x2e c:/siliconlabs/simplicitystudio/v5/developer/toolchains/gnu_arm/7.2_2017q4/bin/../lib/gcc/arm-none-eabi/7.2.1/../../../../arm-none-eabi/lib/thumb/v7e-m/fpv4-sp/softfp\libc_nano.a(lib_a-nano-vfprintf.o)
 .text.__sfputs_r
                0x00003f1a       0x24 c:/siliconlabs/simplicitystudio/v5/developer/toolchains/gnu_arm/7.2_2017q4/bin/../lib/gcc/arm-none-eabi/7.2.1/../../../../arm-none-eabi/lib/thumb/v7e-m/fpv4-sp/softfp\libc_nano.a(lib_a-nano-vfprintf.o)
                0x00003f1a                __sfputs_r
 *fill*         0x00003f3e        0x2 
 .text._vfprintf_r
                0x00003f40      0x228 c:/siliconlabs/simplicitystudio/v5/developer/toolchains/gnu_arm/7.2_2017q4/bin/../lib/gcc/arm-none-eabi/7.2.1/../../../../arm-none-eabi/lib/thumb/v7e-m/fpv4-sp/softfp\libc_nano.a(lib_a-nano-vfprintf.o)
                0x00003f40                _vfprintf_r
                0x00003f40                _vfiprintf_r
 .text._printf_common
                0x00004168       0xea c:/siliconlabs/simplicitystudio/v5/developer/toolchains/gnu_arm/7.2_2017q4/bin/../lib/gcc/arm-none-eabi/7.2.1/../../../../arm-none-eabi/lib/thumb/v7e-m/fpv4-sp/softfp\libc_nano.a(lib_a-nano-vfprintf_i.o)
                0x00004168                _printf_common
 *fill*         0x00004252        0x2 
 .text._printf_i
                0x00004254      0x224 c:/siliconlabs/simplicitystudio/v5/developer/toolchains/gnu_arm/7.2_2017q4/bin/../lib/gcc/arm-none-eabi/7.2.1/../../../../arm-none-eabi/lib/thumb/v7e-m/fpv4-sp/softfp\libc_nano.a(lib_a-nano-vfprintf_i.o)
                0x00004254                _printf_i
 .text.printf   0x00004478       0x30 c:/siliconlabs/simplicitystudio/v5/developer/toolchains/gnu_arm/7.2_2017q4/bin/../lib/gcc/arm-none-eabi/7.2.1/../../../../arm-none-eabi/lib/thumb/v7e-m/fpv4-sp/softfp\libc_nano.a(lib_a-printf.o)
                0x00004478                iprintf
                0x00004478                printf
 .text.setvbuf  0x000044a8      0x15c c:/siliconlabs/simplicitystudio/v5/developer/toolchains/gnu_arm/7.2_2017q4/bin/../lib/gcc/arm-none-eabi/7.2.1/../../../../arm-none-eabi/lib/thumb/v7e-m/fpv4-sp/softfp\libc_nano.a(lib_a-setvbuf.o)
                0x000044a8                setvbuf
 .text._strtol_l.isra.0
                0x00004604       0xf6 c:/siliconlabs/simplicitystudio/v5/developer/toolchains/gnu_arm/7.2_2017q4/bin/../lib/gcc/arm-none-eabi/7.2.1/../../../../arm-none-eabi/lib/thumb/v7e-m/fpv4-sp/softfp\libc_nano.a(lib_a-strtol.o)
 *fill*         0x000046fa        0x2 
 .text.strtol   0x000046fc       0x2c c:/siliconlabs/simplicitystudio/v5/developer/toolchains/gnu_arm/7.2_2017q4/bin/../lib/gcc/arm-none-eabi/7.2.1/../../../../arm-none-eabi/lib/thumb/v7e-m/fpv4-sp/softfp\libc_nano.a(lib_a-strtol.o)
                0x000046fc                strtol
 .text.__swbuf_r
                0x00004728       0xa4 c:/siliconlabs/simplicitystudio/v5/developer/toolchains/gnu_arm/7.2_2017q4/bin/../lib/gcc/arm-none-eabi/7.2.1/../../../../arm-none-eabi/lib/thumb/v7e-m/fpv4-sp/softfp\libc_nano.a(lib_a-wbuf.o)
                0x00004728                __swbuf_r
 .text.__swsetup_r
                0x000047cc       0xdc c:/siliconlabs/simplicitystudio/v5/developer/toolchains/gnu_arm/7.2_2017q4/bin/../lib/gcc/arm-none-eabi/7.2.1/../../../../arm-none-eabi/lib/thumb/v7e-m/fpv4-sp/softfp\libc_nano.a(lib_a-wsetup.o)
                0x000047cc                __swsetup_r
 .text.abort    0x000048a8        0xe c:/siliconlabs/simplicitystudio/v5/developer/toolchains/gnu_arm/7.2_2017q4/bin/../lib/gcc/arm-none-eabi/7.2.1/../../../../arm-none-eabi/lib/thumb/v7e-m/fpv4-sp/softfp\libc_nano.a(lib_a-abort.o)
                0x000048a8                abort
 *fill*         0x000048b6        0x2 
 .text.__sflush_r
                0x000048b8      0x10c c:/siliconlabs/simplicitystudio/v5/developer/toolchains/gnu_arm/7.2_2017q4/bin/../lib/gcc/arm-none-eabi/7.2.1/../../../../arm-none-eabi/lib/thumb/v7e-m/fpv4-sp/softfp\libc_nano.a(lib_a-fflush.o)
                0x000048b8                __sflush_r
 .text._fflush_r
                0x000049c4       0x54 c:/siliconlabs/simplicitystudio/v5/developer/toolchains/gnu_arm/7.2_2017q4/bin/../lib/gcc/arm-none-eabi/7.2.1/../../../../arm-none-eabi/lib/thumb/v7e-m/fpv4-sp/softfp\libc_nano.a(lib_a-fflush.o)
                0x000049c4                _fflush_r
 .text.std      0x00004a18       0x48 c:/siliconlabs/simplicitystudio/v5/developer/toolchains/gnu_arm/7.2_2017q4/bin/../lib/gcc/arm-none-eabi/7.2.1/../../../../arm-none-eabi/lib/thumb/v7e-m/fpv4-sp/softfp\libc_nano.a(lib_a-findfp.o)
 .text._cleanup_r
                0x00004a60        0xc c:/siliconlabs/simplicitystudio/v5/developer/toolchains/gnu_arm/7.2_2017q4/bin/../lib/gcc/arm-none-eabi/7.2.1/../../../../arm-none-eabi/lib/thumb/v7e-m/fpv4-sp/softfp\libc_nano.a(lib_a-findfp.o)
                0x00004a60                _cleanup_r
 .text.__sfmoreglue
                0x00004a6c       0x2c c:/siliconlabs/simplicitystudio/v5/developer/toolchains/gnu_arm/7.2_2017q4/bin/../lib/gcc/arm-none-eabi/7.2.1/../../../../arm-none-eabi/lib/thumb/v7e-m/fpv4-sp/softfp\libc_nano.a(lib_a-findfp.o)
                0x00004a6c                __sfmoreglue
 .text.__sinit  0x00004a98       0x60 c:/siliconlabs/simplicitystudio/v5/developer/toolchains/gnu_arm/7.2_2017q4/bin/../lib/gcc/arm-none-eabi/7.2.1/../../../../arm-none-eabi/lib/thumb/v7e-m/fpv4-sp/softfp\libc_nano.a(lib_a-findfp.o)
                0x00004a98                __sinit
 .text.__sfp    0x00004af8       0x78 c:/siliconlabs/simplicitystudio/v5/developer/toolchains/gnu_arm/7.2_2017q4/bin/../lib/gcc/arm-none-eabi/7.2.1/../../../../arm-none-eabi/lib/thumb/v7e-m/fpv4-sp/softfp\libc_nano.a(lib_a-findfp.o)
                0x00004af8                __sfp
 .text._fwalk_reent
                0x00004b70       0x3c c:/siliconlabs/simplicitystudio/v5/developer/toolchains/gnu_arm/7.2_2017q4/bin/../lib/gcc/arm-none-eabi/7.2.1/../../../../arm-none-eabi/lib/thumb/v7e-m/fpv4-sp/softfp\libc_nano.a(lib_a-fwalk.o)
                0x00004b70                _fwalk_reent
 .text.__locale_ctype_ptr_l
                0x00004bac        0x6 c:/siliconlabs/simplicitystudio/v5/developer/toolchains/gnu_arm/7.2_2017q4/bin/../lib/gcc/arm-none-eabi/7.2.1/../../../../arm-none-eabi/lib/thumb/v7e-m/fpv4-sp/softfp\libc_nano.a(lib_a-locale.o)
                0x00004bac                __locale_ctype_ptr_l
 .text.__swhatbuf_r
                0x00004bb2       0x48 c:/siliconlabs/simplicitystudio/v5/developer/toolchains/gnu_arm/7.2_2017q4/bin/../lib/gcc/arm-none-eabi/7.2.1/../../../../arm-none-eabi/lib/thumb/v7e-m/fpv4-sp/softfp\libc_nano.a(lib_a-makebuf.o)
                0x00004bb2                __swhatbuf_r
 *fill*         0x00004bfa        0x2 
 .text.__smakebuf_r
                0x00004bfc       0x80 c:/siliconlabs/simplicitystudio/v5/developer/toolchains/gnu_arm/7.2_2017q4/bin/../lib/gcc/arm-none-eabi/7.2.1/../../../../arm-none-eabi/lib/thumb/v7e-m/fpv4-sp/softfp\libc_nano.a(lib_a-makebuf.o)
                0x00004bfc                __smakebuf_r
 .text.malloc   0x00004c7c       0x10 c:/siliconlabs/simplicitystudio/v5/developer/toolchains/gnu_arm/7.2_2017q4/bin/../lib/gcc/arm-none-eabi/7.2.1/../../../../arm-none-eabi/lib/thumb/v7e-m/fpv4-sp/softfp\libc_nano.a(lib_a-malloc.o)
                0x00004c7c                malloc
 .text.__ascii_mbtowc
                0x00004c8c       0x24 c:/siliconlabs/simplicitystudio/v5/developer/toolchains/gnu_arm/7.2_2017q4/bin/../lib/gcc/arm-none-eabi/7.2.1/../../../../arm-none-eabi/lib/thumb/v7e-m/fpv4-sp/softfp\libc_nano.a(lib_a-mbtowc_r.o)
                0x00004c8c                __ascii_mbtowc
 .text          0x00004cb0       0xa0 c:/siliconlabs/simplicitystudio/v5/developer/toolchains/gnu_arm/7.2_2017q4/bin/../lib/gcc/arm-none-eabi/7.2.1/../../../../arm-none-eabi/lib/thumb/v7e-m/fpv4-sp/softfp\libc_nano.a(lib_a-memchr.o)
                0x00004cb0                memchr
 .text._free_r  0x00004d50       0x9c c:/siliconlabs/simplicitystudio/v5/developer/toolchains/gnu_arm/7.2_2017q4/bin/../lib/gcc/arm-none-eabi/7.2.1/../../../../arm-none-eabi/lib/thumb/v7e-m/fpv4-sp/softfp\libc_nano.a(lib_a-nano-freer.o)
                0x00004d50                _free_r
 .text._malloc_r
                0x00004dec       0xb4 c:/siliconlabs/simplicitystudio/v5/developer/toolchains/gnu_arm/7.2_2017q4/bin/../lib/gcc/arm-none-eabi/7.2.1/../../../../arm-none-eabi/lib/thumb/v7e-m/fpv4-sp/softfp\libc_nano.a(lib_a-nano-mallocr.o)
                0x00004dec                _malloc_r
 .text._sbrk_r  0x00004ea0       0x20 c:/siliconlabs/simplicitystudio/v5/developer/toolchains/gnu_arm/7.2_2017q4/bin/../lib/gcc/arm-none-eabi/7.2.1/../../../../arm-none-eabi/lib/thumb/v7e-m/fpv4-sp/softfp\libc_nano.a(lib_a-sbrkr.o)
                0x00004ea0                _sbrk_r
 .text._raise_r
                0x00004ec0       0x50 c:/siliconlabs/simplicitystudio/v5/developer/toolchains/gnu_arm/7.2_2017q4/bin/../lib/gcc/arm-none-eabi/7.2.1/../../../../arm-none-eabi/lib/thumb/v7e-m/fpv4-sp/softfp\libc_nano.a(lib_a-signal.o)
                0x00004ec0                _raise_r
 .text.raise    0x00004f10       0x10 c:/siliconlabs/simplicitystudio/v5/developer/toolchains/gnu_arm/7.2_2017q4/bin/../lib/gcc/arm-none-eabi/7.2.1/../../../../arm-none-eabi/lib/thumb/v7e-m/fpv4-sp/softfp\libc_nano.a(lib_a-signal.o)
                0x00004f10                raise
 .text._kill_r  0x00004f20       0x24 c:/siliconlabs/simplicitystudio/v5/developer/toolchains/gnu_arm/7.2_2017q4/bin/../lib/gcc/arm-none-eabi/7.2.1/../../../../arm-none-eabi/lib/thumb/v7e-m/fpv4-sp/softfp\libc_nano.a(lib_a-signalr.o)
                0x00004f20                _kill_r
 .text._getpid_r
                0x00004f44        0x4 c:/siliconlabs/simplicitystudio/v5/developer/toolchains/gnu_arm/7.2_2017q4/bin/../lib/gcc/arm-none-eabi/7.2.1/../../../../arm-none-eabi/lib/thumb/v7e-m/fpv4-sp/softfp\libc_nano.a(lib_a-signalr.o)
                0x00004f44                _getpid_r
 .text.__sread  0x00004f48       0x22 c:/siliconlabs/simplicitystudio/v5/developer/toolchains/gnu_arm/7.2_2017q4/bin/../lib/gcc/arm-none-eabi/7.2.1/../../../../arm-none-eabi/lib/thumb/v7e-m/fpv4-sp/softfp\libc_nano.a(lib_a-stdio.o)
                0x00004f48                __sread
 .text.__swrite
                0x00004f6a       0x38 c:/siliconlabs/simplicitystudio/v5/developer/toolchains/gnu_arm/7.2_2017q4/bin/../lib/gcc/arm-none-eabi/7.2.1/../../../../arm-none-eabi/lib/thumb/v7e-m/fpv4-sp/softfp\libc_nano.a(lib_a-stdio.o)
                0x00004f6a                __swrite
 .text.__sseek  0x00004fa2       0x24 c:/siliconlabs/simplicitystudio/v5/developer/toolchains/gnu_arm/7.2_2017q4/bin/../lib/gcc/arm-none-eabi/7.2.1/../../../../arm-none-eabi/lib/thumb/v7e-m/fpv4-sp/softfp\libc_nano.a(lib_a-stdio.o)
                0x00004fa2                __sseek
 .text.__sclose
                0x00004fc6        0x8 c:/siliconlabs/simplicitystudio/v5/developer/toolchains/gnu_arm/7.2_2017q4/bin/../lib/gcc/arm-none-eabi/7.2.1/../../../../arm-none-eabi/lib/thumb/v7e-m/fpv4-sp/softfp\libc_nano.a(lib_a-stdio.o)
                0x00004fc6                __sclose
 .text.__ascii_wctomb
                0x00004fce       0x1a c:/siliconlabs/simplicitystudio/v5/developer/toolchains/gnu_arm/7.2_2017q4/bin/../lib/gcc/arm-none-eabi/7.2.1/../../../../arm-none-eabi/lib/thumb/v7e-m/fpv4-sp/softfp\libc_nano.a(lib_a-wctomb_r.o)
                0x00004fce                __ascii_wctomb
 .text._write_r
                0x00004fe8       0x24 c:/siliconlabs/simplicitystudio/v5/developer/toolchains/gnu_arm/7.2_2017q4/bin/../lib/gcc/arm-none-eabi/7.2.1/../../../../arm-none-eabi/lib/thumb/v7e-m/fpv4-sp/softfp\libc_nano.a(lib_a-writer.o)
                0x00004fe8                _write_r
 .text._close_r
                0x0000500c       0x20 c:/siliconlabs/simplicitystudio/v5/developer/toolchains/gnu_arm/7.2_2017q4/bin/../lib/gcc/arm-none-eabi/7.2.1/../../../../arm-none-eabi/lib/thumb/v7e-m/fpv4-sp/softfp\libc_nano.a(lib_a-closer.o)
                0x0000500c                _close_r
 .text._fstat_r
                0x0000502c       0x24 c:/siliconlabs/simplicitystudio/v5/developer/toolchains/gnu_arm/7.2_2017q4/bin/../lib/gcc/arm-none-eabi/7.2.1/../../../../arm-none-eabi/lib/thumb/v7e-m/fpv4-sp/softfp\libc_nano.a(lib_a-fstatr.o)
                0x0000502c                _fstat_r
 .text._isatty_r
                0x00005050       0x20 c:/siliconlabs/simplicitystudio/v5/developer/toolchains/gnu_arm/7.2_2017q4/bin/../lib/gcc/arm-none-eabi/7.2.1/../../../../arm-none-eabi/lib/thumb/v7e-m/fpv4-sp/softfp\libc_nano.a(lib_a-isattyr.o)
                0x00005050                _isatty_r
 .text._lseek_r
                0x00005070       0x24 c:/siliconlabs/simplicitystudio/v5/developer/toolchains/gnu_arm/7.2_2017q4/bin/../lib/gcc/arm-none-eabi/7.2.1/../../../../arm-none-eabi/lib/thumb/v7e-m/fpv4-sp/softfp\libc_nano.a(lib_a-lseekr.o)
                0x00005070                _lseek_r
 .text.__malloc_lock
                0x00005094        0x2 c:/siliconlabs/simplicitystudio/v5/developer/toolchains/gnu_arm/7.2_2017q4/bin/../lib/gcc/arm-none-eabi/7.2.1/../../../../arm-none-eabi/lib/thumb/v7e-m/fpv4-sp/softfp\libc_nano.a(lib_a-mlock.o)
                0x00005094                __malloc_lock
 .text.__malloc_unlock
                0x00005096        0x2 c:/siliconlabs/simplicitystudio/v5/developer/toolchains/gnu_arm/7.2_2017q4/bin/../lib/gcc/arm-none-eabi/7.2.1/../../../../arm-none-eabi/lib/thumb/v7e-m/fpv4-sp/softfp\libc_nano.a(lib_a-mlock.o)
                0x00005096                __malloc_unlock
 .text._read_r  0x00005098       0x24 c:/siliconlabs/simplicitystudio/v5/developer/toolchains/gnu_arm/7.2_2017q4/bin/../lib/gcc/arm-none-eabi/7.2.1/../../../../arm-none-eabi/lib/thumb/v7e-m/fpv4-sp/softfp\libc_nano.a(lib_a-readr.o)
                0x00005098                _read_r
 *(.init)
 .init          0x000050bc        0x4 c:/siliconlabs/simplicitystudio/v5/developer/toolchains/gnu_arm/7.2_2017q4/bin/../lib/gcc/arm-none-eabi/7.2.1/thumb/v7e-m/fpv4-sp/softfp/crti.o
                0x000050bc                _init
 .init          0x000050c0        0x8 c:/siliconlabs/simplicitystudio/v5/developer/toolchains/gnu_arm/7.2_2017q4/bin/../lib/gcc/arm-none-eabi/7.2.1/thumb/v7e-m/fpv4-sp/softfp/crtn.o
 *(.fini)
 .fini          0x000050c8        0x4 c:/siliconlabs/simplicitystudio/v5/developer/toolchains/gnu_arm/7.2_2017q4/bin/../lib/gcc/arm-none-eabi/7.2.1/thumb/v7e-m/fpv4-sp/softfp/crti.o
                0x000050c8                _fini
 .fini          0x000050cc        0x8 c:/siliconlabs/simplicitystudio/v5/developer/toolchains/gnu_arm/7.2_2017q4/bin/../lib/gcc/arm-none-eabi/7.2.1/thumb/v7e-m/fpv4-sp/softfp/crtn.o
 *crtbegin.o(.ctors)
 *crtbegin?.o(.ctors)
 *(EXCLUDE_FILE(*crtend.o *crtend?.o) .ctors)
 *(SORT_BY_NAME(.ctors.*))
 *(.ctors)
 *crtbegin.o(.dtors)
 *crtbegin?.o(.dtors)
 *(EXCLUDE_FILE(*crtend.o *crtend?.o) .dtors)
 *(SORT_BY_NAME(.dtors.*))
 *(.dtors)
 *(.rodata*)
 .rodata.flashWsTable
                0x000050d4       0x28 ./emlib/em_cmu.o
 .rodata        0x000050fc       0x52 ./event/event_control.o
 *fill*         0x0000514e        0x2 
 .rodata        0x00005150       0x45 ./led/led_control.o
 *fill*         0x00005195        0x3 
 .rodata.__func__.8244
                0x00005198       0x10 ./led/led_control.o
 .rodata        0x000051a8       0x1c ./serial/retargetserial.o
 .rodata        0x000051c4       0x53 ./src/main.o
 *fill*         0x00005217        0x1 
 .rodata.__func__.9068
                0x00005218        0x5 ./src/main.o
 .rodata.__assert_func.str1.1
                0x0000521d       0x3c c:/siliconlabs/simplicitystudio/v5/developer/toolchains/gnu_arm/7.2_2017q4/bin/../lib/gcc/arm-none-eabi/7.2.1/../../../../arm-none-eabi/lib/thumb/v7e-m/fpv4-sp/softfp\libc_nano.a(lib_a-assert.o)
                                 0x3d (size before relaxing)
 *fill*         0x00005259        0x3 
 .rodata._global_impure_ptr
                0x0000525c        0x4 c:/siliconlabs/simplicitystudio/v5/developer/toolchains/gnu_arm/7.2_2017q4/bin/../lib/gcc/arm-none-eabi/7.2.1/../../../../arm-none-eabi/lib/thumb/v7e-m/fpv4-sp/softfp\libc_nano.a(lib_a-impure.o)
                0x0000525c                _global_impure_ptr
 .rodata._vfprintf_r.str1.1
                0x00005260       0x11 c:/siliconlabs/simplicitystudio/v5/developer/toolchains/gnu_arm/7.2_2017q4/bin/../lib/gcc/arm-none-eabi/7.2.1/../../../../arm-none-eabi/lib/thumb/v7e-m/fpv4-sp/softfp\libc_nano.a(lib_a-nano-vfprintf.o)
 .rodata._printf_i.str1.1
                0x00005271       0x22 c:/siliconlabs/simplicitystudio/v5/developer/toolchains/gnu_arm/7.2_2017q4/bin/../lib/gcc/arm-none-eabi/7.2.1/../../../../arm-none-eabi/lib/thumb/v7e-m/fpv4-sp/softfp\libc_nano.a(lib_a-nano-vfprintf_i.o)
 *fill*         0x00005293        0x1 
 .rodata.__sf_fake_stderr
                0x00005294       0x20 c:/siliconlabs/simplicitystudio/v5/developer/toolchains/gnu_arm/7.2_2017q4/bin/../lib/gcc/arm-none-eabi/7.2.1/../../../../arm-none-eabi/lib/thumb/v7e-m/fpv4-sp/softfp\libc_nano.a(lib_a-findfp.o)
                0x00005294                __sf_fake_stderr
 .rodata.__sf_fake_stdin
                0x000052b4       0x20 c:/siliconlabs/simplicitystudio/v5/developer/toolchains/gnu_arm/7.2_2017q4/bin/../lib/gcc/arm-none-eabi/7.2.1/../../../../arm-none-eabi/lib/thumb/v7e-m/fpv4-sp/softfp\libc_nano.a(lib_a-findfp.o)
                0x000052b4                __sf_fake_stdin
 .rodata.__sf_fake_stdout
                0x000052d4       0x20 c:/siliconlabs/simplicitystudio/v5/developer/toolchains/gnu_arm/7.2_2017q4/bin/../lib/gcc/arm-none-eabi/7.2.1/../../../../arm-none-eabi/lib/thumb/v7e-m/fpv4-sp/softfp\libc_nano.a(lib_a-findfp.o)
                0x000052d4                __sf_fake_stdout
 .rodata._setlocale_r.str1.1
                0x000052f4        0x8 c:/siliconlabs/simplicitystudio/v5/developer/toolchains/gnu_arm/7.2_2017q4/bin/../lib/gcc/arm-none-eabi/7.2.1/../../../../arm-none-eabi/lib/thumb/v7e-m/fpv4-sp/softfp\libc_nano.a(lib_a-locale.o)
                                  0x9 (size before relaxing)
 .rodata.str1.1
                0x000052fc        0x2 c:/siliconlabs/simplicitystudio/v5/developer/toolchains/gnu_arm/7.2_2017q4/bin/../lib/gcc/arm-none-eabi/7.2.1/../../../../arm-none-eabi/lib/thumb/v7e-m/fpv4-sp/softfp\libc_nano.a(lib_a-locale.o)
 .rodata._ctype_
                0x000052fe      0x101 c:/siliconlabs/simplicitystudio/v5/developer/toolchains/gnu_arm/7.2_2017q4/bin/../lib/gcc/arm-none-eabi/7.2.1/../../../../arm-none-eabi/lib/thumb/v7e-m/fpv4-sp/softfp\libc_nano.a(lib_a-ctype_.o)
                0x000052fe                _ctype_
 *(.eh_frame*)
 *fill*         0x000053ff        0x1 
 .eh_frame      0x00005400        0x0 c:/siliconlabs/simplicitystudio/v5/developer/toolchains/gnu_arm/7.2_2017q4/bin/../lib/gcc/arm-none-eabi/7.2.1/thumb/v7e-m/fpv4-sp/softfp/crtbegin.o
 .eh_frame      0x00005400        0x4 c:/siliconlabs/simplicitystudio/v5/developer/toolchains/gnu_arm/7.2_2017q4/bin/../lib/gcc/arm-none-eabi/7.2.1/thumb/v7e-m/fpv4-sp/softfp/crtend.o

.glue_7         0x00005404        0x0
 .glue_7        0x00005404        0x0 linker stubs

.glue_7t        0x00005404        0x0
 .glue_7t       0x00005404        0x0 linker stubs

.vfp11_veneer   0x00005404        0x0
 .vfp11_veneer  0x00005404        0x0 linker stubs

.v4_bx          0x00005404        0x0
 .v4_bx         0x00005404        0x0 linker stubs

.iplt           0x00005404        0x0
 .iplt          0x00005404        0x0 c:/siliconlabs/simplicitystudio/v5/developer/toolchains/gnu_arm/7.2_2017q4/bin/../lib/gcc/arm-none-eabi/7.2.1/thumb/v7e-m/fpv4-sp/softfp/crtbegin.o

.ARM.extab
 *(.ARM.extab* .gnu.linkonce.armextab.*)
                0x00005404                __exidx_start = .

.ARM.exidx      0x00005404        0x8
 *(.ARM.exidx* .gnu.linkonce.armexidx.*)
 .ARM.exidx     0x00005404        0x8 c:/siliconlabs/simplicitystudio/v5/developer/toolchains/gnu_arm/7.2_2017q4/bin/../lib/gcc/arm-none-eabi/7.2.1/../../../../arm-none-eabi/lib/thumb/v7e-m/fpv4-sp/softfp/crt0.o
                0x0000540c                __exidx_end = .
                0x0000540c                __etext = .

.rel.dyn        0x0000540c        0x0
 .rel.iplt      0x0000540c        0x0 c:/siliconlabs/simplicitystudio/v5/developer/toolchains/gnu_arm/7.2_2017q4/bin/../lib/gcc/arm-none-eabi/7.2.1/thumb/v7e-m/fpv4-sp/softfp/crtbegin.o

.data           0x20000000      0x1ec load address 0x0000540c
                0x20000000                __data_start__ = .
 *(vtable)
 *(.data*)
 .data.SystemHFXOClock
                0x20000000        0x4 ./CMSIS/EFR32MG12P/system_efr32mg12p.o
 .data.SystemLFXOClock
                0x20000004        0x4 ./CMSIS/EFR32MG12P/system_efr32mg12p.o
 .data.SystemCoreClock
                0x20000008        0x4 ./CMSIS/EFR32MG12P/system_efr32mg12p.o
                0x20000008                SystemCoreClock
 .data.SystemHfrcoFreq
                0x2000000c        0x4 ./CMSIS/EFR32MG12P/system_efr32mg12p.o
                0x2000000c                SystemHfrcoFreq
 .data.auxHfrcoFreq
                0x20000010        0x4 ./emlib/em_cmu.o
 .data._impure_ptr
                0x20000014        0x4 c:/siliconlabs/simplicitystudio/v5/developer/toolchains/gnu_arm/7.2_2017q4/bin/../lib/gcc/arm-none-eabi/7.2.1/../../../../arm-none-eabi/lib/thumb/v7e-m/fpv4-sp/softfp\libc_nano.a(lib_a-impure.o)
                0x20000014                _impure_ptr
 .data.impure_data
                0x20000018       0x60 c:/siliconlabs/simplicitystudio/v5/developer/toolchains/gnu_arm/7.2_2017q4/bin/../lib/gcc/arm-none-eabi/7.2.1/../../../../arm-none-eabi/lib/thumb/v7e-m/fpv4-sp/softfp\libc_nano.a(lib_a-impure.o)
 .data.__global_locale
                0x20000078      0x16c c:/siliconlabs/simplicitystudio/v5/developer/toolchains/gnu_arm/7.2_2017q4/bin/../lib/gcc/arm-none-eabi/7.2.1/../../../../arm-none-eabi/lib/thumb/v7e-m/fpv4-sp/softfp\libc_nano.a(lib_a-locale.o)
                0x20000078                __global_locale
                0x200001e4                . = ALIGN (0x4)
                [!provide]                PROVIDE (__ram_func_section_start, .)
 *(.ram)
                [!provide]                PROVIDE (__ram_func_section_end, .)
                0x200001e4                . = ALIGN (0x4)
                0x200001e4                PROVIDE (__preinit_array_start, .)
 *(.preinit_array)
                0x200001e4                PROVIDE (__preinit_array_end, .)
                0x200001e4                . = ALIGN (0x4)
                0x200001e4                PROVIDE (__init_array_start, .)
 *(SORT_BY_NAME(.init_array.*))
 *(.init_array)
 .init_array    0x200001e4        0x4 c:/siliconlabs/simplicitystudio/v5/developer/toolchains/gnu_arm/7.2_2017q4/bin/../lib/gcc/arm-none-eabi/7.2.1/thumb/v7e-m/fpv4-sp/softfp/crtbegin.o
                0x200001e8                PROVIDE (__init_array_end, .)
                0x200001e8                . = ALIGN (0x4)
                [!provide]                PROVIDE (__fini_array_start, .)
 *(SORT_BY_NAME(.fini_array.*))
 *(.fini_array)
 .fini_array    0x200001e8        0x4 c:/siliconlabs/simplicitystudio/v5/developer/toolchains/gnu_arm/7.2_2017q4/bin/../lib/gcc/arm-none-eabi/7.2.1/thumb/v7e-m/fpv4-sp/softfp/crtbegin.o
                [!provide]                PROVIDE (__fini_array_end, .)
 *(.jcr*)
                0x200001ec                . = ALIGN (0x4)
                0x200001ec                __data_end__ = .

.igot.plt       0x200001ec        0x0 load address 0x000055f8
 .igot.plt      0x200001ec        0x0 c:/siliconlabs/simplicitystudio/v5/developer/toolchains/gnu_arm/7.2_2017q4/bin/../lib/gcc/arm-none-eabi/7.2.1/thumb/v7e-m/fpv4-sp/softfp/crtbegin.o

.bss            0x200001ec       0x68 load address 0x000055f8
                0x200001ec                . = ALIGN (0x4)
                0x200001ec                __bss_start__ = .
 *(.bss*)
 .bss           0x200001ec       0x1c c:/siliconlabs/simplicitystudio/v5/developer/toolchains/gnu_arm/7.2_2017q4/bin/../lib/gcc/arm-none-eabi/7.2.1/thumb/v7e-m/fpv4-sp/softfp/crtbegin.o
 .bss.IntFlag   0x20000208        0x4 ./button/button_control.o
 .bss.dcdcMaxCurrent_mA
                0x2000020c        0x2 ./emlib/em_emu.o
 .bss.dcdcEm01LoadCurrent_mA
                0x2000020e        0x2 ./emlib/em_emu.o
 .bss.dcdcReverseCurrentControl
                0x20000210        0x2 ./emlib/em_emu.o
 *fill*         0x20000212        0x2 
 .bss.vScaleEM01Config
                0x20000214        0x1 ./emlib/em_emu.o
 *fill*         0x20000215        0x3 
 .bss.msTicks   0x20000218        0x4 ./event/event_control.o
                0x20000218                msTicks
 .bss.secTicks  0x2000021c        0x4 ./event/event_control.o
                0x2000021c                secTicks
 .bss.currTick  0x20000220        0x4 ./event/event_handler.o
 .bss.prevTick  0x20000224        0x4 ./event/event_handler.o
 .bss.n         0x20000228        0x1 ./led/led_control.o
 *fill*         0x20000229        0x3 
 .bss.heap_end.8155
                0x2000022c        0x4 ./serial/retargetio.o
 .bss.rxReadIndex
                0x20000230        0x4 ./serial/retargetserial.o
 .bss.rxWriteIndex
                0x20000234        0x4 ./serial/retargetserial.o
 .bss.rxCount   0x20000238        0x4 ./serial/retargetserial.o
 .bss.rxBuffer  0x2000023c        0x8 ./serial/retargetserial.o
 .bss.LFtoCRLF  0x20000244        0x1 ./serial/retargetserial.o
 .bss.initialized
                0x20000245        0x1 ./serial/retargetserial.o
 *fill*         0x20000246        0x2 
 .bss.__malloc_free_list
                0x20000248        0x4 c:/siliconlabs/simplicitystudio/v5/developer/toolchains/gnu_arm/7.2_2017q4/bin/../lib/gcc/arm-none-eabi/7.2.1/../../../../arm-none-eabi/lib/thumb/v7e-m/fpv4-sp/softfp\libc_nano.a(lib_a-nano-mallocr.o)
                0x20000248                __malloc_free_list
 .bss.__malloc_sbrk_start
                0x2000024c        0x4 c:/siliconlabs/simplicitystudio/v5/developer/toolchains/gnu_arm/7.2_2017q4/bin/../lib/gcc/arm-none-eabi/7.2.1/../../../../arm-none-eabi/lib/thumb/v7e-m/fpv4-sp/softfp\libc_nano.a(lib_a-nano-mallocr.o)
                0x2000024c                __malloc_sbrk_start
 *(COMMON)
 COMMON         0x20000250        0x4 c:/siliconlabs/simplicitystudio/v5/developer/toolchains/gnu_arm/7.2_2017q4/bin/../lib/gcc/arm-none-eabi/7.2.1/../../../../arm-none-eabi/lib/thumb/v7e-m/fpv4-sp/softfp\libc_nano.a(lib_a-reent.o)
                0x20000250                errno
                0x20000254                . = ALIGN (0x4)
                0x20000254                __bss_end__ = .

.heap           0x20000258      0xc00
                0x20000258                __HeapBase = .
                0x20000258                __end__ = .
                0x20000258                end = __end__
                0x20000258                _end = __end__
 *(.heap*)
 .heap          0x20000258      0xc00 ./CMSIS/EFR32MG12P/startup_efr32mg12p.o
                0x20000e58                __HeapLimit = .

.stack_dummy    0x20000258      0x400
 *(.stack*)
 .stack         0x20000258      0x400 ./CMSIS/EFR32MG12P/startup_efr32mg12p.o
                0x20040000                __StackTop = (ORIGIN (RAM) + LENGTH (RAM))
                0x2003fc00                __StackLimit = (__StackTop - SIZEOF (.stack_dummy))
                0x20040000                PROVIDE (__stack, __StackTop)
                0x00000001                ASSERT ((__StackLimit >= __HeapLimit), region RAM overflowed with stack)
                0x00000001                ASSERT ((LENGTH (FLASH) >= (__etext + SIZEOF (.data))), FLASH memory overflowed !)
OUTPUT(LedClockApplication.axf elf32-littlearm)

.ARM.attributes
                0x00000000       0x2e
 .ARM.attributes
                0x00000000       0x22 c:/siliconlabs/simplicitystudio/v5/developer/toolchains/gnu_arm/7.2_2017q4/bin/../lib/gcc/arm-none-eabi/7.2.1/thumb/v7e-m/fpv4-sp/softfp/crti.o
 .ARM.attributes
                0x00000022       0x32 c:/siliconlabs/simplicitystudio/v5/developer/toolchains/gnu_arm/7.2_2017q4/bin/../lib/gcc/arm-none-eabi/7.2.1/thumb/v7e-m/fpv4-sp/softfp/crtbegin.o
 .ARM.attributes
                0x00000054       0x20 c:/siliconlabs/simplicitystudio/v5/developer/toolchains/gnu_arm/7.2_2017q4/bin/../lib/gcc/arm-none-eabi/7.2.1/../../../../arm-none-eabi/lib/thumb/v7e-m/fpv4-sp/softfp/crt0.o
 .ARM.attributes
                0x00000074       0x1f ./CMSIS/EFR32MG12P/startup_efr32mg12p.o
 .ARM.attributes
                0x00000093       0x37 ./CMSIS/EFR32MG12P/system_efr32mg12p.o
 .ARM.attributes
                0x000000ca       0x37 ./button/button_control.o
 .ARM.attributes
                0x00000101       0x37 ./button/button_handler.o
 .ARM.attributes
                0x00000138       0x37 ./emlib/em_cmu.o
 .ARM.attributes
                0x0000016f       0x37 ./emlib/em_core.o
 .ARM.attributes
                0x000001a6       0x37 ./emlib/em_emu.o
 .ARM.attributes
                0x000001dd       0x37 ./emlib/em_gpio.o
 .ARM.attributes
                0x00000214       0x37 ./emlib/em_rtcc.o
 .ARM.attributes
                0x0000024b       0x37 ./emlib/em_usart.o
 .ARM.attributes
                0x00000282       0x37 ./event/event_control.o
 .ARM.attributes
                0x000002b9       0x37 ./event/event_handler.o
 .ARM.attributes
                0x000002f0       0x37 ./illum/illum_handler.o
 .ARM.attributes
                0x00000327       0x37 ./led/led_control.o
 .ARM.attributes
                0x0000035e       0x37 ./led/led_handler.o
 .ARM.attributes
                0x00000395       0x37 ./serial/retargetio.o
 .ARM.attributes
                0x000003cc       0x37 ./serial/retargetserial.o
 .ARM.attributes
                0x00000403       0x37 ./src/app.o
 .ARM.attributes
                0x0000043a       0x37 ./src/main.o
 .ARM.attributes
                0x00000471       0x32 c:/siliconlabs/simplicitystudio/v5/developer/toolchains/gnu_arm/7.2_2017q4/bin/../lib/gcc/arm-none-eabi/7.2.1/../../../../arm-none-eabi/lib/thumb/v7e-m/fpv4-sp/softfp\libc_nano.a(lib_a-assert.o)
 .ARM.attributes
                0x000004a3       0x32 c:/siliconlabs/simplicitystudio/v5/developer/toolchains/gnu_arm/7.2_2017q4/bin/../lib/gcc/arm-none-eabi/7.2.1/../../../../arm-none-eabi/lib/thumb/v7e-m/fpv4-sp/softfp\libc_nano.a(lib_a-exit.o)
 .ARM.attributes
                0x000004d5       0x32 c:/siliconlabs/simplicitystudio/v5/developer/toolchains/gnu_arm/7.2_2017q4/bin/../lib/gcc/arm-none-eabi/7.2.1/../../../../arm-none-eabi/lib/thumb/v7e-m/fpv4-sp/softfp\libc_nano.a(lib_a-fprintf.o)
 .ARM.attributes
                0x00000507       0x32 c:/siliconlabs/simplicitystudio/v5/developer/toolchains/gnu_arm/7.2_2017q4/bin/../lib/gcc/arm-none-eabi/7.2.1/../../../../arm-none-eabi/lib/thumb/v7e-m/fpv4-sp/softfp\libc_nano.a(lib_a-impure.o)
 .ARM.attributes
                0x00000539       0x32 c:/siliconlabs/simplicitystudio/v5/developer/toolchains/gnu_arm/7.2_2017q4/bin/../lib/gcc/arm-none-eabi/7.2.1/../../../../arm-none-eabi/lib/thumb/v7e-m/fpv4-sp/softfp\libc_nano.a(lib_a-init.o)
 .ARM.attributes
                0x0000056b       0x32 c:/siliconlabs/simplicitystudio/v5/developer/toolchains/gnu_arm/7.2_2017q4/bin/../lib/gcc/arm-none-eabi/7.2.1/../../../../arm-none-eabi/lib/thumb/v7e-m/fpv4-sp/softfp\libc_nano.a(lib_a-memset.o)
 .ARM.attributes
                0x0000059d       0x32 c:/siliconlabs/simplicitystudio/v5/developer/toolchains/gnu_arm/7.2_2017q4/bin/../lib/gcc/arm-none-eabi/7.2.1/../../../../arm-none-eabi/lib/thumb/v7e-m/fpv4-sp/softfp\libc_nano.a(lib_a-nano-vfprintf.o)
 .ARM.attributes
                0x000005cf       0x32 c:/siliconlabs/simplicitystudio/v5/developer/toolchains/gnu_arm/7.2_2017q4/bin/../lib/gcc/arm-none-eabi/7.2.1/../../../../arm-none-eabi/lib/thumb/v7e-m/fpv4-sp/softfp\libc_nano.a(lib_a-nano-vfprintf_i.o)
 .ARM.attributes
                0x00000601       0x32 c:/siliconlabs/simplicitystudio/v5/developer/toolchains/gnu_arm/7.2_2017q4/bin/../lib/gcc/arm-none-eabi/7.2.1/../../../../arm-none-eabi/lib/thumb/v7e-m/fpv4-sp/softfp\libc_nano.a(lib_a-printf.o)
 .ARM.attributes
                0x00000633       0x32 c:/siliconlabs/simplicitystudio/v5/developer/toolchains/gnu_arm/7.2_2017q4/bin/../lib/gcc/arm-none-eabi/7.2.1/../../../../arm-none-eabi/lib/thumb/v7e-m/fpv4-sp/softfp\libc_nano.a(lib_a-setvbuf.o)
 .ARM.attributes
                0x00000665       0x32 c:/siliconlabs/simplicitystudio/v5/developer/toolchains/gnu_arm/7.2_2017q4/bin/../lib/gcc/arm-none-eabi/7.2.1/../../../../arm-none-eabi/lib/thumb/v7e-m/fpv4-sp/softfp\libc_nano.a(lib_a-strtol.o)
 .ARM.attributes
                0x00000697       0x32 c:/siliconlabs/simplicitystudio/v5/developer/toolchains/gnu_arm/7.2_2017q4/bin/../lib/gcc/arm-none-eabi/7.2.1/../../../../arm-none-eabi/lib/thumb/v7e-m/fpv4-sp/softfp\libc_nano.a(lib_a-wbuf.o)
 .ARM.attributes
                0x000006c9       0x32 c:/siliconlabs/simplicitystudio/v5/developer/toolchains/gnu_arm/7.2_2017q4/bin/../lib/gcc/arm-none-eabi/7.2.1/../../../../arm-none-eabi/lib/thumb/v7e-m/fpv4-sp/softfp\libc_nano.a(lib_a-wsetup.o)
 .ARM.attributes
                0x000006fb       0x32 c:/siliconlabs/simplicitystudio/v5/developer/toolchains/gnu_arm/7.2_2017q4/bin/../lib/gcc/arm-none-eabi/7.2.1/../../../../arm-none-eabi/lib/thumb/v7e-m/fpv4-sp/softfp\libc_nano.a(lib_a-abort.o)
 .ARM.attributes
                0x0000072d       0x32 c:/siliconlabs/simplicitystudio/v5/developer/toolchains/gnu_arm/7.2_2017q4/bin/../lib/gcc/arm-none-eabi/7.2.1/../../../../arm-none-eabi/lib/thumb/v7e-m/fpv4-sp/softfp\libc_nano.a(lib_a-fflush.o)
 .ARM.attributes
                0x0000075f       0x32 c:/siliconlabs/simplicitystudio/v5/developer/toolchains/gnu_arm/7.2_2017q4/bin/../lib/gcc/arm-none-eabi/7.2.1/../../../../arm-none-eabi/lib/thumb/v7e-m/fpv4-sp/softfp\libc_nano.a(lib_a-findfp.o)
 .ARM.attributes
                0x00000791       0x32 c:/siliconlabs/simplicitystudio/v5/developer/toolchains/gnu_arm/7.2_2017q4/bin/../lib/gcc/arm-none-eabi/7.2.1/../../../../arm-none-eabi/lib/thumb/v7e-m/fpv4-sp/softfp\libc_nano.a(lib_a-fwalk.o)
 .ARM.attributes
                0x000007c3       0x32 c:/siliconlabs/simplicitystudio/v5/developer/toolchains/gnu_arm/7.2_2017q4/bin/../lib/gcc/arm-none-eabi/7.2.1/../../../../arm-none-eabi/lib/thumb/v7e-m/fpv4-sp/softfp\libc_nano.a(lib_a-locale.o)
 .ARM.attributes
                0x000007f5       0x32 c:/siliconlabs/simplicitystudio/v5/developer/toolchains/gnu_arm/7.2_2017q4/bin/../lib/gcc/arm-none-eabi/7.2.1/../../../../arm-none-eabi/lib/thumb/v7e-m/fpv4-sp/softfp\libc_nano.a(lib_a-makebuf.o)
 .ARM.attributes
                0x00000827       0x32 c:/siliconlabs/simplicitystudio/v5/developer/toolchains/gnu_arm/7.2_2017q4/bin/../lib/gcc/arm-none-eabi/7.2.1/../../../../arm-none-eabi/lib/thumb/v7e-m/fpv4-sp/softfp\libc_nano.a(lib_a-malloc.o)
 .ARM.attributes
                0x00000859       0x32 c:/siliconlabs/simplicitystudio/v5/developer/toolchains/gnu_arm/7.2_2017q4/bin/../lib/gcc/arm-none-eabi/7.2.1/../../../../arm-none-eabi/lib/thumb/v7e-m/fpv4-sp/softfp\libc_nano.a(lib_a-mbtowc_r.o)
 .ARM.attributes
                0x0000088b       0x20 c:/siliconlabs/simplicitystudio/v5/developer/toolchains/gnu_arm/7.2_2017q4/bin/../lib/gcc/arm-none-eabi/7.2.1/../../../../arm-none-eabi/lib/thumb/v7e-m/fpv4-sp/softfp\libc_nano.a(lib_a-memchr.o)
 .ARM.attributes
                0x000008ab       0x32 c:/siliconlabs/simplicitystudio/v5/developer/toolchains/gnu_arm/7.2_2017q4/bin/../lib/gcc/arm-none-eabi/7.2.1/../../../../arm-none-eabi/lib/thumb/v7e-m/fpv4-sp/softfp\libc_nano.a(lib_a-nano-freer.o)
 .ARM.attributes
                0x000008dd       0x32 c:/siliconlabs/simplicitystudio/v5/developer/toolchains/gnu_arm/7.2_2017q4/bin/../lib/gcc/arm-none-eabi/7.2.1/../../../../arm-none-eabi/lib/thumb/v7e-m/fpv4-sp/softfp\libc_nano.a(lib_a-nano-mallocr.o)
 .ARM.attributes
                0x0000090f       0x32 c:/siliconlabs/simplicitystudio/v5/developer/toolchains/gnu_arm/7.2_2017q4/bin/../lib/gcc/arm-none-eabi/7.2.1/../../../../arm-none-eabi/lib/thumb/v7e-m/fpv4-sp/softfp\libc_nano.a(lib_a-sbrkr.o)
 .ARM.attributes
                0x00000941       0x32 c:/siliconlabs/simplicitystudio/v5/developer/toolchains/gnu_arm/7.2_2017q4/bin/../lib/gcc/arm-none-eabi/7.2.1/../../../../arm-none-eabi/lib/thumb/v7e-m/fpv4-sp/softfp\libc_nano.a(lib_a-signal.o)
 .ARM.attributes
                0x00000973       0x32 c:/siliconlabs/simplicitystudio/v5/developer/toolchains/gnu_arm/7.2_2017q4/bin/../lib/gcc/arm-none-eabi/7.2.1/../../../../arm-none-eabi/lib/thumb/v7e-m/fpv4-sp/softfp\libc_nano.a(lib_a-signalr.o)
 .ARM.attributes
                0x000009a5       0x32 c:/siliconlabs/simplicitystudio/v5/developer/toolchains/gnu_arm/7.2_2017q4/bin/../lib/gcc/arm-none-eabi/7.2.1/../../../../arm-none-eabi/lib/thumb/v7e-m/fpv4-sp/softfp\libc_nano.a(lib_a-stdio.o)
 .ARM.attributes
                0x000009d7       0x32 c:/siliconlabs/simplicitystudio/v5/developer/toolchains/gnu_arm/7.2_2017q4/bin/../lib/gcc/arm-none-eabi/7.2.1/../../../../arm-none-eabi/lib/thumb/v7e-m/fpv4-sp/softfp\libc_nano.a(lib_a-wctomb_r.o)
 .ARM.attributes
                0x00000a09       0x32 c:/siliconlabs/simplicitystudio/v5/developer/toolchains/gnu_arm/7.2_2017q4/bin/../lib/gcc/arm-none-eabi/7.2.1/../../../../arm-none-eabi/lib/thumb/v7e-m/fpv4-sp/softfp\libc_nano.a(lib_a-writer.o)
 .ARM.attributes
                0x00000a3b       0x32 c:/siliconlabs/simplicitystudio/v5/developer/toolchains/gnu_arm/7.2_2017q4/bin/../lib/gcc/arm-none-eabi/7.2.1/../../../../arm-none-eabi/lib/thumb/v7e-m/fpv4-sp/softfp\libc_nano.a(lib_a-closer.o)
 .ARM.attributes
                0x00000a6d       0x32 c:/siliconlabs/simplicitystudio/v5/developer/toolchains/gnu_arm/7.2_2017q4/bin/../lib/gcc/arm-none-eabi/7.2.1/../../../../arm-none-eabi/lib/thumb/v7e-m/fpv4-sp/softfp\libc_nano.a(lib_a-ctype_.o)
 .ARM.attributes
                0x00000a9f       0x32 c:/siliconlabs/simplicitystudio/v5/developer/toolchains/gnu_arm/7.2_2017q4/bin/../lib/gcc/arm-none-eabi/7.2.1/../../../../arm-none-eabi/lib/thumb/v7e-m/fpv4-sp/softfp\libc_nano.a(lib_a-fstatr.o)
 .ARM.attributes
                0x00000ad1       0x32 c:/siliconlabs/simplicitystudio/v5/developer/toolchains/gnu_arm/7.2_2017q4/bin/../lib/gcc/arm-none-eabi/7.2.1/../../../../arm-none-eabi/lib/thumb/v7e-m/fpv4-sp/softfp\libc_nano.a(lib_a-isattyr.o)
 .ARM.attributes
                0x00000b03       0x32 c:/siliconlabs/simplicitystudio/v5/developer/toolchains/gnu_arm/7.2_2017q4/bin/../lib/gcc/arm-none-eabi/7.2.1/../../../../arm-none-eabi/lib/thumb/v7e-m/fpv4-sp/softfp\libc_nano.a(lib_a-lseekr.o)
 .ARM.attributes
                0x00000b35       0x32 c:/siliconlabs/simplicitystudio/v5/developer/toolchains/gnu_arm/7.2_2017q4/bin/../lib/gcc/arm-none-eabi/7.2.1/../../../../arm-none-eabi/lib/thumb/v7e-m/fpv4-sp/softfp\libc_nano.a(lib_a-mlock.o)
 .ARM.attributes
                0x00000b67       0x32 c:/siliconlabs/simplicitystudio/v5/developer/toolchains/gnu_arm/7.2_2017q4/bin/../lib/gcc/arm-none-eabi/7.2.1/../../../../arm-none-eabi/lib/thumb/v7e-m/fpv4-sp/softfp\libc_nano.a(lib_a-readr.o)
 .ARM.attributes
                0x00000b99       0x32 c:/siliconlabs/simplicitystudio/v5/developer/toolchains/gnu_arm/7.2_2017q4/bin/../lib/gcc/arm-none-eabi/7.2.1/../../../../arm-none-eabi/lib/thumb/v7e-m/fpv4-sp/softfp\libc_nano.a(lib_a-reent.o)
 .ARM.attributes
                0x00000bcb       0x32 c:/siliconlabs/simplicitystudio/v5/developer/toolchains/gnu_arm/7.2_2017q4/bin/../lib/gcc/arm-none-eabi/7.2.1/thumb/v7e-m/fpv4-sp/softfp/crtend.o
 .ARM.attributes
                0x00000bfd       0x22 c:/siliconlabs/simplicitystudio/v5/developer/toolchains/gnu_arm/7.2_2017q4/bin/../lib/gcc/arm-none-eabi/7.2.1/thumb/v7e-m/fpv4-sp/softfp/crtn.o

.comment        0x00000000       0x7e
 .comment       0x00000000       0x7e ./CMSIS/EFR32MG12P/system_efr32mg12p.o
                                 0x7f (size before relaxing)
 .comment       0x0000007e       0x7f ./button/button_control.o
 .comment       0x0000007e       0x7f ./button/button_handler.o
 .comment       0x0000007e       0x7f ./emlib/em_cmu.o
 .comment       0x0000007e       0x7f ./emlib/em_core.o
 .comment       0x0000007e       0x7f ./emlib/em_emu.o
 .comment       0x0000007e       0x7f ./emlib/em_gpio.o
 .comment       0x0000007e       0x7f ./emlib/em_rtcc.o
 .comment       0x0000007e       0x7f ./emlib/em_usart.o
 .comment       0x0000007e       0x7f ./event/event_control.o
 .comment       0x0000007e       0x7f ./event/event_handler.o
 .comment       0x0000007e       0x7f ./illum/illum_handler.o
 .comment       0x0000007e       0x7f ./led/led_control.o
 .comment       0x0000007e       0x7f ./led/led_handler.o
 .comment       0x0000007e       0x7f ./serial/retargetio.o
 .comment       0x0000007e       0x7f ./serial/retargetserial.o
 .comment       0x0000007e       0x7f ./src/app.o
 .comment       0x0000007e       0x7f ./src/main.o

.debug_line     0x00000000     0xc31e
 .debug_line    0x00000000       0xd9 ./CMSIS/EFR32MG12P/startup_efr32mg12p.o
 .debug_line    0x000000d9      0x905 ./CMSIS/EFR32MG12P/system_efr32mg12p.o
 .debug_line    0x000009de      0xaa8 ./button/button_control.o
 .debug_line    0x00001486      0x8ce ./button/button_handler.o
 .debug_line    0x00001d54     0x1346 ./emlib/em_cmu.o
 .debug_line    0x0000309a      0xbba ./emlib/em_core.o
 .debug_line    0x00003c54     0x13d7 ./emlib/em_emu.o
 .debug_line    0x0000502b      0xb19 ./emlib/em_gpio.o
 .debug_line    0x00005b44      0x9b9 ./emlib/em_rtcc.o
 .debug_line    0x000064fd      0xc2e ./emlib/em_usart.o
 .debug_line    0x0000712b      0xa68 ./event/event_control.o
 .debug_line    0x00007b93      0xa61 ./event/event_handler.o
 .debug_line    0x000085f4       0x54 ./illum/illum_handler.o
 .debug_line    0x00008648      0xb7b ./led/led_control.o
 .debug_line    0x000091c3      0x2ff ./led/led_handler.o
 .debug_line    0x000094c2      0x9c6 ./serial/retargetio.o
 .debug_line    0x00009e88      0xbc0 ./serial/retargetserial.o
 .debug_line    0x0000aa48      0xbce ./src/app.o
 .debug_line    0x0000b616      0xd08 ./src/main.o

.debug_info     0x00000000    0x12762
 .debug_info    0x00000000       0x26 ./CMSIS/EFR32MG12P/startup_efr32mg12p.o
 .debug_info    0x00000026      0x93f ./CMSIS/EFR32MG12P/system_efr32mg12p.o
 .debug_info    0x00000965     0x1361 ./button/button_control.o
 .debug_info    0x00001cc6      0x1a6 ./button/button_handler.o
 .debug_info    0x00001e6c     0x2564 ./emlib/em_cmu.o
 .debug_info    0x000043d0      0xdef ./emlib/em_core.o
 .debug_info    0x000051bf     0x25da ./emlib/em_emu.o
 .debug_info    0x00007799      0xacd ./emlib/em_gpio.o
 .debug_info    0x00008266      0xbc3 ./emlib/em_rtcc.o
 .debug_info    0x00008e29     0x1085 ./emlib/em_usart.o
 .debug_info    0x00009eae     0x11b0 ./event/event_control.o
 .debug_info    0x0000b05e      0xb5f ./event/event_handler.o
 .debug_info    0x0000bbbd       0x44 ./illum/illum_handler.o
 .debug_info    0x0000bc01     0x1119 ./led/led_control.o
 .debug_info    0x0000cd1a      0x111 ./led/led_handler.o
 .debug_info    0x0000ce2b      0xe7d ./serial/retargetio.o
 .debug_info    0x0000dca8     0x1679 ./serial/retargetserial.o
 .debug_info    0x0000f321     0x1372 ./src/app.o
 .debug_info    0x00010693     0x20cf ./src/main.o

.debug_abbrev   0x00000000     0x296c
 .debug_abbrev  0x00000000       0x14 ./CMSIS/EFR32MG12P/startup_efr32mg12p.o
 .debug_abbrev  0x00000014      0x1ed ./CMSIS/EFR32MG12P/system_efr32mg12p.o
 .debug_abbrev  0x00000201      0x31e ./button/button_control.o
 .debug_abbrev  0x0000051f      0x10f ./button/button_handler.o
 .debug_abbrev  0x0000062e      0x354 ./emlib/em_cmu.o
 .debug_abbrev  0x00000982      0x28f ./emlib/em_core.o
 .debug_abbrev  0x00000c11      0x35b ./emlib/em_emu.o
 .debug_abbrev  0x00000f6c      0x24d ./emlib/em_gpio.o
 .debug_abbrev  0x000011b9      0x1e7 ./emlib/em_rtcc.o
 .debug_abbrev  0x000013a0      0x251 ./emlib/em_usart.o
 .debug_abbrev  0x000015f1      0x2a9 ./event/event_control.o
 .debug_abbrev  0x0000189a      0x219 ./event/event_handler.o
 .debug_abbrev  0x00001ab3       0x31 ./illum/illum_handler.o
 .debug_abbrev  0x00001ae4      0x2b0 ./led/led_control.o
 .debug_abbrev  0x00001d94       0x99 ./led/led_handler.o
 .debug_abbrev  0x00001e2d      0x244 ./serial/retargetio.o
 .debug_abbrev  0x00002071      0x350 ./serial/retargetserial.o
 .debug_abbrev  0x000023c1      0x2fe ./src/app.o
 .debug_abbrev  0x000026bf      0x2ad ./src/main.o

.debug_aranges  0x00000000      0x9f0
 .debug_aranges
                0x00000000       0x20 ./CMSIS/EFR32MG12P/startup_efr32mg12p.o
 .debug_aranges
                0x00000020       0x68 ./CMSIS/EFR32MG12P/system_efr32mg12p.o
 .debug_aranges
                0x00000088       0x60 ./button/button_control.o
 .debug_aranges
                0x000000e8       0x28 ./button/button_handler.o
 .debug_aranges
                0x00000110      0x1d8 ./emlib/em_cmu.o
 .debug_aranges
                0x000002e8       0xe8 ./emlib/em_core.o
 .debug_aranges
                0x000003d0      0x1e0 ./emlib/em_emu.o
 .debug_aranges
                0x000005b0       0x88 ./emlib/em_gpio.o
 .debug_aranges
                0x00000638       0x50 ./emlib/em_rtcc.o
 .debug_aranges
                0x00000688       0xd0 ./emlib/em_usart.o
 .debug_aranges
                0x00000758       0x40 ./event/event_control.o
 .debug_aranges
                0x00000798       0x30 ./event/event_handler.o
 .debug_aranges
                0x000007c8       0x20 ./illum/illum_handler.o
 .debug_aranges
                0x000007e8       0x60 ./led/led_control.o
 .debug_aranges
                0x00000848       0x28 ./led/led_handler.o
 .debug_aranges
                0x00000870       0x68 ./serial/retargetio.o
 .debug_aranges
                0x000008d8       0x90 ./serial/retargetserial.o
 .debug_aranges
                0x00000968       0x48 ./src/app.o
 .debug_aranges
                0x000009b0       0x40 ./src/main.o

.debug_str      0x00000000   0x15bfc8
 .debug_str     0x00000000       0xf6 ./CMSIS/EFR32MG12P/startup_efr32mg12p.o
 .debug_str     0x000000f6   0x14f225 ./CMSIS/EFR32MG12P/system_efr32mg12p.o
                             0x150155 (size before relaxing)
 .debug_str     0x0014f31b     0x687c ./button/button_control.o
                             0x156650 (size before relaxing)
 .debug_str     0x00155b97       0x39 ./button/button_handler.o
                             0x151ad8 (size before relaxing)
 .debug_str     0x00155bd0     0x1c6f ./emlib/em_cmu.o
                             0x155002 (size before relaxing)
 .debug_str     0x0015783f      0x992 ./emlib/em_core.o
                             0x150c8c (size before relaxing)
 .debug_str     0x001581d1     0x139c ./emlib/em_emu.o
                             0x155a2a (size before relaxing)
 .debug_str     0x0015956d      0x252 ./emlib/em_gpio.o
                             0x150b39 (size before relaxing)
 .debug_str     0x001597bf      0x7cb ./emlib/em_rtcc.o
                             0x15076b (size before relaxing)
 .debug_str     0x00159f8a      0xedf ./emlib/em_usart.o
                             0x152646 (size before relaxing)
 .debug_str     0x0015ae69      0x43b ./event/event_control.o
                             0x1566c8 (size before relaxing)
 .debug_str     0x0015b2a4       0x65 ./event/event_handler.o
                             0x154d6e (size before relaxing)
 .debug_str     0x0015b309       0x31 ./illum/illum_handler.o
                               0x2d36 (size before relaxing)
 .debug_str     0x0015b33a      0x1d7 ./led/led_control.o
                             0x1563e7 (size before relaxing)
 .debug_str     0x0015b511       0x26 ./led/led_handler.o
                               0x5270 (size before relaxing)
 .debug_str     0x0015b537      0x628 ./serial/retargetio.o
                             0x1539e8 (size before relaxing)
 .debug_str     0x0015bb5f      0x338 ./serial/retargetserial.o
                             0x15664e (size before relaxing)
 .debug_str     0x0015be97       0xaf ./src/app.o
                             0x15566a (size before relaxing)
 .debug_str     0x0015bf46       0x82 ./src/main.o
                             0x157eeb (size before relaxing)

.debug_loc      0x00000000     0x5116
 .debug_loc     0x00000000      0x2e4 ./CMSIS/EFR32MG12P/system_efr32mg12p.o
 .debug_loc     0x000002e4      0x2ac ./button/button_control.o
 .debug_loc     0x00000590       0x58 ./button/button_handler.o
 .debug_loc     0x000005e8     0x1198 ./emlib/em_cmu.o
 .debug_loc     0x00001780      0x88c ./emlib/em_core.o
 .debug_loc     0x0000200c     0x1112 ./emlib/em_emu.o
 .debug_loc     0x0000311e      0x4b4 ./emlib/em_gpio.o
 .debug_loc     0x000035d2      0x254 ./emlib/em_rtcc.o
 .debug_loc     0x00003826      0x7da ./emlib/em_usart.o
 .debug_loc     0x00004000      0x184 ./event/event_control.o
 .debug_loc     0x00004184       0xfc ./event/event_handler.o
 .debug_loc     0x00004280       0x44 ./illum/illum_handler.o
 .debug_loc     0x000042c4      0x2a0 ./led/led_control.o
 .debug_loc     0x00004564       0x7c ./led/led_handler.o
 .debug_loc     0x000045e0      0x344 ./serial/retargetio.o
 .debug_loc     0x00004924      0x480 ./serial/retargetserial.o
 .debug_loc     0x00004da4      0x1f8 ./src/app.o
 .debug_loc     0x00004f9c      0x17a ./src/main.o

.debug_ranges   0x00000000      0x8b0
 .debug_ranges  0x00000000       0x58 ./CMSIS/EFR32MG12P/system_efr32mg12p.o
 .debug_ranges  0x00000058       0x50 ./button/button_control.o
 .debug_ranges  0x000000a8       0x18 ./button/button_handler.o
 .debug_ranges  0x000000c0      0x1c8 ./emlib/em_cmu.o
 .debug_ranges  0x00000288       0xd8 ./emlib/em_core.o
 .debug_ranges  0x00000360      0x1d0 ./emlib/em_emu.o
 .debug_ranges  0x00000530       0x78 ./emlib/em_gpio.o
 .debug_ranges  0x000005a8       0x40 ./emlib/em_rtcc.o
 .debug_ranges  0x000005e8       0xc0 ./emlib/em_usart.o
 .debug_ranges  0x000006a8       0x30 ./event/event_control.o
 .debug_ranges  0x000006d8       0x20 ./event/event_handler.o
 .debug_ranges  0x000006f8       0x10 ./illum/illum_handler.o
 .debug_ranges  0x00000708       0x50 ./led/led_control.o
 .debug_ranges  0x00000758       0x18 ./led/led_handler.o
 .debug_ranges  0x00000770       0x58 ./serial/retargetio.o
 .debug_ranges  0x000007c8       0x80 ./serial/retargetserial.o
 .debug_ranges  0x00000848       0x38 ./src/app.o
 .debug_ranges  0x00000880       0x30 ./src/main.o

.debug_macro    0x00000000    0x3597c
 .debug_macro   0x00000000      0x282 ./CMSIS/EFR32MG12P/system_efr32mg12p.o
 .debug_macro   0x00000282      0xa48 ./CMSIS/EFR32MG12P/system_efr32mg12p.o
 .debug_macro   0x00000cca       0x22 ./CMSIS/EFR32MG12P/system_efr32mg12p.o
 .debug_macro   0x00000cec       0x4f ./CMSIS/EFR32MG12P/system_efr32mg12p.o
 .debug_macro   0x00000d3b       0x51 ./CMSIS/EFR32MG12P/system_efr32mg12p.o
 .debug_macro   0x00000d8c       0xef ./CMSIS/EFR32MG12P/system_efr32mg12p.o
 .debug_macro   0x00000e7b       0x6a ./CMSIS/EFR32MG12P/system_efr32mg12p.o
 .debug_macro   0x00000ee5      0x1df ./CMSIS/EFR32MG12P/system_efr32mg12p.o
 .debug_macro   0x000010c4      0x4d2 ./CMSIS/EFR32MG12P/system_efr32mg12p.o
 .debug_macro   0x00001596       0x1c ./CMSIS/EFR32MG12P/system_efr32mg12p.o
 .debug_macro   0x000015b2       0x22 ./CMSIS/EFR32MG12P/system_efr32mg12p.o
 .debug_macro   0x000015d4       0xdf ./CMSIS/EFR32MG12P/system_efr32mg12p.o
 .debug_macro   0x000016b3      0xff5 ./CMSIS/EFR32MG12P/system_efr32mg12p.o
 .debug_macro   0x000026a8       0xe2 ./CMSIS/EFR32MG12P/system_efr32mg12p.o
 .debug_macro   0x0000278a      0xe1c ./CMSIS/EFR32MG12P/system_efr32mg12p.o
 .debug_macro   0x000035a6     0x2275 ./CMSIS/EFR32MG12P/system_efr32mg12p.o
 .debug_macro   0x0000581b      0x329 ./CMSIS/EFR32MG12P/system_efr32mg12p.o
 .debug_macro   0x00005b44     0x3119 ./CMSIS/EFR32MG12P/system_efr32mg12p.o
 .debug_macro   0x00008c5d     0x1bba ./CMSIS/EFR32MG12P/system_efr32mg12p.o
 .debug_macro   0x0000a817     0x2674 ./CMSIS/EFR32MG12P/system_efr32mg12p.o
 .debug_macro   0x0000ce8b     0x1b19 ./CMSIS/EFR32MG12P/system_efr32mg12p.o
 .debug_macro   0x0000e9a4      0xe2b ./CMSIS/EFR32MG12P/system_efr32mg12p.o
 .debug_macro   0x0000f7cf      0x344 ./CMSIS/EFR32MG12P/system_efr32mg12p.o
 .debug_macro   0x0000fb13      0x29d ./CMSIS/EFR32MG12P/system_efr32mg12p.o
 .debug_macro   0x0000fdb0     0x2763 ./CMSIS/EFR32MG12P/system_efr32mg12p.o
 .debug_macro   0x00012513     0x31cc ./CMSIS/EFR32MG12P/system_efr32mg12p.o
 .debug_macro   0x000156df     0x136b ./CMSIS/EFR32MG12P/system_efr32mg12p.o
 .debug_macro   0x00016a4a      0xde2 ./CMSIS/EFR32MG12P/system_efr32mg12p.o
 .debug_macro   0x0001782c      0x249 ./CMSIS/EFR32MG12P/system_efr32mg12p.o
 .debug_macro   0x00017a75     0x1042 ./CMSIS/EFR32MG12P/system_efr32mg12p.o
 .debug_macro   0x00018ab7     0x1605 ./CMSIS/EFR32MG12P/system_efr32mg12p.o
 .debug_macro   0x0001a0bc     0x3cb7 ./CMSIS/EFR32MG12P/system_efr32mg12p.o
 .debug_macro   0x0001dd73     0x23fc ./CMSIS/EFR32MG12P/system_efr32mg12p.o
 .debug_macro   0x0002016f      0x70c ./CMSIS/EFR32MG12P/system_efr32mg12p.o
 .debug_macro   0x0002087b     0x26ef ./CMSIS/EFR32MG12P/system_efr32mg12p.o
 .debug_macro   0x00022f6a     0x1700 ./CMSIS/EFR32MG12P/system_efr32mg12p.o
 .debug_macro   0x0002466a     0x2efb ./CMSIS/EFR32MG12P/system_efr32mg12p.o
 .debug_macro   0x00027565      0xfaf ./CMSIS/EFR32MG12P/system_efr32mg12p.o
 .debug_macro   0x00028514      0x6c3 ./CMSIS/EFR32MG12P/system_efr32mg12p.o
 .debug_macro   0x00028bd7     0x1021 ./CMSIS/EFR32MG12P/system_efr32mg12p.o
 .debug_macro   0x00029bf8      0x888 ./CMSIS/EFR32MG12P/system_efr32mg12p.o
 .debug_macro   0x0002a480      0x4ff ./CMSIS/EFR32MG12P/system_efr32mg12p.o
 .debug_macro   0x0002a97f     0x1dee ./CMSIS/EFR32MG12P/system_efr32mg12p.o
 .debug_macro   0x0002c76d       0x40 ./CMSIS/EFR32MG12P/system_efr32mg12p.o
 .debug_macro   0x0002c7ad      0x2ce ./CMSIS/EFR32MG12P/system_efr32mg12p.o
 .debug_macro   0x0002ca7b      0x381 ./CMSIS/EFR32MG12P/system_efr32mg12p.o
 .debug_macro   0x0002cdfc      0x190 ./CMSIS/EFR32MG12P/system_efr32mg12p.o
 .debug_macro   0x0002cf8c     0x27bf ./CMSIS/EFR32MG12P/system_efr32mg12p.o
 .debug_macro   0x0002f74b      0x303 ./CMSIS/EFR32MG12P/system_efr32mg12p.o
 .debug_macro   0x0002fa4e      0x303 ./CMSIS/EFR32MG12P/system_efr32mg12p.o
 .debug_macro   0x0002fd51      0x3bd ./button/button_control.o
 .debug_macro   0x0003010e       0x22 ./button/button_control.o
 .debug_macro   0x00030130       0x52 ./button/button_control.o
 .debug_macro   0x00030182       0x17 ./button/button_control.o
 .debug_macro   0x00030199       0x55 ./button/button_control.o
 .debug_macro   0x000301ee       0x35 ./button/button_control.o
 .debug_macro   0x00030223       0xa2 ./button/button_control.o
 .debug_macro   0x000302c5       0x57 ./button/button_control.o
 .debug_macro   0x0003031c       0x82 ./button/button_control.o
 .debug_macro   0x0003039e      0x460 ./button/button_control.o
 .debug_macro   0x000307fe       0x10 ./button/button_control.o
 .debug_macro   0x0003080e       0xe4 ./button/button_control.o
 .debug_macro   0x000308f2       0x2e ./button/button_control.o
 .debug_macro   0x00030920       0x70 ./button/button_control.o
 .debug_macro   0x00030990      0x35a ./button/button_control.o
 .debug_macro   0x00030cea       0x1c ./button/button_control.o
 .debug_macro   0x00030d06       0x97 ./button/button_control.o
 .debug_macro   0x00030d9d      0x34d ./button/button_control.o
 .debug_macro   0x000310ea       0x86 ./button/button_control.o
 .debug_macro   0x00031170       0x10 ./button/button_control.o
 .debug_macro   0x00031180       0x58 ./button/button_control.o
 .debug_macro   0x000311d8       0x1f ./button/button_control.o
 .debug_macro   0x000311f7       0x43 ./button/button_control.o
 .debug_macro   0x0003123a       0x20 ./button/button_control.o
 .debug_macro   0x0003125a      0x18e ./button/button_control.o
 .debug_macro   0x000313e8       0x10 ./button/button_control.o
 .debug_macro   0x000313f8       0xb6 ./button/button_control.o
 .debug_macro   0x000314ae       0x16 ./button/button_control.o
 .debug_macro   0x000314c4      0x129 ./button/button_control.o
 .debug_macro   0x000315ed       0x10 ./button/button_control.o
 .debug_macro   0x000315fd      0x2d4 ./button/button_handler.o
 .debug_macro   0x000318d1      0x3a9 ./emlib/em_cmu.o
 .debug_macro   0x00031c7a       0xea ./emlib/em_cmu.o
 .debug_macro   0x00031d64      0x16d ./emlib/em_cmu.o
 .debug_macro   0x00031ed1       0x58 ./emlib/em_cmu.o
 .debug_macro   0x00031f29       0x25 ./emlib/em_cmu.o
 .debug_macro   0x00031f4e       0xee ./emlib/em_cmu.o
 .debug_macro   0x0003203c       0x87 ./emlib/em_cmu.o
 .debug_macro   0x000320c3      0x2ae ./emlib/em_core.o
 .debug_macro   0x00032371       0x6a ./emlib/em_core.o
 .debug_macro   0x000323db       0xba ./emlib/em_core.o
 .debug_macro   0x00032495      0x3c3 ./emlib/em_emu.o
 .debug_macro   0x00032858      0x353 ./emlib/em_emu.o
 .debug_macro   0x00032bab       0xd9 ./emlib/em_emu.o
 .debug_macro   0x00032c84       0x81 ./emlib/em_emu.o
 .debug_macro   0x00032d05       0xc0 ./emlib/em_emu.o
 .debug_macro   0x00032dc5       0x34 ./emlib/em_emu.o
 .debug_macro   0x00032df9      0x295 ./emlib/em_gpio.o
 .debug_macro   0x0003308e      0x289 ./emlib/em_rtcc.o
 .debug_macro   0x00033317       0x87 ./emlib/em_rtcc.o
 .debug_macro   0x0003339e      0x2dc ./emlib/em_usart.o
 .debug_macro   0x0003367a       0xeb ./emlib/em_usart.o
 .debug_macro   0x00033765      0x3d7 ./event/event_control.o
 .debug_macro   0x00033b3c       0x9c ./event/event_control.o
 .debug_macro   0x00033bd8       0x16 ./event/event_control.o
 .debug_macro   0x00033bee       0xf6 ./event/event_control.o
 .debug_macro   0x00033ce4       0x10 ./event/event_control.o
 .debug_macro   0x00033cf4       0x35 ./event/event_control.o
 .debug_macro   0x00033d29       0x10 ./event/event_control.o
 .debug_macro   0x00033d39      0x3b4 ./event/event_handler.o
 .debug_macro   0x000340ed       0x1b ./illum/illum_handler.o
 .debug_macro   0x00034108      0x3c9 ./led/led_control.o
 .debug_macro   0x000344d1       0x52 ./led/led_control.o
 .debug_macro   0x00034523       0x16 ./led/led_control.o
 .debug_macro   0x00034539       0xbd ./led/led_handler.o
 .debug_macro   0x000345f6       0x4c ./led/led_handler.o
 .debug_macro   0x00034642      0x3d6 ./serial/retargetio.o
 .debug_macro   0x00034a18       0x10 ./serial/retargetio.o
 .debug_macro   0x00034a28       0x10 ./serial/retargetio.o
 .debug_macro   0x00034a38       0x10 ./serial/retargetio.o
 .debug_macro   0x00034a48       0x2e ./serial/retargetio.o
 .debug_macro   0x00034a76       0xf5 ./serial/retargetio.o
 .debug_macro   0x00034b6b       0x16 ./serial/retargetio.o
 .debug_macro   0x00034b81       0x22 ./serial/retargetio.o
 .debug_macro   0x00034ba3       0x16 ./serial/retargetio.o
 .debug_macro   0x00034bb9      0x3c5 ./serial/retargetserial.o
 .debug_macro   0x00034f7e       0x64 ./serial/retargetserial.o
 .debug_macro   0x00034fe2       0xf1 ./serial/retargetserial.o
 .debug_macro   0x000350d3      0x3d7 ./src/app.o
 .debug_macro   0x000354aa       0x8d ./src/app.o
 .debug_macro   0x00035537      0x445 ./src/main.o

.debug_frame    0x00000000     0x3118
 .debug_frame   0x00000000      0x164 ./CMSIS/EFR32MG12P/system_efr32mg12p.o
 .debug_frame   0x00000164      0x154 ./button/button_control.o
 .debug_frame   0x000002b8       0x48 ./button/button_handler.o
 .debug_frame   0x00000300      0x818 ./emlib/em_cmu.o
 .debug_frame   0x00000b18      0x3dc ./emlib/em_core.o
 .debug_frame   0x00000ef4      0x800 ./emlib/em_emu.o
 .debug_frame   0x000016f4      0x224 ./emlib/em_gpio.o
 .debug_frame   0x00001918      0x118 ./emlib/em_rtcc.o
 .debug_frame   0x00001a30      0x388 ./emlib/em_usart.o
 .debug_frame   0x00001db8       0xc0 ./event/event_control.o
 .debug_frame   0x00001e78       0x80 ./event/event_handler.o
 .debug_frame   0x00001ef8       0x30 ./illum/illum_handler.o
 .debug_frame   0x00001f28      0x14c ./led/led_control.o
 .debug_frame   0x00002074       0x50 ./led/led_handler.o
 .debug_frame   0x000020c4      0x184 ./serial/retargetio.o
 .debug_frame   0x00002248      0x230 ./serial/retargetserial.o
 .debug_frame   0x00002478       0xf4 ./src/app.o
 .debug_frame   0x0000256c       0xc4 ./src/main.o
 .debug_frame   0x00002630       0x40 c:/siliconlabs/simplicitystudio/v5/developer/toolchains/gnu_arm/7.2_2017q4/bin/../lib/gcc/arm-none-eabi/7.2.1/../../../../arm-none-eabi/lib/thumb/v7e-m/fpv4-sp/softfp\libc_nano.a(lib_a-assert.o)
 .debug_frame   0x00002670       0x28 c:/siliconlabs/simplicitystudio/v5/developer/toolchains/gnu_arm/7.2_2017q4/bin/../lib/gcc/arm-none-eabi/7.2.1/../../../../arm-none-eabi/lib/thumb/v7e-m/fpv4-sp/softfp\libc_nano.a(lib_a-exit.o)
 .debug_frame   0x00002698       0x64 c:/siliconlabs/simplicitystudio/v5/developer/toolchains/gnu_arm/7.2_2017q4/bin/../lib/gcc/arm-none-eabi/7.2.1/../../../../arm-none-eabi/lib/thumb/v7e-m/fpv4-sp/softfp\libc_nano.a(lib_a-fprintf.o)
 .debug_frame   0x000026fc       0x2c c:/siliconlabs/simplicitystudio/v5/developer/toolchains/gnu_arm/7.2_2017q4/bin/../lib/gcc/arm-none-eabi/7.2.1/../../../../arm-none-eabi/lib/thumb/v7e-m/fpv4-sp/softfp\libc_nano.a(lib_a-init.o)
 .debug_frame   0x00002728       0x20 c:/siliconlabs/simplicitystudio/v5/developer/toolchains/gnu_arm/7.2_2017q4/bin/../lib/gcc/arm-none-eabi/7.2.1/../../../../arm-none-eabi/lib/thumb/v7e-m/fpv4-sp/softfp\libc_nano.a(lib_a-memset.o)
 .debug_frame   0x00002748       0xac c:/siliconlabs/simplicitystudio/v5/developer/toolchains/gnu_arm/7.2_2017q4/bin/../lib/gcc/arm-none-eabi/7.2.1/../../../../arm-none-eabi/lib/thumb/v7e-m/fpv4-sp/softfp\libc_nano.a(lib_a-nano-vfprintf.o)
 .debug_frame   0x000027f4       0x60 c:/siliconlabs/simplicitystudio/v5/developer/toolchains/gnu_arm/7.2_2017q4/bin/../lib/gcc/arm-none-eabi/7.2.1/../../../../arm-none-eabi/lib/thumb/v7e-m/fpv4-sp/softfp\libc_nano.a(lib_a-nano-vfprintf_i.o)
 .debug_frame   0x00002854       0x74 c:/siliconlabs/simplicitystudio/v5/developer/toolchains/gnu_arm/7.2_2017q4/bin/../lib/gcc/arm-none-eabi/7.2.1/../../../../arm-none-eabi/lib/thumb/v7e-m/fpv4-sp/softfp\libc_nano.a(lib_a-printf.o)
 .debug_frame   0x000028c8       0x38 c:/siliconlabs/simplicitystudio/v5/developer/toolchains/gnu_arm/7.2_2017q4/bin/../lib/gcc/arm-none-eabi/7.2.1/../../../../arm-none-eabi/lib/thumb/v7e-m/fpv4-sp/softfp\libc_nano.a(lib_a-setvbuf.o)
 .debug_frame   0x00002900       0x84 c:/siliconlabs/simplicitystudio/v5/developer/toolchains/gnu_arm/7.2_2017q4/bin/../lib/gcc/arm-none-eabi/7.2.1/../../../../arm-none-eabi/lib/thumb/v7e-m/fpv4-sp/softfp\libc_nano.a(lib_a-strtol.o)
 .debug_frame   0x00002984       0x40 c:/siliconlabs/simplicitystudio/v5/developer/toolchains/gnu_arm/7.2_2017q4/bin/../lib/gcc/arm-none-eabi/7.2.1/../../../../arm-none-eabi/lib/thumb/v7e-m/fpv4-sp/softfp\libc_nano.a(lib_a-wbuf.o)
 .debug_frame   0x000029c4       0x2c c:/siliconlabs/simplicitystudio/v5/developer/toolchains/gnu_arm/7.2_2017q4/bin/../lib/gcc/arm-none-eabi/7.2.1/../../../../arm-none-eabi/lib/thumb/v7e-m/fpv4-sp/softfp\libc_nano.a(lib_a-wsetup.o)
 .debug_frame   0x000029f0       0x28 c:/siliconlabs/simplicitystudio/v5/developer/toolchains/gnu_arm/7.2_2017q4/bin/../lib/gcc/arm-none-eabi/7.2.1/../../../../arm-none-eabi/lib/thumb/v7e-m/fpv4-sp/softfp\libc_nano.a(lib_a-abort.o)
 .debug_frame   0x00002a18       0x68 c:/siliconlabs/simplicitystudio/v5/developer/toolchains/gnu_arm/7.2_2017q4/bin/../lib/gcc/arm-none-eabi/7.2.1/../../../../arm-none-eabi/lib/thumb/v7e-m/fpv4-sp/softfp\libc_nano.a(lib_a-fflush.o)
 .debug_frame   0x00002a80      0x11c c:/siliconlabs/simplicitystudio/v5/developer/toolchains/gnu_arm/7.2_2017q4/bin/../lib/gcc/arm-none-eabi/7.2.1/../../../../arm-none-eabi/lib/thumb/v7e-m/fpv4-sp/softfp\libc_nano.a(lib_a-findfp.o)
 .debug_frame   0x00002b9c       0x54 c:/siliconlabs/simplicitystudio/v5/developer/toolchains/gnu_arm/7.2_2017q4/bin/../lib/gcc/arm-none-eabi/7.2.1/../../../../arm-none-eabi/lib/thumb/v7e-m/fpv4-sp/softfp\libc_nano.a(lib_a-fwalk.o)
 .debug_frame   0x00002bf0       0x68 c:/siliconlabs/simplicitystudio/v5/developer/toolchains/gnu_arm/7.2_2017q4/bin/../lib/gcc/arm-none-eabi/7.2.1/../../../../arm-none-eabi/lib/thumb/v7e-m/fpv4-sp/softfp\libc_nano.a(lib_a-locale.o)
 .debug_frame   0x00002c58       0x58 c:/siliconlabs/simplicitystudio/v5/developer/toolchains/gnu_arm/7.2_2017q4/bin/../lib/gcc/arm-none-eabi/7.2.1/../../../../arm-none-eabi/lib/thumb/v7e-m/fpv4-sp/softfp\libc_nano.a(lib_a-makebuf.o)
 .debug_frame   0x00002cb0       0x30 c:/siliconlabs/simplicitystudio/v5/developer/toolchains/gnu_arm/7.2_2017q4/bin/../lib/gcc/arm-none-eabi/7.2.1/../../../../arm-none-eabi/lib/thumb/v7e-m/fpv4-sp/softfp\libc_nano.a(lib_a-malloc.o)
 .debug_frame   0x00002ce0       0x48 c:/siliconlabs/simplicitystudio/v5/developer/toolchains/gnu_arm/7.2_2017q4/bin/../lib/gcc/arm-none-eabi/7.2.1/../../../../arm-none-eabi/lib/thumb/v7e-m/fpv4-sp/softfp\libc_nano.a(lib_a-mbtowc_r.o)
 .debug_frame   0x00002d28       0x38 c:/siliconlabs/simplicitystudio/v5/developer/toolchains/gnu_arm/7.2_2017q4/bin/../lib/gcc/arm-none-eabi/7.2.1/../../../../arm-none-eabi/lib/thumb/v7e-m/fpv4-sp/softfp\libc_nano.a(lib_a-nano-freer.o)
 .debug_frame   0x00002d60       0x2c c:/siliconlabs/simplicitystudio/v5/developer/toolchains/gnu_arm/7.2_2017q4/bin/../lib/gcc/arm-none-eabi/7.2.1/../../../../arm-none-eabi/lib/thumb/v7e-m/fpv4-sp/softfp\libc_nano.a(lib_a-nano-mallocr.o)
 .debug_frame   0x00002d8c       0x2c c:/siliconlabs/simplicitystudio/v5/developer/toolchains/gnu_arm/7.2_2017q4/bin/../lib/gcc/arm-none-eabi/7.2.1/../../../../arm-none-eabi/lib/thumb/v7e-m/fpv4-sp/softfp\libc_nano.a(lib_a-sbrkr.o)
 .debug_frame   0x00002db8       0xcc c:/siliconlabs/simplicitystudio/v5/developer/toolchains/gnu_arm/7.2_2017q4/bin/../lib/gcc/arm-none-eabi/7.2.1/../../../../arm-none-eabi/lib/thumb/v7e-m/fpv4-sp/softfp\libc_nano.a(lib_a-signal.o)
 .debug_frame   0x00002e84       0x3c c:/siliconlabs/simplicitystudio/v5/developer/toolchains/gnu_arm/7.2_2017q4/bin/../lib/gcc/arm-none-eabi/7.2.1/../../../../arm-none-eabi/lib/thumb/v7e-m/fpv4-sp/softfp\libc_nano.a(lib_a-signalr.o)
 .debug_frame   0x00002ec0       0x88 c:/siliconlabs/simplicitystudio/v5/developer/toolchains/gnu_arm/7.2_2017q4/bin/../lib/gcc/arm-none-eabi/7.2.1/../../../../arm-none-eabi/lib/thumb/v7e-m/fpv4-sp/softfp\libc_nano.a(lib_a-stdio.o)
 .debug_frame   0x00002f48       0x3c c:/siliconlabs/simplicitystudio/v5/developer/toolchains/gnu_arm/7.2_2017q4/bin/../lib/gcc/arm-none-eabi/7.2.1/../../../../arm-none-eabi/lib/thumb/v7e-m/fpv4-sp/softfp\libc_nano.a(lib_a-wctomb_r.o)
 .debug_frame   0x00002f84       0x2c c:/siliconlabs/simplicitystudio/v5/developer/toolchains/gnu_arm/7.2_2017q4/bin/../lib/gcc/arm-none-eabi/7.2.1/../../../../arm-none-eabi/lib/thumb/v7e-m/fpv4-sp/softfp\libc_nano.a(lib_a-writer.o)
 .debug_frame   0x00002fb0       0x2c c:/siliconlabs/simplicitystudio/v5/developer/toolchains/gnu_arm/7.2_2017q4/bin/../lib/gcc/arm-none-eabi/7.2.1/../../../../arm-none-eabi/lib/thumb/v7e-m/fpv4-sp/softfp\libc_nano.a(lib_a-closer.o)
 .debug_frame   0x00002fdc       0x2c c:/siliconlabs/simplicitystudio/v5/developer/toolchains/gnu_arm/7.2_2017q4/bin/../lib/gcc/arm-none-eabi/7.2.1/../../../../arm-none-eabi/lib/thumb/v7e-m/fpv4-sp/softfp\libc_nano.a(lib_a-fstatr.o)
 .debug_frame   0x00003008       0x2c c:/siliconlabs/simplicitystudio/v5/developer/toolchains/gnu_arm/7.2_2017q4/bin/../lib/gcc/arm-none-eabi/7.2.1/../../../../arm-none-eabi/lib/thumb/v7e-m/fpv4-sp/softfp\libc_nano.a(lib_a-isattyr.o)
 .debug_frame   0x00003034       0x2c c:/siliconlabs/simplicitystudio/v5/developer/toolchains/gnu_arm/7.2_2017q4/bin/../lib/gcc/arm-none-eabi/7.2.1/../../../../arm-none-eabi/lib/thumb/v7e-m/fpv4-sp/softfp\libc_nano.a(lib_a-lseekr.o)
 .debug_frame   0x00003060       0x30 c:/siliconlabs/simplicitystudio/v5/developer/toolchains/gnu_arm/7.2_2017q4/bin/../lib/gcc/arm-none-eabi/7.2.1/../../../../arm-none-eabi/lib/thumb/v7e-m/fpv4-sp/softfp\libc_nano.a(lib_a-mlock.o)
 .debug_frame   0x00003090       0x2c c:/siliconlabs/simplicitystudio/v5/developer/toolchains/gnu_arm/7.2_2017q4/bin/../lib/gcc/arm-none-eabi/7.2.1/../../../../arm-none-eabi/lib/thumb/v7e-m/fpv4-sp/softfp\libc_nano.a(lib_a-readr.o)
 .debug_frame   0x000030bc       0x5c c:/siliconlabs/simplicitystudio/v5/developer/toolchains/gnu_arm/7.2_2017q4/bin/../lib/gcc/arm-none-eabi/7.2.1/../../../../arm-none-eabi/lib/thumb/v7e-m/fpv4-sp/softfp\libc_nano.a(lib_a-reent.o)