Archive member included to satisfy reference by file (symbol)

c:/siliconlabs/simplicitystudio/v5/developer/toolchains/gnu_arm/7.2_2017q4/bin/../lib/gcc/arm-none-eabi/7.2.1/thumb/v7e-m/fpv4-sp/softfp\libgcc.a(_aeabi_uldivmod.o)
                              ./emlib/em_usart.o (__aeabi_uldivmod)
c:/siliconlabs/simplicitystudio/v5/developer/toolchains/gnu_arm/7.2_2017q4/bin/../lib/gcc/arm-none-eabi/7.2.1/thumb/v7e-m/fpv4-sp/softfp\libgcc.a(_udivmoddi4.o)
                              c:/siliconlabs/simplicitystudio/v5/developer/toolchains/gnu_arm/7.2_2017q4/bin/../lib/gcc/arm-none-eabi/7.2.1/thumb/v7e-m/fpv4-sp/softfp\libgcc.a(_aeabi_uldivmod.o) (__udivmoddi4)
c:/siliconlabs/simplicitystudio/v5/developer/toolchains/gnu_arm/7.2_2017q4/bin/../lib/gcc/arm-none-eabi/7.2.1/thumb/v7e-m/fpv4-sp/softfp\libgcc.a(_dvmd_tls.o)
                              c:/siliconlabs/simplicitystudio/v5/developer/toolchains/gnu_arm/7.2_2017q4/bin/../lib/gcc/arm-none-eabi/7.2.1/thumb/v7e-m/fpv4-sp/softfp\libgcc.a(_aeabi_uldivmod.o) (__aeabi_ldiv0)
c:/siliconlabs/simplicitystudio/v5/developer/toolchains/gnu_arm/7.2_2017q4/bin/../lib/gcc/arm-none-eabi/7.2.1/../../../../arm-none-eabi/lib/thumb/v7e-m/fpv4-sp/softfp\libc_nano.a(lib_a-assert.o)
                              ./led/led_control.o (__assert_func)
c:/siliconlabs/simplicitystudio/v5/developer/toolchains/gnu_arm/7.2_2017q4/bin/../lib/gcc/arm-none-eabi/7.2.1/../../../../arm-none-eabi/lib/thumb/v7e-m/fpv4-sp/softfp\libc_nano.a(lib_a-exit.o)
                              c:/siliconlabs/simplicitystudio/v5/developer/toolchains/gnu_arm/7.2_2017q4/bin/../lib/gcc/arm-none-eabi/7.2.1/../../../../arm-none-eabi/lib/thumb/v7e-m/fpv4-sp/softfp/crt0.o (exit)
c:/siliconlabs/simplicitystudio/v5/developer/toolchains/gnu_arm/7.2_2017q4/bin/../lib/gcc/arm-none-eabi/7.2.1/../../../../arm-none-eabi/lib/thumb/v7e-m/fpv4-sp/softfp\libc_nano.a(lib_a-fprintf.o)
                              c:/siliconlabs/simplicitystudio/v5/developer/toolchains/gnu_arm/7.2_2017q4/bin/../lib/gcc/arm-none-eabi/7.2.1/../../../../arm-none-eabi/lib/thumb/v7e-m/fpv4-sp/softfp\libc_nano.a(lib_a-assert.o) (fiprintf)
c:/siliconlabs/simplicitystudio/v5/developer/toolchains/gnu_arm/7.2_2017q4/bin/../lib/gcc/arm-none-eabi/7.2.1/../../../../arm-none-eabi/lib/thumb/v7e-m/fpv4-sp/softfp\libc_nano.a(lib_a-impure.o)
                              c:/siliconlabs/simplicitystudio/v5/developer/toolchains/gnu_arm/7.2_2017q4/bin/../lib/gcc/arm-none-eabi/7.2.1/../../../../arm-none-eabi/lib/thumb/v7e-m/fpv4-sp/softfp\libc_nano.a(lib_a-exit.o) (_global_impure_ptr)
c:/siliconlabs/simplicitystudio/v5/developer/toolchains/gnu_arm/7.2_2017q4/bin/../lib/gcc/arm-none-eabi/7.2.1/../../../../arm-none-eabi/lib/thumb/v7e-m/fpv4-sp/softfp\libc_nano.a(lib_a-init.o)
                              c:/siliconlabs/simplicitystudio/v5/developer/toolchains/gnu_arm/7.2_2017q4/bin/../lib/gcc/arm-none-eabi/7.2.1/../../../../arm-none-eabi/lib/thumb/v7e-m/fpv4-sp/softfp/crt0.o (__libc_init_array)
c:/siliconlabs/simplicitystudio/v5/developer/toolchains/gnu_arm/7.2_2017q4/bin/../lib/gcc/arm-none-eabi/7.2.1/../../../../arm-none-eabi/lib/thumb/v7e-m/fpv4-sp/softfp\libc_nano.a(lib_a-memset.o)
                              c:/siliconlabs/simplicitystudio/v5/developer/toolchains/gnu_arm/7.2_2017q4/bin/../lib/gcc/arm-none-eabi/7.2.1/../../../../arm-none-eabi/lib/thumb/v7e-m/fpv4-sp/softfp/crt0.o (memset)
c:/siliconlabs/simplicitystudio/v5/developer/toolchains/gnu_arm/7.2_2017q4/bin/../lib/gcc/arm-none-eabi/7.2.1/../../../../arm-none-eabi/lib/thumb/v7e-m/fpv4-sp/softfp\libc_nano.a(lib_a-nano-vfprintf.o)
                              c:/siliconlabs/simplicitystudio/v5/developer/toolchains/gnu_arm/7.2_2017q4/bin/../lib/gcc/arm-none-eabi/7.2.1/../../../../arm-none-eabi/lib/thumb/v7e-m/fpv4-sp/softfp\libc_nano.a(lib_a-fprintf.o) (_vfprintf_r)
c:/siliconlabs/simplicitystudio/v5/developer/toolchains/gnu_arm/7.2_2017q4/bin/../lib/gcc/arm-none-eabi/7.2.1/../../../../arm-none-eabi/lib/thumb/v7e-m/fpv4-sp/softfp\libc_nano.a(lib_a-nano-vfprintf_i.o)
                              c:/siliconlabs/simplicitystudio/v5/developer/toolchains/gnu_arm/7.2_2017q4/bin/../lib/gcc/arm-none-eabi/7.2.1/../../../../arm-none-eabi/lib/thumb/v7e-m/fpv4-sp/softfp\libc_nano.a(lib_a-nano-vfprintf.o) (_printf_i)
c:/siliconlabs/simplicitystudio/v5/developer/toolchains/gnu_arm/7.2_2017q4/bin/../lib/gcc/arm-none-eabi/7.2.1/../../../../arm-none-eabi/lib/thumb/v7e-m/fpv4-sp/softfp\libc_nano.a(lib_a-printf.o)
                              ./event/event_control.o (printf)
c:/siliconlabs/simplicitystudio/v5/developer/toolchains/gnu_arm/7.2_2017q4/bin/../lib/gcc/arm-none-eabi/7.2.1/../../../../arm-none-eabi/lib/thumb/v7e-m/fpv4-sp/softfp\libc_nano.a(lib_a-setvbuf.o)
                              ./serial/retargetserial.o (setvbuf)
[...]
Memory Configuration

Name             Origin             Length             Attributes
FLASH            0x00000000         0x00100000         xr
RAM              0x20000000         0x00040000         xrw
*default*        0x00000000         0xffffffff

Linker script and memory map

LOAD c:/siliconlabs/simplicitystudio/v5/developer/toolchains/gnu_arm/7.2_2017q4/bin/../lib/gcc/arm-none-eabi/7.2.1/thumb/v7e-m/fpv4-sp/softfp/crti.o
LOAD c:/siliconlabs/simplicitystudio/v5/developer/toolchains/gnu_arm/7.2_2017q4/bin/../lib/gcc/arm-none-eabi/7.2.1/thumb/v7e-m/fpv4-sp/softfp/crtbegin.o
LOAD c:/siliconlabs/simplicitystudio/v5/developer/toolchains/gnu_arm/7.2_2017q4/bin/../lib/gcc/arm-none-eabi/7.2.1/../../../../arm-none-eabi/lib/thumb/v7e-m/fpv4-sp/softfp/crt0.o
LOAD ./CMSIS/EFR32MG12P/startup_efr32mg12p.o
LOAD ./CMSIS/EFR32MG12P/system_efr32mg12p.o
LOAD ./button/button_control.o
LOAD ./button/button_handler.o
LOAD ./emlib/em_cmu.o
LOAD ./emlib/em_core.o
LOAD ./emlib/em_emu.o
LOAD ./emlib/em_gpio.o
LOAD ./emlib/em_i2c.o
LOAD ./emlib/em_rtcc.o
LOAD ./emlib/em_system.o
LOAD ./emlib/em_timer.o
LOAD ./emlib/em_usart.o
LOAD ./event/event_control.o
LOAD ./event/event_handler.o
LOAD ./illum/illum_control.o
LOAD ./illum/illum_handler.o
LOAD ./led/led_control.o
LOAD ./led/led_handler.o
LOAD ./serial/retargetio.o
LOAD ./serial/retargetserial.o
LOAD ./src/app.o
LOAD ./src/main.o
START GROUP
LOAD c:/siliconlabs/simplicitystudio/v5/developer/toolchains/gnu_arm/7.2_2017q4/bin/../lib/gcc/arm-none-eabi/7.2.1/thumb/v7e-m/fpv4-sp/softfp\libgcc.a
LOAD c:/siliconlabs/simplicitystudio/v5/developer/toolchains/gnu_arm/7.2_2017q4/bin/../lib/gcc/arm-none-eabi/7.2.1/../../../../arm-none-eabi/lib/thumb/v7e-m/fpv4-sp/softfp\libc_nano.a
LOAD c:/siliconlabs/simplicitystudio/v5/developer/toolchains/gnu_arm/7.2_2017q4/bin/../lib/gcc/arm-none-eabi/7.2.1/../../../../arm-none-eabi/lib/thumb/v7e-m/fpv4-sp/softfp\libnosys.a
END GROUP
START GROUP
LOAD c:/siliconlabs/simplicitystudio/v5/developer/toolchains/gnu_arm/7.2_2017q4/bin/../lib/gcc/arm-none-eabi/7.2.1/thumb/v7e-m/fpv4-sp/softfp\libgcc.a
LOAD c:/siliconlabs/simplicitystudio/v5/developer/toolchains/gnu_arm/7.2_2017q4/bin/../lib/gcc/arm-none-eabi/7.2.1/../../../../arm-none-eabi/lib/thumb/v7e-m/fpv4-sp/softfp\libg_nano.a
LOAD c:/siliconlabs/simplicitystudio/v5/developer/toolchains/gnu_arm/7.2_2017q4/bin/../lib/gcc/arm-none-eabi/7.2.1/../../../../arm-none-eabi/lib/thumb/v7e-m/fpv4-sp/softfp\libc_nano.a
END GROUP
START GROUP
LOAD c:/siliconlabs/simplicitystudio/v5/developer/toolchains/gnu_arm/7.2_2017q4/bin/../lib/gcc/arm-none-eabi/7.2.1/thumb/v7e-m/fpv4-sp/softfp\libgcc.a
LOAD c:/siliconlabs/simplicitystudio/v5/developer/toolchains/gnu_arm/7.2_2017q4/bin/../lib/gcc/arm-none-eabi/7.2.1/../../../../arm-none-eabi/lib/thumb/v7e-m/fpv4-sp/softfp\libc_nano.a
END GROUP
LOAD c:/siliconlabs/simplicitystudio/v5/developer/toolchains/gnu_arm/7.2_2017q4/bin/../lib/gcc/arm-none-eabi/7.2.1/thumb/v7e-m/fpv4-sp/softfp/crtend.o
LOAD c:/siliconlabs/simplicitystudio/v5/developer/toolchains/gnu_arm/7.2_2017q4/bin/../lib/gcc/arm-none-eabi/7.2.1/thumb/v7e-m/fpv4-sp/softfp/crtn.o

.text           0x00000000     0x5890
 *(.vectors)
 .vectors       0x00000000      0x10c ./CMSIS/EFR32MG12P/startup_efr32mg12p.o
                0x00000000                __Vectors
                0x0000010c                __Vectors_End = .
                0x0000010c                __Vectors_Size = (__Vectors_End - __Vectors)
                0x0000010c                __end__ = .
 *(.text*)
 .text          0x0000010c       0x40 c:/siliconlabs/simplicitystudio/v5/developer/toolchains/gnu_arm/7.2_2017q4/bin/../lib/gcc/arm-none-eabi/7.2.1/thumb/v7e-m/fpv4-sp/softfp/crtbegin.o
 .text          0x0000014c       0x74 c:/siliconlabs/simplicitystudio/v5/developer/toolchains/gnu_arm/7.2_2017q4/bin/../lib/gcc/arm-none-eabi/7.2.1/../../../../arm-none-eabi/lib/thumb/v7e-m/fpv4-sp/softfp/crt0.o
                0x0000014c                _start
                0x0000014c                _mainCRTStartup
 .text          0x000001c0       0x30 ./CMSIS/EFR32MG12P/startup_efr32mg12p.o
                0x000001c0                Reset_Handler
                0x000001ec                USART0_TX_IRQHandler
                0x000001ec                I2C0_IRQHandler
                0x000001ec                HardFault_Handler
                0x000001ec                USART1_RX_IRQHandler
                0x000001ec                PendSV_Handler
                0x000001ec                NMI_Handler
                0x000001ec                SYNTH_IRQHandler
                0x000001ec                I2C1_IRQHandler
                0x000001ec                WTIMER0_IRQHandler
                0x000001ec                CRYPTO0_IRQHandler
                0x000001ec                WDOG0_IRQHandler
                0x000001ec                USART1_TX_IRQHandler
                0x000001ec                SMU_IRQHandler
                0x000001ec                MSC_IRQHandler
                0x000001ec                ADC0_IRQHandler
                0x000001ec                UsageFault_Handler
                0x000001ec                WDOG1_IRQHandler
                0x000001ec                LEUART0_IRQHandler
                0x000001ec                FPUEH_IRQHandler
                0x000001ec                WTIMER1_IRQHandler
                0x000001ec                VDAC0_IRQHandler
                0x000001ec                LDMA_IRQHandler
                0x000001ec                CSEN_IRQHandler
                0x000001ec                CRYPTO1_IRQHandler
                0x000001ec                DebugMon_Handler
                0x000001ec                PCNT2_IRQHandler
                0x000001ec                LETIMER0_IRQHandler
                0x000001ec                TIMER1_IRQHandler
                0x000001ec                TRNG0_IRQHandler
                0x000001ec                RFSENSE_IRQHandler
                0x000001ec                BUFC_IRQHandler
                0x000001ec                MODEM_IRQHandler
                0x000001ec                USART2_RX_IRQHandler
                0x000001ec                Default_Handler
                0x000001ec                RAC_SEQ_IRQHandler
                0x000001ec                FRC_PRI_IRQHandler
                0x000001ec                EMU_IRQHandler
                0x000001ec                FRC_IRQHandler
                0x000001ec                CRYOTIMER_IRQHandler
                0x000001ec                PCNT0_IRQHandler
                0x000001ec                AGC_IRQHandler
                0x000001ec                sl_app_properties
                0x000001ec                PCNT1_IRQHandler
                0x000001ec                ACMP0_IRQHandler
                0x000001ec                MemManage_Handler
                0x000001ec                SVC_Handler
                0x000001ec                USART3_RX_IRQHandler
                0x000001ec                RTCC_IRQHandler
                0x000001ec                CMU_IRQHandler
                0x000001ec                RAC_RSM_IRQHandler
                0x000001ec                LESENSE_IRQHandler
                0x000001ec                USART3_TX_IRQHandler
                0x000001ec                PROTIMER_IRQHandler
                0x000001ec                BusFault_Handler
                0x000001ec                USART2_TX_IRQHandler
                0x000001ec                IDAC0_IRQHandler
 .text.SystemCoreClockGet
                0x000001f0       0x40 ./CMSIS/EFR32MG12P/system_efr32mg12p.o
                0x000001f0                SystemCoreClockGet
 .text.SystemMaxCoreClockGet
                0x00000230       0x14 ./CMSIS/EFR32MG12P/system_efr32mg12p.o
                0x00000230                SystemMaxCoreClockGet
 .text.SystemHFClockGet
                0x00000244       0x88 ./CMSIS/EFR32MG12P/system_efr32mg12p.o
                0x00000244                SystemHFClockGet
 .text.SystemHFXOClockGet
                0x000002cc       0x18 ./CMSIS/EFR32MG12P/system_efr32mg12p.o
                0x000002cc                SystemHFXOClockGet
 .text.SystemInit
                0x000002e4       0x2c ./CMSIS/EFR32MG12P/system_efr32mg12p.o
                0x000002e4                SystemInit
 .text.SystemLFRCOClockGet
                0x00000310       0x12 ./CMSIS/EFR32MG12P/system_efr32mg12p.o
                0x00000310                SystemLFRCOClockGet
 .text.SystemULFRCOClockGet
                0x00000322       0x12 ./CMSIS/EFR32MG12P/system_efr32mg12p.o
                0x00000322                SystemULFRCOClockGet
 .text.SystemLFXOClockGet
                0x00000334       0x18 ./CMSIS/EFR32MG12P/system_efr32mg12p.o
                0x00000334                SystemLFXOClockGet
 .text.__NVIC_EnableIRQ
                0x0000034c       0x3c ./button/button_control.o
 .text.__NVIC_DisableIRQ
                0x00000388       0x44 ./button/button_control.o
 .text.GPIO_IntClear
                0x000003cc       0x20 ./button/button_control.o
 .text.GPIO_IntGet
                0x000003ec       0x18 ./button/button_control.o
 .text.ButInit  0x00000404       0x80 ./button/button_control.o
                0x00000404                ButInit
 .text.GPIO_EVEN_IRQHandler
                0x00000484       0x3c ./button/button_control.o
                0x00000484                GPIO_EVEN_IRQHandler
 .text.GPIO_ODD_IRQHandler
                0x000004c0       0x3c ./button/button_control.o
                0x000004c0                GPIO_ODD_IRQHandler
 .text.BtnPressedState
                0x000004fc       0x24 ./button/button_control.o
                0x000004fc                BtnPressedState
 .text.BtnSetDigit
                0x00000520       0x1c ./button/button_control.o
                0x00000520                BtnSetDigit
 .text.GetPressedButton
                0x0000053c       0x70 ./button/button_control.o
                0x0000053c                GetPressedButton
 .text.IncrementDigit
                0x000005ac      0x134 ./button/button_control.o
                0x000005ac                IncrementDigit
 .text.BtnShowNumber
                0x000006e0       0x3a ./button/button_control.o
                0x000006e0                BtnShowNumber
 *fill*         0x0000071a        0x2 
 .text.BtnClearBntState
                0x0000071c       0x24 ./button/button_control.o
                0x0000071c                BtnClearBntState
 .text.BtnResetSec
                0x00000740       0x38 ./button/button_control.o
                0x00000740                BtnResetSec
 .text.ButtonInit
                0x00000778       0x14 ./button/button_handler.o
                0x00000778                ButtonInit
 .text.ButtonPressedState
                0x0000078c        0xe ./button/button_handler.o
                0x0000078c                ButtonPressedState
 *fill*         0x0000079a        0x2 
 .text.ButtonSetDigit
                0x0000079c       0xa4 ./button/button_handler.o
                0x0000079c                ButtonSetDigit
 .text.BUS_RegBitWrite
                0x00000840       0x2e ./emlib/em_cmu.o
 .text.BUS_RegBitRead
                0x0000086e       0x2a ./emlib/em_cmu.o
 .text.SL_Log2ToDiv
                0x00000898       0x1c ./emlib/em_cmu.o
 .text.EMU_LDOStatusGet
                0x000008b4       0x24 ./emlib/em_cmu.o
 .text.EMU_VScaleWait
                0x000008d8       0x30 ./emlib/em_cmu.o
 .text.EMU_VScaleGet
                0x00000908       0x1c ./emlib/em_cmu.o
 .text.setHfLeConfig
                0x00000924       0x64 ./emlib/em_cmu.o
 .text.auxClkGet
                0x00000988       0x20 ./emlib/em_cmu.o
 .text.hfSrcClkGet
                0x000009a8       0x2c ./emlib/em_cmu.o
 .text.dbgClkGet
                0x000009d4       0x40 ./emlib/em_cmu.o
 .text.adcAsyncClkGet
                0x00000a14       0x80 ./emlib/em_cmu.o
 .text.flashWaitStateControl
                0x00000a94       0x8c ./emlib/em_cmu.o
 .text.flashWaitStateMax
                0x00000b20       0x44 ./emlib/em_cmu.o
 .text.CMU_UpdateWaitStates
                0x00000b64       0x40 ./emlib/em_cmu.o
                0x00000b64                CMU_UpdateWaitStates
 .text.getRegIshUpperVal
                0x00000ba4       0x36 ./emlib/em_cmu.o
 *fill*         0x00000bda        0x2 
 .text.getHfxoTuningMode
                0x00000bdc       0x1c ./emlib/em_cmu.o
 .text.setHfxoTuningMode
                0x00000bf8       0x2c ./emlib/em_cmu.o
 .text.lfClkGet
                0x00000c24       0xf4 ./emlib/em_cmu.o
 .text.syncReg  0x00000d18       0x38 ./emlib/em_cmu.o
 .text.hfperClkSafePrescaler
                0x00000d50        0xe ./emlib/em_cmu.o
 .text.hfperClkOptimizedPrescaler
                0x00000d5e        0xe ./emlib/em_cmu.o
 .text.CMU_ClockDivGet
                0x00000d6c       0x1a ./emlib/em_cmu.o
                0x00000d6c                CMU_ClockDivGet
 *fill*         0x00000d86        0x2 
 .text.CMU_ClockEnable
                0x00000d88       0xcc ./emlib/em_cmu.o
                0x00000d88                CMU_ClockEnable
 .text.CMU_ClockFreqGet
                0x00000e54      0x234 ./emlib/em_cmu.o
                0x00000e54                CMU_ClockFreqGet
 .text.CMU_ClockPrescGet
                0x00001088      0x194 ./emlib/em_cmu.o
                0x00001088                CMU_ClockPrescGet
 .text.CMU_ClockSelectGet
                0x0000121c      0x1c0 ./emlib/em_cmu.o
                0x0000121c                CMU_ClockSelectGet
 .text.CMU_ClockSelectSet
                0x000013dc      0x2ec ./emlib/em_cmu.o
                0x000013dc                CMU_ClockSelectSet
 .text.CMU_HFRCOBandGet
                0x000016c8       0x18 ./emlib/em_cmu.o
                0x000016c8                CMU_HFRCOBandGet
 .text.CMU_HFXOInit
                0x000016e0       0xe4 ./emlib/em_cmu.o
                0x000016e0                CMU_HFXOInit
 .text.CMU_LFXOInit
                0x000017c4       0x60 ./emlib/em_cmu.o
                0x000017c4                CMU_LFXOInit
 .text.CMU_OscillatorEnable
                0x00001824      0x1a0 ./emlib/em_cmu.o
                0x00001824                CMU_OscillatorEnable
 .text.CMU_OscillatorTuningGet
                0x000019c4       0x74 ./emlib/em_cmu.o
                0x000019c4                CMU_OscillatorTuningGet
 .text.CMU_OscillatorTuningSet
                0x00001a38      0x100 ./emlib/em_cmu.o
                0x00001a38                CMU_OscillatorTuningSet
 .text.CMU_OscillatorTuningWait
                0x00001b38       0x94 ./emlib/em_cmu.o
                0x00001b38                CMU_OscillatorTuningWait
 .text.CMU_OscillatorTuningOptimize
                0x00001bcc       0x58 ./emlib/em_cmu.o
                0x00001bcc                CMU_OscillatorTuningOptimize
 .text.CORE_EnterAtomic
                0x00001c24       0x20 ./emlib/em_core.o
                0x00001c24                CORE_EnterAtomic
 .text.CORE_ExitAtomic
                0x00001c44       0x1c ./emlib/em_core.o
                0x00001c44                CORE_ExitAtomic
 .text.BUS_RegBitWrite
                0x00001c60       0x2e ./emlib/em_emu.o
 .text.BUS_RegBitRead
                0x00001c8e       0x2a ./emlib/em_emu.o
 .text.EMU_LDOStatusGet
                0x00001cb8       0x24 ./emlib/em_emu.o
 .text.EMU_VScaleWait
                0x00001cdc       0x30 ./emlib/em_emu.o
 .text.EMU_VScaleGet
                0x00001d0c       0x1c ./emlib/em_emu.o
 .text.EMU_IntClear
                0x00001d28       0x20 ./emlib/em_emu.o
 .text.EMU_IntGet
                0x00001d48       0x18 ./emlib/em_emu.o
 .text.EMU_PowerLock
                0x00001d60       0x18 ./emlib/em_emu.o
 .text.EMU_PowerUnlock
                0x00001d78       0x1c ./emlib/em_emu.o
 .text.vScaleEM01Cmd
                0x00001d94       0x22 ./emlib/em_emu.o
 *fill*         0x00001db6        0x2 
 .text.EMU_VScaleEM01ByClock
                0x00001db8       0x84 ./emlib/em_emu.o
                0x00001db8                EMU_VScaleEM01ByClock
 .text.EMU_VScaleEM01
                0x00001e3c       0x98 ./emlib/em_emu.o
                0x00001e3c                EMU_VScaleEM01
 .text.dcdcConstCalibrationLoad
                0x00001ed4       0x10 ./emlib/em_emu.o
 .text.dcdcValidatedConfigSet
                0x00001ee4       0x40 ./emlib/em_emu.o
 .text.currentLimitersUpdate
                0x00001f24       0xe8 ./emlib/em_emu.o
 .text.userCurrentLimitsSet
                0x0000200c       0x30 ./emlib/em_emu.o
 .text.compCtrlSet
                0x0000203c       0x40 ./emlib/em_emu.o
 .text.lpCmpHystCalibrationLoad
                0x0000207c       0xd0 ./emlib/em_emu.o
 .text.lpGetDevinfoVrefLowHigh
                0x0000214c      0x158 ./emlib/em_emu.o
 .text.EMU_DCDCModeSet
                0x000022a4      0x10c ./emlib/em_emu.o
                0x000022a4                EMU_DCDCModeSet
 .text.EMU_DCDCInit
                0x000023b0      0x138 ./emlib/em_emu.o
                0x000023b0                EMU_DCDCInit
 .text.EMU_DCDCOutputVoltageSet
                0x000024e8      0x2ac ./emlib/em_emu.o
                0x000024e8                EMU_DCDCOutputVoltageSet
 .text.EMU_DCDCOptimizeSlice
                0x00002794       0xd8 ./emlib/em_emu.o
                0x00002794                EMU_DCDCOptimizeSlice
 .text.EMU_DCDCLnRcoBandSet
                0x0000286c       0x54 ./emlib/em_emu.o
                0x0000286c                EMU_DCDCLnRcoBandSet
 .text.BUS_RegBitWrite
                0x000028c0       0x2e ./emlib/em_gpio.o
 .text.BUS_RegMaskedSet
                0x000028ee       0x24 ./emlib/em_gpio.o
 .text.BUS_RegMaskedClear
                0x00002912       0x24 ./emlib/em_gpio.o
 .text.BUS_RegMaskedWrite
                0x00002936       0x24 ./emlib/em_gpio.o
 *fill*         0x0000295a        0x2 
 .text.GPIO_IntClear
                0x0000295c       0x20 ./emlib/em_gpio.o
 .text.GPIO_PinOutClear
                0x0000297c       0x78 ./emlib/em_gpio.o
 .text.GPIO_PinOutSet
                0x000029f4       0x78 ./emlib/em_gpio.o
 .text.GPIO_ExtIntConfig
                0x00002a6c      0x140 ./emlib/em_gpio.o
                0x00002a6c                GPIO_ExtIntConfig
 .text.GPIO_PinModeSet
                0x00002bac      0x138 ./emlib/em_gpio.o
                0x00002bac                GPIO_PinModeSet
 .text.BUS_RegBitWrite
                0x00002ce4       0x2e ./emlib/em_rtcc.o
 *fill*         0x00002d12        0x2 
 .text.RTCC_Enable
                0x00002d14       0x24 ./emlib/em_rtcc.o
                0x00002d14                RTCC_Enable
 .text.RTCC_Init
                0x00002d38       0x98 ./emlib/em_rtcc.o
                0x00002d38                RTCC_Init
 .text.prsRxInput
                0x00002dd0       0x26 ./emlib/em_usart.o
 *fill*         0x00002df6        0x2 
 .text.USART_BaudrateAsyncSet
                0x00002df8       0xb0 ./emlib/em_usart.o
                0x00002df8                USART_BaudrateAsyncSet
 .text.USART_Enable
                0x00002ea8       0x64 ./emlib/em_usart.o
                0x00002ea8                USART_Enable
 .text.USART_InitAsync
                0x00002f0c       0xec ./emlib/em_usart.o
                0x00002f0c                USART_InitAsync
 .text.USART_Reset
                0x00002ff8       0xd0 ./emlib/em_usart.o
                0x00002ff8                USART_Reset
 .text.USART_Rx
                0x000030c8       0x28 ./emlib/em_usart.o
                0x000030c8                USART_Rx
 .text.USART_Tx
                0x000030f0       0x2c ./emlib/em_usart.o
                0x000030f0                USART_Tx
 .text.__NVIC_EnableIRQ
                0x0000311c       0x3c ./event/event_control.o
 .text.__NVIC_SetPriority
                0x00003158       0x54 ./event/event_control.o
 .text.SysTick_Config
                0x000031ac       0x44 ./event/event_control.o
 .text.EvInitTimer
                0x000031f0       0x5c ./event/event_control.o
                0x000031f0                EvInitTimer
 .text.SysTick_Handler
                0x0000324c       0x7c ./event/event_control.o
                0x0000324c                SysTick_Handler
 .text.EvGetCurrTick
                0x000032c8       0x18 ./event/event_control.o
                0x000032c8                EvGetCurrTick
 .text.EventInit
                0x000032e0       0x16 ./event/event_handler.o
                0x000032e0                EventInit
 *fill*         0x000032f6        0x2 
 .text.EventGetAppState
                0x000032f8       0x54 ./event/event_handler.o
                0x000032f8                EventGetAppState
 .text.IllumInit
                0x0000334c        0xe ./illum/illum_handler.o
                0x0000334c                IllumInit
 .text.BUS_RegMaskedSet
                0x0000335a       0x24 ./led/led_control.o
 .text.BUS_RegMaskedClear
                0x0000337e       0x24 ./led/led_control.o
 .text.GPIO_PinOutClear
                0x000033a2       0x78 ./led/led_control.o
 .text.GPIO_PinOutSet
                0x0000341a       0x78 ./led/led_control.o
 .text.LeDriveSegments
                0x00003492       0x16 ./led/led_control.o
                0x00003492                LeDriveSegments
 .text.LeDriveSegment
                0x000034a8       0x40 ./led/led_control.o
                0x000034a8                LeDriveSegment
 .text.LeDriveMux
                0x000034e8       0xb8 ./led/led_control.o
                0x000034e8                LeDriveMux
 .text.LeDriveSevenSeg
                0x000035a0       0x80 ./led/led_control.o
                0x000035a0                LeDriveSevenSeg
 .text.LeSetLedDirect
                0x00003620      0x19c ./led/led_control.o
                0x00003620                LeSetLedDirect
 .text.LeInitGPIO
                0x000037bc       0x68 ./led/led_control.o
                0x000037bc                LeInitGPIO
 .text.LedInit  0x00003824        0xc ./led/led_handler.o
                0x00003824                LedInit
 .text.LedDrive
                0x00003830       0x16 ./led/led_handler.o
                0x00003830                LedDrive
 .text._close   0x00003846       0x16 ./serial/retargetio.o
                0x00003846                _close
 .text._exit    0x0000385c        0xa ./serial/retargetio.o
                0x0000385c                _exit
 .text._fstat   0x00003866       0x20 ./serial/retargetio.o
                0x00003866                _fstat
 .text._getpid  0x00003886       0x10 ./serial/retargetio.o
                0x00003886                _getpid
 .text._isatty  0x00003896       0x16 ./serial/retargetio.o
                0x00003896                _isatty
 .text._kill    0x000038ac       0x1a ./serial/retargetio.o
                0x000038ac                _kill
 .text._lseek   0x000038c6       0x1a ./serial/retargetio.o
                0x000038c6                _lseek
 .text._read    0x000038e0       0x56 ./serial/retargetio.o
                0x000038e0                _read
 *fill*         0x00003936        0x2 
 .text._sbrk    0x00003938       0x40 ./serial/retargetio.o
                0x00003938                _sbrk
 .text._write   0x00003978       0x38 ./serial/retargetio.o
                0x00003978                _write
 .text.__NVIC_EnableIRQ
                0x000039b0       0x3c ./serial/retargetserial.o
 .text.__NVIC_ClearPendingIRQ
                0x000039ec       0x3c ./serial/retargetserial.o
 .text.USART_IntClear
                0x00003a28       0x1c ./serial/retargetserial.o
 .text.USART_IntDisable
                0x00003a44       0x24 ./serial/retargetserial.o
 .text.USART_IntEnable
                0x00003a68       0x22 ./serial/retargetserial.o
 *fill*         0x00003a8a        0x2 
 .text.disableRxInterrupt
                0x00003a8c       0x14 ./serial/retargetserial.o
 .text.enableRxInterrupt
                0x00003aa0       0x14 ./serial/retargetserial.o
 .text.USART0_RX_IRQHandler
                0x00003ab4       0x68 ./serial/retargetserial.o
                0x00003ab4                USART0_RX_IRQHandler
 .text.RETARGET_SerialCrLf
                0x00003b1c       0x2c ./serial/retargetserial.o
                0x00003b1c                RETARGET_SerialCrLf
 .text.RETARGET_SerialInit
                0x00003b48       0xd0 ./serial/retargetserial.o
                0x00003b48                RETARGET_SerialInit
 .text.RETARGET_ReadChar
                0x00003c18       0x80 ./serial/retargetserial.o
                0x00003c18                RETARGET_ReadChar
 .text.RETARGET_WriteChar
                0x00003c98       0x54 ./serial/retargetserial.o
                0x00003c98                RETARGET_WriteChar
 .text.AppMain  0x00003cec       0x60 ./src/app.o
                0x00003cec                AppMain
 .text.AppGetTime
                0x00003d4c       0x74 ./src/app.o
                0x00003d4c                AppGetTime
 .text.AppGetTimeDigit
                0x00003dc0       0x80 ./src/app.o
                0x00003dc0                AppGetTimeDigit
 .text.__NVIC_SetPriority
                0x00003e40       0x54 ./src/main.o
 .text.SYSTEM_GetProdRev
                0x00003e94       0x1c ./src/main.o
 .text.BUS_RegMaskedSet
                0x00003eb0       0x24 ./src/main.o
 .text.BUS_RegMaskedClear
                0x00003ed4       0x24 ./src/main.o
 .text.GPIO_PinOutClear
                0x00003ef8       0x78 ./src/main.o
 .text.GPIO_PinOutSet
                0x00003f70       0x78 ./src/main.o
 .text.CHIP_Init
                0x00003fe8       0x90 ./src/main.o
 .text.RTCC_TimeSet
                0x00004078       0x20 ./src/main.o
 .text.TIMER_IntClear
                0x00004098       0x1c ./src/main.o
 .text.TIMER_IntGet
                0x000040b4       0x18 ./src/main.o
 .text.main     0x000040cc       0xe0 ./src/main.o
                0x000040cc                main
 .text.rtccSetup
                0x000041ac       0x88 ./src/main.o
                0x000041ac                rtccSetup
 .text.TIMER0_IRQHandler
                0x00004234       0x68 ./src/main.o
                0x00004234                TIMER0_IRQHandler
 .text.__assert_func
                0x0000429c       0x3c c:/siliconlabs/simplicitystudio/v5/developer/toolchains/gnu_arm/7.2_2017q4/bin/../lib/gcc/arm-none-eabi/7.2.1/../../../../arm-none-eabi/lib/thumb/v7e-m/fpv4-sp/softfp\libc_nano.a(lib_a-assert.o)
                0x0000429c                __assert_func
 .text.exit     0x000042d8       0x28 c:/siliconlabs/simplicitystudio/v5/developer/toolchains/gnu_arm/7.2_2017q4/bin/../lib/gcc/arm-none-eabi/7.2.1/../../../../arm-none-eabi/lib/thumb/v7e-m/fpv4-sp/softfp\libc_nano.a(lib_a-exit.o)
                0x000042d8                exit
 .text.fprintf  0x00004300       0x24 c:/siliconlabs/simplicitystudio/v5/developer/toolchains/gnu_arm/7.2_2017q4/bin/../lib/gcc/arm-none-eabi/7.2.1/../../../../arm-none-eabi/lib/thumb/v7e-m/fpv4-sp/softfp\libc_nano.a(lib_a-fprintf.o)
                0x00004300                fiprintf
                0x00004300                fprintf
 .text.__libc_init_array
                0x00004324       0x48 c:/siliconlabs/simplicitystudio/v5/developer/toolchains/gnu_arm/7.2_2017q4/bin/../lib/gcc/arm-none-eabi/7.2.1/../../../../arm-none-eabi/lib/thumb/v7e-m/fpv4-sp/softfp\libc_nano.a(lib_a-init.o)
                0x00004324                __libc_init_array
 .text.memset   0x0000436c       0x10 c:/siliconlabs/simplicitystudio/v5/developer/toolchains/gnu_arm/7.2_2017q4/bin/../lib/gcc/arm-none-eabi/7.2.1/../../../../arm-none-eabi/lib/thumb/v7e-m/fpv4-sp/softfp\libc_nano.a(lib_a-memset.o)
                0x0000436c                memset
 .text.__sfputc_r
                0x0000437c       0x2e c:/siliconlabs/simplicitystudio/v5/developer/toolchains/gnu_arm/7.2_2017q4/bin/../lib/gcc/arm-none-eabi/7.2.1/../../../../arm-none-eabi/lib/thumb/v7e-m/fpv4-sp/softfp\libc_nano.a(lib_a-nano-vfprintf.o)
 .text.__sfputs_r
                0x000043aa       0x24 c:/siliconlabs/simplicitystudio/v5/developer/toolchains/gnu_arm/7.2_2017q4/bin/../lib/gcc/arm-none-eabi/7.2.1/../../../../arm-none-eabi/lib/thumb/v7e-m/fpv4-sp/softfp\libc_nano.a(lib_a-nano-vfprintf.o)
                0x000043aa                __sfputs_r
 *fill*         0x000043ce        0x2 
 .text._vfprintf_r
                0x000043d0      0x228 c:/siliconlabs/simplicitystudio/v5/developer/toolchains/gnu_arm/7.2_2017q4/bin/../lib/gcc/arm-none-eabi/7.2.1/../../../../arm-none-eabi/lib/thumb/v7e-m/fpv4-sp/softfp\libc_nano.a(lib_a-nano-vfprintf.o)
                0x000043d0                _vfprintf_r
                0x000043d0                _vfiprintf_r
 .text._printf_common
                0x000045f8       0xea c:/siliconlabs/simplicitystudio/v5/developer/toolchains/gnu_arm/7.2_2017q4/bin/../lib/gcc/arm-none-eabi/7.2.1/../../../../arm-none-eabi/lib/thumb/v7e-m/fpv4-sp/softfp\libc_nano.a(lib_a-nano-vfprintf_i.o)
                0x000045f8                _printf_common
 *fill*         0x000046e2        0x2 
 .text._printf_i
                0x000046e4      0x224 c:/siliconlabs/simplicitystudio/v5/developer/toolchains/gnu_arm/7.2_2017q4/bin/../lib/gcc/arm-none-eabi/7.2.1/../../../../arm-none-eabi/lib/thumb/v7e-m/fpv4-sp/softfp\libc_nano.a(lib_a-nano-vfprintf_i.o)
                0x000046e4                _printf_i
 .text.printf   0x00004908       0x30 c:/siliconlabs/simplicitystudio/v5/developer/toolchains/gnu_arm/7.2_2017q4/bin/../lib/gcc/arm-none-eabi/7.2.1/../../../../arm-none-eabi/lib/thumb/v7e-m/fpv4-sp/softfp\libc_nano.a(lib_a-printf.o)
                0x00004908                iprintf
                0x00004908                printf
 .text.setvbuf  0x00004938      0x15c c:/siliconlabs/simplicitystudio/v5/developer/toolchains/gnu_arm/7.2_2017q4/bin/../lib/gcc/arm-none-eabi/7.2.1/../../../../arm-none-eabi/lib/thumb/v7e-m/fpv4-sp/softfp\libc_nano.a(lib_a-setvbuf.o)
                0x00004938                setvbuf
 .text._strtol_l.isra.0
                0x00004a94       0xf6 c:/siliconlabs/simplicitystudio/v5/developer/toolchains/gnu_arm/7.2_2017q4/bin/../lib/gcc/arm-none-eabi/7.2.1/../../../../arm-none-eabi/lib/thumb/v7e-m/fpv4-sp/softfp\libc_nano.a(lib_a-strtol.o)
 *fill*         0x00004b8a        0x2 
 .text.strtol   0x00004b8c       0x2c c:/siliconlabs/simplicitystudio/v5/developer/toolchains/gnu_arm/7.2_2017q4/bin/../lib/gcc/arm-none-eabi/7.2.1/../../../../arm-none-eabi/lib/thumb/v7e-m/fpv4-sp/softfp\libc_nano.a(lib_a-strtol.o)
                0x00004b8c                strtol
 .text.__swbuf_r
                0x00004bb8       0xa4 c:/siliconlabs/simplicitystudio/v5/developer/toolchains/gnu_arm/7.2_2017q4/bin/../lib/gcc/arm-none-eabi/7.2.1/../../../../arm-none-eabi/lib/thumb/v7e-m/fpv4-sp/softfp\libc_nano.a(lib_a-wbuf.o)
                0x00004bb8                __swbuf_r
 .text.__swsetup_r
                0x00004c5c       0xdc c:/siliconlabs/simplicitystudio/v5/developer/toolchains/gnu_arm/7.2_2017q4/bin/../lib/gcc/arm-none-eabi/7.2.1/../../../../arm-none-eabi/lib/thumb/v7e-m/fpv4-sp/softfp\libc_nano.a(lib_a-wsetup.o)
                0x00004c5c                __swsetup_r
 .text.abort    0x00004d38        0xe c:/siliconlabs/simplicitystudio/v5/developer/toolchains/gnu_arm/7.2_2017q4/bin/../lib/gcc/arm-none-eabi/7.2.1/../../../../arm-none-eabi/lib/thumb/v7e-m/fpv4-sp/softfp\libc_nano.a(lib_a-abort.o)
                0x00004d38                abort
 *fill*         0x00004d46        0x2 
 .text.__sflush_r
                0x00004d48      0x10c c:/siliconlabs/simplicitystudio/v5/developer/toolchains/gnu_arm/7.2_2017q4/bin/../lib/gcc/arm-none-eabi/7.2.1/../../../../arm-none-eabi/lib/thumb/v7e-m/fpv4-sp/softfp\libc_nano.a(lib_a-fflush.o)
                0x00004d48                __sflush_r
 .text._fflush_r
                0x00004e54       0x54 c:/siliconlabs/simplicitystudio/v5/developer/toolchains/gnu_arm/7.2_2017q4/bin/../lib/gcc/arm-none-eabi/7.2.1/../../../../arm-none-eabi/lib/thumb/v7e-m/fpv4-sp/softfp\libc_nano.a(lib_a-fflush.o)
                0x00004e54                _fflush_r
 .text.std      0x00004ea8       0x48 c:/siliconlabs/simplicitystudio/v5/developer/toolchains/gnu_arm/7.2_2017q4/bin/../lib/gcc/arm-none-eabi/7.2.1/../../../../arm-none-eabi/lib/thumb/v7e-m/fpv4-sp/softfp\libc_nano.a(lib_a-findfp.o)
 .text._cleanup_r
                0x00004ef0        0xc c:/siliconlabs/simplicitystudio/v5/developer/toolchains/gnu_arm/7.2_2017q4/bin/../lib/gcc/arm-none-eabi/7.2.1/../../../../arm-none-eabi/lib/thumb/v7e-m/fpv4-sp/softfp\libc_nano.a(lib_a-findfp.o)
                0x00004ef0                _cleanup_r
 .text.__sfmoreglue
                0x00004efc       0x2c c:/siliconlabs/simplicitystudio/v5/developer/toolchains/gnu_arm/7.2_2017q4/bin/../lib/gcc/arm-none-eabi/7.2.1/../../../../arm-none-eabi/lib/thumb/v7e-m/fpv4-sp/softfp\libc_nano.a(lib_a-findfp.o)
                0x00004efc                __sfmoreglue
 .text.__sinit  0x00004f28       0x60 c:/siliconlabs/simplicitystudio/v5/developer/toolchains/gnu_arm/7.2_2017q4/bin/../lib/gcc/arm-none-eabi/7.2.1/../../../../arm-none-eabi/lib/thumb/v7e-m/fpv4-sp/softfp\libc_nano.a(lib_a-findfp.o)
                0x00004f28                __sinit
 .text.__sfp    0x00004f88       0x78 c:/siliconlabs/simplicitystudio/v5/developer/toolchains/gnu_arm/7.2_2017q4/bin/../lib/gcc/arm-none-eabi/7.2.1/../../../../arm-none-eabi/lib/thumb/v7e-m/fpv4-sp/softfp\libc_nano.a(lib_a-findfp.o)
                0x00004f88                __sfp
 .text._fwalk_reent
                0x00005000       0x3c c:/siliconlabs/simplicitystudio/v5/developer/toolchains/gnu_arm/7.2_2017q4/bin/../lib/gcc/arm-none-eabi/7.2.1/../../../../arm-none-eabi/lib/thumb/v7e-m/fpv4-sp/softfp\libc_nano.a(lib_a-fwalk.o)
                0x00005000                _fwalk_reent
 .text.__locale_ctype_ptr_l
                0x0000503c        0x6 c:/siliconlabs/simplicitystudio/v5/developer/toolchains/gnu_arm/7.2_2017q4/bin/../lib/gcc/arm-none-eabi/7.2.1/../../../../arm-none-eabi/lib/thumb/v7e-m/fpv4-sp/softfp\libc_nano.a(lib_a-locale.o)
                0x0000503c                __locale_ctype_ptr_l
 .text.__swhatbuf_r
                0x00005042       0x48 c:/siliconlabs/simplicitystudio/v5/developer/toolchains/gnu_arm/7.2_2017q4/bin/../lib/gcc/arm-none-eabi/7.2.1/../../../../arm-none-eabi/lib/thumb/v7e-m/fpv4-sp/softfp\libc_nano.a(lib_a-makebuf.o)
                0x00005042                __swhatbuf_r
 *fill*         0x0000508a        0x2 
 .text.__smakebuf_r
                0x0000508c       0x80 c:/siliconlabs/simplicitystudio/v5/developer/toolchains/gnu_arm/7.2_2017q4/bin/../lib/gcc/arm-none-eabi/7.2.1/../../../../arm-none-eabi/lib/thumb/v7e-m/fpv4-sp/softfp\libc_nano.a(lib_a-makebuf.o)
                0x0000508c                __smakebuf_r
 .text.malloc   0x0000510c       0x10 c:/siliconlabs/simplicitystudio/v5/developer/toolchains/gnu_arm/7.2_2017q4/bin/../lib/gcc/arm-none-eabi/7.2.1/../../../../arm-none-eabi/lib/thumb/v7e-m/fpv4-sp/softfp\libc_nano.a(lib_a-malloc.o)
                0x0000510c                malloc
 .text.__ascii_mbtowc
                0x0000511c       0x24 c:/siliconlabs/simplicitystudio/v5/developer/toolchains/gnu_arm/7.2_2017q4/bin/../lib/gcc/arm-none-eabi/7.2.1/../../../../arm-none-eabi/lib/thumb/v7e-m/fpv4-sp/softfp\libc_nano.a(lib_a-mbtowc_r.o)
                0x0000511c                __ascii_mbtowc
 .text          0x00005140       0xa0 c:/siliconlabs/simplicitystudio/v5/developer/toolchains/gnu_arm/7.2_2017q4/bin/../lib/gcc/arm-none-eabi/7.2.1/../../../../arm-none-eabi/lib/thumb/v7e-m/fpv4-sp/softfp\libc_nano.a(lib_a-memchr.o)
                0x00005140                memchr
 .text._free_r  0x000051e0       0x9c c:/siliconlabs/simplicitystudio/v5/developer/toolchains/gnu_arm/7.2_2017q4/bin/../lib/gcc/arm-none-eabi/7.2.1/../../../../arm-none-eabi/lib/thumb/v7e-m/fpv4-sp/softfp\libc_nano.a(lib_a-nano-freer.o)
                0x000051e0                _free_r
 .text._malloc_r
                0x0000527c       0xb4 c:/siliconlabs/simplicitystudio/v5/developer/toolchains/gnu_arm/7.2_2017q4/bin/../lib/gcc/arm-none-eabi/7.2.1/../../../../arm-none-eabi/lib/thumb/v7e-m/fpv4-sp/softfp\libc_nano.a(lib_a-nano-mallocr.o)
                0x0000527c                _malloc_r
 .text._sbrk_r  0x00005330       0x20 c:/siliconlabs/simplicitystudio/v5/developer/toolchains/gnu_arm/7.2_2017q4/bin/../lib/gcc/arm-none-eabi/7.2.1/../../../../arm-none-eabi/lib/thumb/v7e-m/fpv4-sp/softfp\libc_nano.a(lib_a-sbrkr.o)
                0x00005330                _sbrk_r
 .text._raise_r
                0x00005350       0x50 c:/siliconlabs/simplicitystudio/v5/developer/toolchains/gnu_arm/7.2_2017q4/bin/../lib/gcc/arm-none-eabi/7.2.1/../../../../arm-none-eabi/lib/thumb/v7e-m/fpv4-sp/softfp\libc_nano.a(lib_a-signal.o)
                0x00005350                _raise_r
 .text.raise    0x000053a0       0x10 c:/siliconlabs/simplicitystudio/v5/developer/toolchains/gnu_arm/7.2_2017q4/bin/../lib/gcc/arm-none-eabi/7.2.1/../../../../arm-none-eabi/lib/thumb/v7e-m/fpv4-sp/softfp\libc_nano.a(lib_a-signal.o)
                0x000053a0                raise
 .text._kill_r  0x000053b0       0x24 c:/siliconlabs/simplicitystudio/v5/developer/toolchains/gnu_arm/7.2_2017q4/bin/../lib/gcc/arm-none-eabi/7.2.1/../../../../arm-none-eabi/lib/thumb/v7e-m/fpv4-sp/softfp\libc_nano.a(lib_a-signalr.o)
                0x000053b0                _kill_r
 .text._getpid_r
                0x000053d4        0x4 c:/siliconlabs/simplicitystudio/v5/developer/toolchains/gnu_arm/7.2_2017q4/bin/../lib/gcc/arm-none-eabi/7.2.1/../../../../arm-none-eabi/lib/thumb/v7e-m/fpv4-sp/softfp\libc_nano.a(lib_a-signalr.o)
                0x000053d4                _getpid_r
 .text.__sread  0x000053d8       0x22 c:/siliconlabs/simplicitystudio/v5/developer/toolchains/gnu_arm/7.2_2017q4/bin/../lib/gcc/arm-none-eabi/7.2.1/../../../../arm-none-eabi/lib/thumb/v7e-m/fpv4-sp/softfp\libc_nano.a(lib_a-stdio.o)
                0x000053d8                __sread
 .text.__swrite
                0x000053fa       0x38 c:/siliconlabs/simplicitystudio/v5/developer/toolchains/gnu_arm/7.2_2017q4/bin/../lib/gcc/arm-none-eabi/7.2.1/../../../../arm-none-eabi/lib/thumb/v7e-m/fpv4-sp/softfp\libc_nano.a(lib_a-stdio.o)
                0x000053fa                __swrite
 .text.__sseek  0x00005432       0x24 c:/siliconlabs/simplicitystudio/v5/developer/toolchains/gnu_arm/7.2_2017q4/bin/../lib/gcc/arm-none-eabi/7.2.1/../../../../arm-none-eabi/lib/thumb/v7e-m/fpv4-sp/softfp\libc_nano.a(lib_a-stdio.o)
                0x00005432                __sseek
 .text.__sclose
                0x00005456        0x8 c:/siliconlabs/simplicitystudio/v5/developer/toolchains/gnu_arm/7.2_2017q4/bin/../lib/gcc/arm-none-eabi/7.2.1/../../../../arm-none-eabi/lib/thumb/v7e-m/fpv4-sp/softfp\libc_nano.a(lib_a-stdio.o)
                0x00005456                __sclose
 .text.__ascii_wctomb
                0x0000545e       0x1a c:/siliconlabs/simplicitystudio/v5/developer/toolchains/gnu_arm/7.2_2017q4/bin/../lib/gcc/arm-none-eabi/7.2.1/../../../../arm-none-eabi/lib/thumb/v7e-m/fpv4-sp/softfp\libc_nano.a(lib_a-wctomb_r.o)
                0x0000545e                __ascii_wctomb
 .text._write_r
                0x00005478       0x24 c:/siliconlabs/simplicitystudio/v5/developer/toolchains/gnu_arm/7.2_2017q4/bin/../lib/gcc/arm-none-eabi/7.2.1/../../../../arm-none-eabi/lib/thumb/v7e-m/fpv4-sp/softfp\libc_nano.a(lib_a-writer.o)
                0x00005478                _write_r
 .text._close_r
                0x0000549c       0x20 c:/siliconlabs/simplicitystudio/v5/developer/toolchains/gnu_arm/7.2_2017q4/bin/../lib/gcc/arm-none-eabi/7.2.1/../../../../arm-none-eabi/lib/thumb/v7e-m/fpv4-sp/softfp\libc_nano.a(lib_a-closer.o)
                0x0000549c                _close_r
 .text._fstat_r
                0x000054bc       0x24 c:/siliconlabs/simplicitystudio/v5/developer/toolchains/gnu_arm/7.2_2017q4/bin/../lib/gcc/arm-none-eabi/7.2.1/../../../../arm-none-eabi/lib/thumb/v7e-m/fpv4-sp/softfp\libc_nano.a(lib_a-fstatr.o)
                0x000054bc                _fstat_r
 .text._isatty_r
                0x000054e0       0x20 c:/siliconlabs/simplicitystudio/v5/developer/toolchains/gnu_arm/7.2_2017q4/bin/../lib/gcc/arm-none-eabi/7.2.1/../../../../arm-none-eabi/lib/thumb/v7e-m/fpv4-sp/softfp\libc_nano.a(lib_a-isattyr.o)
                0x000054e0                _isatty_r
 .text._lseek_r
                0x00005500       0x24 c:/siliconlabs/simplicitystudio/v5/developer/toolchains/gnu_arm/7.2_2017q4/bin/../lib/gcc/arm-none-eabi/7.2.1/../../../../arm-none-eabi/lib/thumb/v7e-m/fpv4-sp/softfp\libc_nano.a(lib_a-lseekr.o)
                0x00005500                _lseek_r
 .text.__malloc_lock
                0x00005524        0x2 c:/siliconlabs/simplicitystudio/v5/developer/toolchains/gnu_arm/7.2_2017q4/bin/../lib/gcc/arm-none-eabi/7.2.1/../../../../arm-none-eabi/lib/thumb/v7e-m/fpv4-sp/softfp\libc_nano.a(lib_a-mlock.o)
                0x00005524                __malloc_lock
 .text.__malloc_unlock
                0x00005526        0x2 c:/siliconlabs/simplicitystudio/v5/developer/toolchains/gnu_arm/7.2_2017q4/bin/../lib/gcc/arm-none-eabi/7.2.1/../../../../arm-none-eabi/lib/thumb/v7e-m/fpv4-sp/softfp\libc_nano.a(lib_a-mlock.o)
                0x00005526                __malloc_unlock
 .text._read_r  0x00005528       0x24 c:/siliconlabs/simplicitystudio/v5/developer/toolchains/gnu_arm/7.2_2017q4/bin/../lib/gcc/arm-none-eabi/7.2.1/../../../../arm-none-eabi/lib/thumb/v7e-m/fpv4-sp/softfp\libc_nano.a(lib_a-readr.o)
                0x00005528                _read_r
 *(.init)
 .init          0x0000554c        0x4 c:/siliconlabs/simplicitystudio/v5/developer/toolchains/gnu_arm/7.2_2017q4/bin/../lib/gcc/arm-none-eabi/7.2.1/thumb/v7e-m/fpv4-sp/softfp/crti.o
                0x0000554c                _init
 .init          0x00005550        0x8 c:/siliconlabs/simplicitystudio/v5/developer/toolchains/gnu_arm/7.2_2017q4/bin/../lib/gcc/arm-none-eabi/7.2.1/thumb/v7e-m/fpv4-sp/softfp/crtn.o
 *(.fini)
 .fini          0x00005558        0x4 c:/siliconlabs/simplicitystudio/v5/developer/toolchains/gnu_arm/7.2_2017q4/bin/../lib/gcc/arm-none-eabi/7.2.1/thumb/v7e-m/fpv4-sp/softfp/crti.o
                0x00005558                _fini
 .fini          0x0000555c        0x8 c:/siliconlabs/simplicitystudio/v5/developer/toolchains/gnu_arm/7.2_2017q4/bin/../lib/gcc/arm-none-eabi/7.2.1/thumb/v7e-m/fpv4-sp/softfp/crtn.o
 *crtbegin.o(.ctors)
 *crtbegin?.o(.ctors)
 *(EXCLUDE_FILE(*crtend.o *crtend?.o) .ctors)
 *(SORT_BY_NAME(.ctors.*))
 *(.ctors)
 *crtbegin.o(.dtors)
 *crtbegin?.o(.dtors)
 *(EXCLUDE_FILE(*crtend.o *crtend?.o) .dtors)
 *(SORT_BY_NAME(.dtors.*))
 *(.dtors)
 *(.rodata*)
 .rodata.flashWsTable
                0x00005564       0x28 ./emlib/em_cmu.o
 .rodata        0x0000558c       0x52 ./event/event_control.o
 *fill*         0x000055de        0x2 
 .rodata        0x000055e0       0x45 ./led/led_control.o
 *fill*         0x00005625        0x3 
 .rodata.__func__.8250
                0x00005628       0x10 ./led/led_control.o
 .rodata        0x00005638       0x1c ./serial/retargetserial.o
 .rodata        0x00005654       0x50 ./src/main.o
 .rodata.__func__.9310
                0x000056a4        0x5 ./src/main.o
 .rodata.__assert_func.str1.1
                0x000056a9       0x3c c:/siliconlabs/simplicitystudio/v5/developer/toolchains/gnu_arm/7.2_2017q4/bin/../lib/gcc/arm-none-eabi/7.2.1/../../../../arm-none-eabi/lib/thumb/v7e-m/fpv4-sp/softfp\libc_nano.a(lib_a-assert.o)
                                 0x3d (size before relaxing)
 *fill*         0x000056e5        0x3 
 .rodata._global_impure_ptr
                0x000056e8        0x4 c:/siliconlabs/simplicitystudio/v5/developer/toolchains/gnu_arm/7.2_2017q4/bin/../lib/gcc/arm-none-eabi/7.2.1/../../../../arm-none-eabi/lib/thumb/v7e-m/fpv4-sp/softfp\libc_nano.a(lib_a-impure.o)
                0x000056e8                _global_impure_ptr
 .rodata._vfprintf_r.str1.1
                0x000056ec       0x11 c:/siliconlabs/simplicitystudio/v5/developer/toolchains/gnu_arm/7.2_2017q4/bin/../lib/gcc/arm-none-eabi/7.2.1/../../../../arm-none-eabi/lib/thumb/v7e-m/fpv4-sp/softfp\libc_nano.a(lib_a-nano-vfprintf.o)
 .rodata._printf_i.str1.1
                0x000056fd       0x22 c:/siliconlabs/simplicitystudio/v5/developer/toolchains/gnu_arm/7.2_2017q4/bin/../lib/gcc/arm-none-eabi/7.2.1/../../../../arm-none-eabi/lib/thumb/v7e-m/fpv4-sp/softfp\libc_nano.a(lib_a-nano-vfprintf_i.o)
 *fill*         0x0000571f        0x1 
 .rodata.__sf_fake_stderr
                0x00005720       0x20 c:/siliconlabs/simplicitystudio/v5/developer/toolchains/gnu_arm/7.2_2017q4/bin/../lib/gcc/arm-none-eabi/7.2.1/../../../../arm-none-eabi/lib/thumb/v7e-m/fpv4-sp/softfp\libc_nano.a(lib_a-findfp.o)
                0x00005720                __sf_fake_stderr
 .rodata.__sf_fake_stdin
                0x00005740       0x20 c:/siliconlabs/simplicitystudio/v5/developer/toolchains/gnu_arm/7.2_2017q4/bin/../lib/gcc/arm-none-eabi/7.2.1/../../../../arm-none-eabi/lib/thumb/v7e-m/fpv4-sp/softfp\libc_nano.a(lib_a-findfp.o)
                0x00005740                __sf_fake_stdin
 .rodata.__sf_fake_stdout
                0x00005760       0x20 c:/siliconlabs/simplicitystudio/v5/developer/toolchains/gnu_arm/7.2_2017q4/bin/../lib/gcc/arm-none-eabi/7.2.1/../../../../arm-none-eabi/lib/thumb/v7e-m/fpv4-sp/softfp\libc_nano.a(lib_a-findfp.o)
                0x00005760                __sf_fake_stdout
 .rodata._setlocale_r.str1.1
                0x00005780        0x8 c:/siliconlabs/simplicitystudio/v5/developer/toolchains/gnu_arm/7.2_2017q4/bin/../lib/gcc/arm-none-eabi/7.2.1/../../../../arm-none-eabi/lib/thumb/v7e-m/fpv4-sp/softfp\libc_nano.a(lib_a-locale.o)
                                  0x9 (size before relaxing)
 .rodata.str1.1
                0x00005788        0x2 c:/siliconlabs/simplicitystudio/v5/developer/toolchains/gnu_arm/7.2_2017q4/bin/../lib/gcc/arm-none-eabi/7.2.1/../../../../arm-none-eabi/lib/thumb/v7e-m/fpv4-sp/softfp\libc_nano.a(lib_a-locale.o)
 .rodata._ctype_
                0x0000578a      0x101 c:/siliconlabs/simplicitystudio/v5/developer/toolchains/gnu_arm/7.2_2017q4/bin/../lib/gcc/arm-none-eabi/7.2.1/../../../../arm-none-eabi/lib/thumb/v7e-m/fpv4-sp/softfp\libc_nano.a(lib_a-ctype_.o)
                0x0000578a                _ctype_
 *(.eh_frame*)
 *fill*         0x0000588b        0x1 
 .eh_frame      0x0000588c        0x0 c:/siliconlabs/simplicitystudio/v5/developer/toolchains/gnu_arm/7.2_2017q4/bin/../lib/gcc/arm-none-eabi/7.2.1/thumb/v7e-m/fpv4-sp/softfp/crtbegin.o
 .eh_frame      0x0000588c        0x4 c:/siliconlabs/simplicitystudio/v5/developer/toolchains/gnu_arm/7.2_2017q4/bin/../lib/gcc/arm-none-eabi/7.2.1/thumb/v7e-m/fpv4-sp/softfp/crtend.o

.glue_7         0x00005890        0x0
 .glue_7        0x00005890        0x0 linker stubs

.glue_7t        0x00005890        0x0
 .glue_7t       0x00005890        0x0 linker stubs

.vfp11_veneer   0x00005890        0x0
 .vfp11_veneer  0x00005890        0x0 linker stubs

.v4_bx          0x00005890        0x0
 .v4_bx         0x00005890        0x0 linker stubs

.iplt           0x00005890        0x0
 .iplt          0x00005890        0x0 c:/siliconlabs/simplicitystudio/v5/developer/toolchains/gnu_arm/7.2_2017q4/bin/../lib/gcc/arm-none-eabi/7.2.1/thumb/v7e-m/fpv4-sp/softfp/crtbegin.o

.ARM.extab
 *(.ARM.extab* .gnu.linkonce.armextab.*)
                0x00005890                __exidx_start = .

.ARM.exidx      0x00005890        0x8
 *(.ARM.exidx* .gnu.linkonce.armexidx.*)
 .ARM.exidx     0x00005890        0x8 c:/siliconlabs/simplicitystudio/v5/developer/toolchains/gnu_arm/7.2_2017q4/bin/../lib/gcc/arm-none-eabi/7.2.1/../../../../arm-none-eabi/lib/thumb/v7e-m/fpv4-sp/softfp/crt0.o
                0x00005898                __exidx_end = .
                0x00005898                __etext = .

.rel.dyn        0x00005898        0x0
 .rel.iplt      0x00005898        0x0 c:/siliconlabs/simplicitystudio/v5/developer/toolchains/gnu_arm/7.2_2017q4/bin/../lib/gcc/arm-none-eabi/7.2.1/thumb/v7e-m/fpv4-sp/softfp/crtbegin.o

.data           0x20000000      0x1ec load address 0x00005898
                0x20000000                __data_start__ = .
 *(vtable)
 *(.data*)
 .data.SystemHFXOClock
                0x20000000        0x4 ./CMSIS/EFR32MG12P/system_efr32mg12p.o
 .data.SystemLFXOClock
                0x20000004        0x4 ./CMSIS/EFR32MG12P/system_efr32mg12p.o
 .data.SystemCoreClock
                0x20000008        0x4 ./CMSIS/EFR32MG12P/system_efr32mg12p.o
                0x20000008                SystemCoreClock
 .data.SystemHfrcoFreq
                0x2000000c        0x4 ./CMSIS/EFR32MG12P/system_efr32mg12p.o
                0x2000000c                SystemHfrcoFreq
 .data.auxHfrcoFreq
                0x20000010        0x4 ./emlib/em_cmu.o
 .data._impure_ptr
                0x20000014        0x4 c:/siliconlabs/simplicitystudio/v5/developer/toolchains/gnu_arm/7.2_2017q4/bin/../lib/gcc/arm-none-eabi/7.2.1/../../../../arm-none-eabi/lib/thumb/v7e-m/fpv4-sp/softfp\libc_nano.a(lib_a-impure.o)
                0x20000014                _impure_ptr
 .data.impure_data
                0x20000018       0x60 c:/siliconlabs/simplicitystudio/v5/developer/toolchains/gnu_arm/7.2_2017q4/bin/../lib/gcc/arm-none-eabi/7.2.1/../../../../arm-none-eabi/lib/thumb/v7e-m/fpv4-sp/softfp\libc_nano.a(lib_a-impure.o)
 .data.__global_locale
                0x20000078      0x16c c:/siliconlabs/simplicitystudio/v5/developer/toolchains/gnu_arm/7.2_2017q4/bin/../lib/gcc/arm-none-eabi/7.2.1/../../../../arm-none-eabi/lib/thumb/v7e-m/fpv4-sp/softfp\libc_nano.a(lib_a-locale.o)
                0x20000078                __global_locale
                0x200001e4                . = ALIGN (0x4)
                [!provide]                PROVIDE (__ram_func_section_start, .)
 *(.ram)
                [!provide]                PROVIDE (__ram_func_section_end, .)
                0x200001e4                . = ALIGN (0x4)
                0x200001e4                PROVIDE (__preinit_array_start, .)
 *(.preinit_array)
                0x200001e4                PROVIDE (__preinit_array_end, .)
                0x200001e4                . = ALIGN (0x4)
                0x200001e4                PROVIDE (__init_array_start, .)
 *(SORT_BY_NAME(.init_array.*))
 *(.init_array)
 .init_array    0x200001e4        0x4 c:/siliconlabs/simplicitystudio/v5/developer/toolchains/gnu_arm/7.2_2017q4/bin/../lib/gcc/arm-none-eabi/7.2.1/thumb/v7e-m/fpv4-sp/softfp/crtbegin.o
                0x200001e8                PROVIDE (__init_array_end, .)
                0x200001e8                . = ALIGN (0x4)
                [!provide]                PROVIDE (__fini_array_start, .)
 *(SORT_BY_NAME(.fini_array.*))
 *(.fini_array)
 .fini_array    0x200001e8        0x4 c:/siliconlabs/simplicitystudio/v5/developer/toolchains/gnu_arm/7.2_2017q4/bin/../lib/gcc/arm-none-eabi/7.2.1/thumb/v7e-m/fpv4-sp/softfp/crtbegin.o
                [!provide]                PROVIDE (__fini_array_end, .)
 *(.jcr*)
                0x200001ec                . = ALIGN (0x4)
                0x200001ec                __data_end__ = .

.igot.plt       0x200001ec        0x0 load address 0x00005a84
 .igot.plt      0x200001ec        0x0 c:/siliconlabs/simplicitystudio/v5/developer/toolchains/gnu_arm/7.2_2017q4/bin/../lib/gcc/arm-none-eabi/7.2.1/thumb/v7e-m/fpv4-sp/softfp/crtbegin.o

.bss            0x200001ec       0x74 load address 0x00005a84
                0x200001ec                . = ALIGN (0x4)
                0x200001ec                __bss_start__ = .
 *(.bss*)
 .bss           0x200001ec       0x1c c:/siliconlabs/simplicitystudio/v5/developer/toolchains/gnu_arm/7.2_2017q4/bin/../lib/gcc/arm-none-eabi/7.2.1/thumb/v7e-m/fpv4-sp/softfp/crtbegin.o
 .bss.startReEnableTimer
                0x20000208        0x1 ./button/button_control.o
                0x20000208                startReEnableTimer
 *fill*         0x20000209        0x3 
 .bss.IntFlag   0x2000020c        0x4 ./button/button_control.o
 .bss.CopyIntFlag
                0x20000210        0x4 ./button/button_control.o
 .bss.DigitState.7167
                0x20000214        0x1 ./button/button_handler.o
 *fill*         0x20000215        0x1 
 .bss.dcdcMaxCurrent_mA
                0x20000216        0x2 ./emlib/em_emu.o
 .bss.dcdcEm01LoadCurrent_mA
                0x20000218        0x2 ./emlib/em_emu.o
 .bss.dcdcReverseCurrentControl
                0x2000021a        0x2 ./emlib/em_emu.o
 .bss.vScaleEM01Config
                0x2000021c        0x1 ./emlib/em_emu.o
 *fill*         0x2000021d        0x3 
 .bss.msTicks   0x20000220        0x4 ./event/event_control.o
                0x20000220                msTicks
 .bss.secTicks  0x20000224        0x4 ./event/event_control.o
                0x20000224                secTicks
 .bss.startReEnableCounter
                0x20000228        0x4 ./event/event_control.o
                0x20000228                startReEnableCounter
 .bss.currTick  0x2000022c        0x4 ./event/event_handler.o
 .bss.prevTick  0x20000230        0x4 ./event/event_handler.o
 .bss.n         0x20000234        0x1 ./led/led_control.o
 *fill*         0x20000235        0x3 
 .bss.heap_end.8155
                0x20000238        0x4 ./serial/retargetio.o
 .bss.rxReadIndex
                0x2000023c        0x4 ./serial/retargetserial.o
 .bss.rxWriteIndex
                0x20000240        0x4 ./serial/retargetserial.o
 .bss.rxCount   0x20000244        0x4 ./serial/retargetserial.o
 .bss.rxBuffer  0x20000248        0x8 ./serial/retargetserial.o
 .bss.LFtoCRLF  0x20000250        0x1 ./serial/retargetserial.o
 .bss.initialized
                0x20000251        0x1 ./serial/retargetserial.o
 *fill*         0x20000252        0x2 
 .bss.__malloc_free_list
                0x20000254        0x4 c:/siliconlabs/simplicitystudio/v5/developer/toolchains/gnu_arm/7.2_2017q4/bin/../lib/gcc/arm-none-eabi/7.2.1/../../../../arm-none-eabi/lib/thumb/v7e-m/fpv4-sp/softfp\libc_nano.a(lib_a-nano-mallocr.o)
                0x20000254                __malloc_free_list
 .bss.__malloc_sbrk_start
                0x20000258        0x4 c:/siliconlabs/simplicitystudio/v5/developer/toolchains/gnu_arm/7.2_2017q4/bin/../lib/gcc/arm-none-eabi/7.2.1/../../../../arm-none-eabi/lib/thumb/v7e-m/fpv4-sp/softfp\libc_nano.a(lib_a-nano-mallocr.o)
                0x20000258                __malloc_sbrk_start
 *(COMMON)
 COMMON         0x2000025c        0x4 c:/siliconlabs/simplicitystudio/v5/developer/toolchains/gnu_arm/7.2_2017q4/bin/../lib/gcc/arm-none-eabi/7.2.1/../../../../arm-none-eabi/lib/thumb/v7e-m/fpv4-sp/softfp\libc_nano.a(lib_a-reent.o)
                0x2000025c                errno
                0x20000260                . = ALIGN (0x4)
                0x20000260                __bss_end__ = .

.heap           0x20000260      0xc00
                0x20000260                __HeapBase = .
                0x20000260                __end__ = .
                0x20000260                end = __end__
                0x20000260                _end = __end__
 *(.heap*)
 .heap          0x20000260      0xc00 ./CMSIS/EFR32MG12P/startup_efr32mg12p.o
                0x20000e60                __HeapLimit = .

.stack_dummy    0x20000260      0x400
 *(.stack*)
 .stack         0x20000260      0x400 ./CMSIS/EFR32MG12P/startup_efr32mg12p.o
                0x20040000                __StackTop = (ORIGIN (RAM) + LENGTH (RAM))
                0x2003fc00                __StackLimit = (__StackTop - SIZEOF (.stack_dummy))
                0x20040000                PROVIDE (__stack, __StackTop)
                0x00000001                ASSERT ((__StackLimit >= __HeapLimit), region RAM overflowed with stack)
                0x00000001                ASSERT ((LENGTH (FLASH) >= (__etext + SIZEOF (.data))), FLASH memory overflowed !)
OUTPUT(LedClockApplication.axf elf32-littlearm)

.ARM.attributes
                0x00000000       0x2e
 .ARM.attributes
                0x00000000       0x22 c:/siliconlabs/simplicitystudio/v5/developer/toolchains/gnu_arm/7.2_2017q4/bin/../lib/gcc/arm-none-eabi/7.2.1/thumb/v7e-m/fpv4-sp/softfp/crti.o
 .ARM.attributes
                0x00000022       0x32 c:/siliconlabs/simplicitystudio/v5/developer/toolchains/gnu_arm/7.2_2017q4/bin/../lib/gcc/arm-none-eabi/7.2.1/thumb/v7e-m/fpv4-sp/softfp/crtbegin.o
 .ARM.attributes
                0x00000054       0x20 c:/siliconlabs/simplicitystudio/v5/developer/toolchains/gnu_arm/7.2_2017q4/bin/../lib/gcc/arm-none-eabi/7.2.1/../../../../arm-none-eabi/lib/thumb/v7e-m/fpv4-sp/softfp/crt0.o
 .ARM.attributes
                0x00000074       0x1f ./CMSIS/EFR32MG12P/startup_efr32mg12p.o
 .ARM.attributes
                0x00000093       0x37 ./CMSIS/EFR32MG12P/system_efr32mg12p.o
 .ARM.attributes
                0x000000ca       0x37 ./button/button_control.o
 .ARM.attributes
                0x00000101       0x37 ./button/button_handler.o
 .ARM.attributes
                0x00000138       0x37 ./emlib/em_cmu.o
 .ARM.attributes
                0x0000016f       0x37 ./emlib/em_core.o
 .ARM.attributes
                0x000001a6       0x37 ./emlib/em_emu.o
 .ARM.attributes
                0x000001dd       0x37 ./emlib/em_gpio.o
 .ARM.attributes
                0x00000214       0x37 ./emlib/em_rtcc.o
 .ARM.attributes
                0x0000024b       0x37 ./emlib/em_usart.o
 .ARM.attributes
                0x00000282       0x37 ./event/event_control.o
 .ARM.attributes
                0x000002b9       0x37 ./event/event_handler.o
 .ARM.attributes
                0x000002f0       0x37 ./illum/illum_handler.o
 .ARM.attributes
                0x00000327       0x37 ./led/led_control.o
 .ARM.attributes
                0x0000035e       0x37 ./led/led_handler.o
 .ARM.attributes
                0x00000395       0x37 ./serial/retargetio.o
 .ARM.attributes
                0x000003cc       0x37 ./serial/retargetserial.o
 .ARM.attributes
                0x00000403       0x37 ./src/app.o
 .ARM.attributes
                0x0000043a       0x37 ./src/main.o
 .ARM.attributes
                0x00000471       0x32 c:/siliconlabs/simplicitystudio/v5/developer/toolchains/gnu_arm/7.2_2017q4/bin/../lib/gcc/arm-none-eabi/7.2.1/../../../../arm-none-eabi/lib/thumb/v7e-m/fpv4-sp/softfp\libc_nano.a(lib_a-assert.o)
 .ARM.attributes
                0x000004a3       0x32 c:/siliconlabs/simplicitystudio/v5/developer/toolchains/gnu_arm/7.2_2017q4/bin/../lib/gcc/arm-none-eabi/7.2.1/../../../../arm-none-eabi/lib/thumb/v7e-m/fpv4-sp/softfp\libc_nano.a(lib_a-exit.o)
 .ARM.attributes
                0x000004d5       0x32 c:/siliconlabs/simplicitystudio/v5/developer/toolchains/gnu_arm/7.2_2017q4/bin/../lib/gcc/arm-none-eabi/7.2.1/../../../../arm-none-eabi/lib/thumb/v7e-m/fpv4-sp/softfp\libc_nano.a(lib_a-fprintf.o)
 .ARM.attributes
                0x00000507       0x32 c:/siliconlabs/simplicitystudio/v5/developer/toolchains/gnu_arm/7.2_2017q4/bin/../lib/gcc/arm-none-eabi/7.2.1/../../../../arm-none-eabi/lib/thumb/v7e-m/fpv4-sp/softfp\libc_nano.a(lib_a-impure.o)
 .ARM.attributes
                0x00000539       0x32 c:/siliconlabs/simplicitystudio/v5/developer/toolchains/gnu_arm/7.2_2017q4/bin/../lib/gcc/arm-none-eabi/7.2.1/../../../../arm-none-eabi/lib/thumb/v7e-m/fpv4-sp/softfp\libc_nano.a(lib_a-init.o)
 .ARM.attributes
                0x0000056b       0x32 c:/siliconlabs/simplicitystudio/v5/developer/toolchains/gnu_arm/7.2_2017q4/bin/../lib/gcc/arm-none-eabi/7.2.1/../../../../arm-none-eabi/lib/thumb/v7e-m/fpv4-sp/softfp\libc_nano.a(lib_a-memset.o)
 .ARM.attributes
                0x0000059d       0x32 c:/siliconlabs/simplicitystudio/v5/developer/toolchains/gnu_arm/7.2_2017q4/bin/../lib/gcc/arm-none-eabi/7.2.1/../../../../arm-none-eabi/lib/thumb/v7e-m/fpv4-sp/softfp\libc_nano.a(lib_a-nano-vfprintf.o)
 .ARM.attributes
                0x000005cf       0x32 c:/siliconlabs/simplicitystudio/v5/developer/toolchains/gnu_arm/7.2_2017q4/bin/../lib/gcc/arm-none-eabi/7.2.1/../../../../arm-none-eabi/lib/thumb/v7e-m/fpv4-sp/softfp\libc_nano.a(lib_a-nano-vfprintf_i.o)
 .ARM.attributes
                0x00000601       0x32 c:/siliconlabs/simplicitystudio/v5/developer/toolchains/gnu_arm/7.2_2017q4/bin/../lib/gcc/arm-none-eabi/7.2.1/../../../../arm-none-eabi/lib/thumb/v7e-m/fpv4-sp/softfp\libc_nano.a(lib_a-printf.o)
 .ARM.attributes
                0x00000633       0x32 c:/siliconlabs/simplicitystudio/v5/developer/toolchains/gnu_arm/7.2_2017q4/bin/../lib/gcc/arm-none-eabi/7.2.1/../../../../arm-none-eabi/lib/thumb/v7e-m/fpv4-sp/softfp\libc_nano.a(lib_a-setvbuf.o)
 .ARM.attributes
                0x00000665       0x32 c:/siliconlabs/simplicitystudio/v5/developer/toolchains/gnu_arm/7.2_2017q4/bin/../lib/gcc/arm-none-eabi/7.2.1/../../../../arm-none-eabi/lib/thumb/v7e-m/fpv4-sp/softfp\libc_nano.a(lib_a-strtol.o)
 .ARM.attributes
                0x00000697       0x32 c:/siliconlabs/simplicitystudio/v5/developer/toolchains/gnu_arm/7.2_2017q4/bin/../lib/gcc/arm-none-eabi/7.2.1/../../../../arm-none-eabi/lib/thumb/v7e-m/fpv4-sp/softfp\libc_nano.a(lib_a-wbuf.o)
 .ARM.attributes
                0x000006c9       0x32 c:/siliconlabs/simplicitystudio/v5/developer/toolchains/gnu_arm/7.2_2017q4/bin/../lib/gcc/arm-none-eabi/7.2.1/../../../../arm-none-eabi/lib/thumb/v7e-m/fpv4-sp/softfp\libc_nano.a(lib_a-wsetup.o)
 .ARM.attributes
                0x000006fb       0x32 c:/siliconlabs/simplicitystudio/v5/developer/toolchains/gnu_arm/7.2_2017q4/bin/../lib/gcc/arm-none-eabi/7.2.1/../../../../arm-none-eabi/lib/thumb/v7e-m/fpv4-sp/softfp\libc_nano.a(lib_a-abort.o)
 .ARM.attributes
                0x0000072d       0x32 c:/siliconlabs/simplicitystudio/v5/developer/toolchains/gnu_arm/7.2_2017q4/bin/../lib/gcc/arm-none-eabi/7.2.1/../../../../arm-none-eabi/lib/thumb/v7e-m/fpv4-sp/softfp\libc_nano.a(lib_a-fflush.o)
 .ARM.attributes
                0x0000075f       0x32 c:/siliconlabs/simplicitystudio/v5/developer/toolchains/gnu_arm/7.2_2017q4/bin/../lib/gcc/arm-none-eabi/7.2.1/../../../../arm-none-eabi/lib/thumb/v7e-m/fpv4-sp/softfp\libc_nano.a(lib_a-findfp.o)
 .ARM.attributes
                0x00000791       0x32 c:/siliconlabs/simplicitystudio/v5/developer/toolchains/gnu_arm/7.2_2017q4/bin/../lib/gcc/arm-none-eabi/7.2.1/../../../../arm-none-eabi/lib/thumb/v7e-m/fpv4-sp/softfp\libc_nano.a(lib_a-fwalk.o)
 .ARM.attributes
                0x000007c3       0x32 c:/siliconlabs/simplicitystudio/v5/developer/toolchains/gnu_arm/7.2_2017q4/bin/../lib/gcc/arm-none-eabi/7.2.1/../../../../arm-none-eabi/lib/thumb/v7e-m/fpv4-sp/softfp\libc_nano.a(lib_a-locale.o)
 .ARM.attributes
                0x000007f5       0x32 c:/siliconlabs/simplicitystudio/v5/developer/toolchains/gnu_arm/7.2_2017q4/bin/../lib/gcc/arm-none-eabi/7.2.1/../../../../arm-none-eabi/lib/thumb/v7e-m/fpv4-sp/softfp\libc_nano.a(lib_a-makebuf.o)
 .ARM.attributes
                0x00000827       0x32 c:/siliconlabs/simplicitystudio/v5/developer/toolchains/gnu_arm/7.2_2017q4/bin/../lib/gcc/arm-none-eabi/7.2.1/../../../../arm-none-eabi/lib/thumb/v7e-m/fpv4-sp/softfp\libc_nano.a(lib_a-malloc.o)
 .ARM.attributes
                0x00000859       0x32 c:/siliconlabs/simplicitystudio/v5/developer/toolchains/gnu_arm/7.2_2017q4/bin/../lib/gcc/arm-none-eabi/7.2.1/../../../../arm-none-eabi/lib/thumb/v7e-m/fpv4-sp/softfp\libc_nano.a(lib_a-mbtowc_r.o)
 .ARM.attributes
                0x0000088b       0x20 c:/siliconlabs/simplicitystudio/v5/developer/toolchains/gnu_arm/7.2_2017q4/bin/../lib/gcc/arm-none-eabi/7.2.1/../../../../arm-none-eabi/lib/thumb/v7e-m/fpv4-sp/softfp\libc_nano.a(lib_a-memchr.o)
 .ARM.attributes
                0x000008ab       0x32 c:/siliconlabs/simplicitystudio/v5/developer/toolchains/gnu_arm/7.2_2017q4/bin/../lib/gcc/arm-none-eabi/7.2.1/../../../../arm-none-eabi/lib/thumb/v7e-m/fpv4-sp/softfp\libc_nano.a(lib_a-nano-freer.o)
 .ARM.attributes
                0x000008dd       0x32 c:/siliconlabs/simplicitystudio/v5/developer/toolchains/gnu_arm/7.2_2017q4/bin/../lib/gcc/arm-none-eabi/7.2.1/../../../../arm-none-eabi/lib/thumb/v7e-m/fpv4-sp/softfp\libc_nano.a(lib_a-nano-mallocr.o)
 .ARM.attributes
                0x0000090f       0x32 c:/siliconlabs/simplicitystudio/v5/developer/toolchains/gnu_arm/7.2_2017q4/bin/../lib/gcc/arm-none-eabi/7.2.1/../../../../arm-none-eabi/lib/thumb/v7e-m/fpv4-sp/softfp\libc_nano.a(lib_a-sbrkr.o)
 .ARM.attributes
                0x00000941       0x32 c:/siliconlabs/simplicitystudio/v5/developer/toolchains/gnu_arm/7.2_2017q4/bin/../lib/gcc/arm-none-eabi/7.2.1/../../../../arm-none-eabi/lib/thumb/v7e-m/fpv4-sp/softfp\libc_nano.a(lib_a-signal.o)
 .ARM.attributes
                0x00000973       0x32 c:/siliconlabs/simplicitystudio/v5/developer/toolchains/gnu_arm/7.2_2017q4/bin/../lib/gcc/arm-none-eabi/7.2.1/../../../../arm-none-eabi/lib/thumb/v7e-m/fpv4-sp/softfp\libc_nano.a(lib_a-signalr.o)
 .ARM.attributes
                0x000009a5       0x32 c:/siliconlabs/simplicitystudio/v5/developer/toolchains/gnu_arm/7.2_2017q4/bin/../lib/gcc/arm-none-eabi/7.2.1/../../../../arm-none-eabi/lib/thumb/v7e-m/fpv4-sp/softfp\libc_nano.a(lib_a-stdio.o)
 .ARM.attributes
                0x000009d7       0x32 c:/siliconlabs/simplicitystudio/v5/developer/toolchains/gnu_arm/7.2_2017q4/bin/../lib/gcc/arm-none-eabi/7.2.1/../../../../arm-none-eabi/lib/thumb/v7e-m/fpv4-sp/softfp\libc_nano.a(lib_a-wctomb_r.o)
 .ARM.attributes
                0x00000a09       0x32 c:/siliconlabs/simplicitystudio/v5/developer/toolchains/gnu_arm/7.2_2017q4/bin/../lib/gcc/arm-none-eabi/7.2.1/../../../../arm-none-eabi/lib/thumb/v7e-m/fpv4-sp/softfp\libc_nano.a(lib_a-writer.o)
 .ARM.attributes
                0x00000a3b       0x32 c:/siliconlabs/simplicitystudio/v5/developer/toolchains/gnu_arm/7.2_2017q4/bin/../lib/gcc/arm-none-eabi/7.2.1/../../../../arm-none-eabi/lib/thumb/v7e-m/fpv4-sp/softfp\libc_nano.a(lib_a-closer.o)
 .ARM.attributes
                0x00000a6d       0x32 c:/siliconlabs/simplicitystudio/v5/developer/toolchains/gnu_arm/7.2_2017q4/bin/../lib/gcc/arm-none-eabi/7.2.1/../../../../arm-none-eabi/lib/thumb/v7e-m/fpv4-sp/softfp\libc_nano.a(lib_a-ctype_.o)
 .ARM.attributes
                0x00000a9f       0x32 c:/siliconlabs/simplicitystudio/v5/developer/toolchains/gnu_arm/7.2_2017q4/bin/../lib/gcc/arm-none-eabi/7.2.1/../../../../arm-none-eabi/lib/thumb/v7e-m/fpv4-sp/softfp\libc_nano.a(lib_a-fstatr.o)
 .ARM.attributes
                0x00000ad1       0x32 c:/siliconlabs/simplicitystudio/v5/developer/toolchains/gnu_arm/7.2_2017q4/bin/../lib/gcc/arm-none-eabi/7.2.1/../../../../arm-none-eabi/lib/thumb/v7e-m/fpv4-sp/softfp\libc_nano.a(lib_a-isattyr.o)
 .ARM.attributes
                0x00000b03       0x32 c:/siliconlabs/simplicitystudio/v5/developer/toolchains/gnu_arm/7.2_2017q4/bin/../lib/gcc/arm-none-eabi/7.2.1/../../../../arm-none-eabi/lib/thumb/v7e-m/fpv4-sp/softfp\libc_nano.a(lib_a-lseekr.o)
 .ARM.attributes
                0x00000b35       0x32 c:/siliconlabs/simplicitystudio/v5/developer/toolchains/gnu_arm/7.2_2017q4/bin/../lib/gcc/arm-none-eabi/7.2.1/../../../../arm-none-eabi/lib/thumb/v7e-m/fpv4-sp/softfp\libc_nano.a(lib_a-mlock.o)
 .ARM.attributes
                0x00000b67       0x32 c:/siliconlabs/simplicitystudio/v5/developer/toolchains/gnu_arm/7.2_2017q4/bin/../lib/gcc/arm-none-eabi/7.2.1/../../../../arm-none-eabi/lib/thumb/v7e-m/fpv4-sp/softfp\libc_nano.a(lib_a-readr.o)
 .ARM.attributes
                0x00000b99       0x32 c:/siliconlabs/simplicitystudio/v5/developer/toolchains/gnu_arm/7.2_2017q4/bin/../lib/gcc/arm-none-eabi/7.2.1/../../../../arm-none-eabi/lib/thumb/v7e-m/fpv4-sp/softfp\libc_nano.a(lib_a-reent.o)
 .ARM.attributes
                0x00000bcb       0x32 c:/siliconlabs/simplicitystudio/v5/developer/toolchains/gnu_arm/7.2_2017q4/bin/../lib/gcc/arm-none-eabi/7.2.1/thumb/v7e-m/fpv4-sp/softfp/crtend.o
 .ARM.attributes
                0x00000bfd       0x22 c:/siliconlabs/simplicitystudio/v5/developer/toolchains/gnu_arm/7.2_2017q4/bin/../lib/gcc/arm-none-eabi/7.2.1/thumb/v7e-m/fpv4-sp/softfp/crtn.o

.comment        0x00000000       0x7e
 .comment       0x00000000       0x7e ./CMSIS/EFR32MG12P/system_efr32mg12p.o
                                 0x7f (size before relaxing)
 .comment       0x0000007e       0x7f ./button/button_control.o
 .comment       0x0000007e       0x7f ./button/button_handler.o
 .comment       0x0000007e       0x7f ./emlib/em_cmu.o
 .comment       0x0000007e       0x7f ./emlib/em_core.o
 .comment       0x0000007e       0x7f ./emlib/em_emu.o
 .comment       0x0000007e       0x7f ./emlib/em_gpio.o
 .comment       0x0000007e       0x7f ./emlib/em_rtcc.o
 .comment       0x0000007e       0x7f ./emlib/em_usart.o
 .comment       0x0000007e       0x7f ./event/event_control.o
 .comment       0x0000007e       0x7f ./event/event_handler.o
 .comment       0x0000007e       0x7f ./illum/illum_handler.o
 .comment       0x0000007e       0x7f ./led/led_control.o
 .comment       0x0000007e       0x7f ./led/led_handler.o
 .comment       0x0000007e       0x7f ./serial/retargetio.o
 .comment       0x0000007e       0x7f ./serial/retargetserial.o
 .comment       0x0000007e       0x7f ./src/app.o
 .comment       0x0000007e       0x7f ./src/main.o

.debug_line     0x00000000     0xc544
 .debug_line    0x00000000       0xd9 ./CMSIS/EFR32MG12P/startup_efr32mg12p.o
 .debug_line    0x000000d9      0x905 ./CMSIS/EFR32MG12P/system_efr32mg12p.o
 .debug_line    0x000009de      0xb6a ./button/button_control.o
 .debug_line    0x00001548      0x8f0 ./button/button_handler.o
 .debug_line    0x00001e38     0x1346 ./emlib/em_cmu.o
 .debug_line    0x0000317e      0xbba ./emlib/em_core.o
 .debug_line    0x00003d38     0x13d7 ./emlib/em_emu.o
 .debug_line    0x0000510f      0xb19 ./emlib/em_gpio.o
 .debug_line    0x00005c28      0x9b9 ./emlib/em_rtcc.o
 .debug_line    0x000065e1      0xc2e ./emlib/em_usart.o
 .debug_line    0x0000720f      0xa85 ./event/event_control.o
 .debug_line    0x00007c94      0xa61 ./event/event_handler.o
 .debug_line    0x000086f5       0x54 ./illum/illum_handler.o
 .debug_line    0x00008749      0xb8f ./led/led_control.o
 .debug_line    0x000092d8      0x2fd ./led/led_handler.o
 .debug_line    0x000095d5      0x9c6 ./serial/retargetio.o
 .debug_line    0x00009f9b      0xbc0 ./serial/retargetserial.o
 .debug_line    0x0000ab5b      0xb17 ./src/app.o
 .debug_line    0x0000b672      0xed2 ./src/main.o

.debug_info     0x00000000    0x13698
 .debug_info    0x00000000       0x26 ./CMSIS/EFR32MG12P/startup_efr32mg12p.o
 .debug_info    0x00000026      0x93f ./CMSIS/EFR32MG12P/system_efr32mg12p.o
 .debug_info    0x00000965     0x166c ./button/button_control.o
 .debug_info    0x00001fd1      0x27d ./button/button_handler.o
 .debug_info    0x0000224e     0x2564 ./emlib/em_cmu.o
 .debug_info    0x000047b2      0xdef ./emlib/em_core.o
 .debug_info    0x000055a1     0x25da ./emlib/em_emu.o
 .debug_info    0x00007b7b      0xacd ./emlib/em_gpio.o
 .debug_info    0x00008648      0xbc3 ./emlib/em_rtcc.o
 .debug_info    0x0000920b     0x1085 ./emlib/em_usart.o
 .debug_info    0x0000a290     0x1488 ./event/event_control.o
 .debug_info    0x0000b718      0xb6b ./event/event_handler.o
 .debug_info    0x0000c283       0x44 ./illum/illum_handler.o
 .debug_info    0x0000c2c7     0x1156 ./led/led_control.o
 .debug_info    0x0000d41d      0x111 ./led/led_handler.o
 .debug_info    0x0000d52e      0xe7d ./serial/retargetio.o
 .debug_info    0x0000e3ab     0x1679 ./serial/retargetserial.o
 .debug_info    0x0000fa24      0xd24 ./src/app.o
 .debug_info    0x00010748     0x2f50 ./src/main.o

.debug_abbrev   0x00000000     0x2a05
 .debug_abbrev  0x00000000       0x14 ./CMSIS/EFR32MG12P/startup_efr32mg12p.o
 .debug_abbrev  0x00000014      0x1ed ./CMSIS/EFR32MG12P/system_efr32mg12p.o
 .debug_abbrev  0x00000201      0x367 ./button/button_control.o
 .debug_abbrev  0x00000568      0x165 ./button/button_handler.o
 .debug_abbrev  0x000006cd      0x354 ./emlib/em_cmu.o
 .debug_abbrev  0x00000a21      0x28f ./emlib/em_core.o
 .debug_abbrev  0x00000cb0      0x35b ./emlib/em_emu.o
 .debug_abbrev  0x0000100b      0x24d ./emlib/em_gpio.o
 .debug_abbrev  0x00001258      0x1e7 ./emlib/em_rtcc.o
 .debug_abbrev  0x0000143f      0x251 ./emlib/em_usart.o
 .debug_abbrev  0x00001690      0x2ce ./event/event_control.o
 .debug_abbrev  0x0000195e      0x219 ./event/event_handler.o
 .debug_abbrev  0x00001b77       0x31 ./illum/illum_handler.o
 .debug_abbrev  0x00001ba8      0x29a ./led/led_control.o
 .debug_abbrev  0x00001e42       0x99 ./led/led_handler.o
 .debug_abbrev  0x00001edb      0x244 ./serial/retargetio.o
 .debug_abbrev  0x0000211f      0x350 ./serial/retargetserial.o
 .debug_abbrev  0x0000246f      0x20a ./src/app.o
 .debug_abbrev  0x00002679      0x38c ./src/main.o

.debug_aranges  0x00000000      0xa88
 .debug_aranges
                0x00000000       0x20 ./CMSIS/EFR32MG12P/startup_efr32mg12p.o
 .debug_aranges
                0x00000020       0x68 ./CMSIS/EFR32MG12P/system_efr32mg12p.o
 .debug_aranges
                0x00000088       0x88 ./button/button_control.o
 .debug_aranges
                0x00000110       0x30 ./button/button_handler.o
 .debug_aranges
                0x00000140      0x1d8 ./emlib/em_cmu.o
 .debug_aranges
                0x00000318       0xe8 ./emlib/em_core.o
 .debug_aranges
                0x00000400      0x1e0 ./emlib/em_emu.o
 .debug_aranges
                0x000005e0       0x88 ./emlib/em_gpio.o
 .debug_aranges
                0x00000668       0x50 ./emlib/em_rtcc.o
 .debug_aranges
                0x000006b8       0xd0 ./emlib/em_usart.o
 .debug_aranges
                0x00000788       0x48 ./event/event_control.o
 .debug_aranges
                0x000007d0       0x30 ./event/event_handler.o
 .debug_aranges
                0x00000800       0x20 ./illum/illum_handler.o
 .debug_aranges
                0x00000820       0x68 ./led/led_control.o
 .debug_aranges
                0x00000888       0x28 ./led/led_handler.o
 .debug_aranges
                0x000008b0       0x68 ./serial/retargetio.o
 .debug_aranges
                0x00000918       0x90 ./serial/retargetserial.o
 .debug_aranges
                0x000009a8       0x30 ./src/app.o
 .debug_aranges
                0x000009d8       0xb0 ./src/main.o

.debug_str      0x00000000   0x15c6b7
 .debug_str     0x00000000       0xf6 ./CMSIS/EFR32MG12P/startup_efr32mg12p.o
 .debug_str     0x000000f6   0x14f225 ./CMSIS/EFR32MG12P/system_efr32mg12p.o
                             0x150155 (size before relaxing)
 .debug_str     0x0014f31b     0x6988 ./button/button_control.o
                             0x156780 (size before relaxing)
 .debug_str     0x00155ca3       0xa5 ./button/button_handler.o
                             0x151b9f (size before relaxing)
 .debug_str     0x00155d48     0x1c8d ./emlib/em_cmu.o
                             0x155002 (size before relaxing)
 .debug_str     0x001579d5      0x98c ./emlib/em_core.o
                             0x150c8c (size before relaxing)
 .debug_str     0x00158361     0x1394 ./emlib/em_emu.o
                             0x155a2a (size before relaxing)
 .debug_str     0x001596f5      0x269 ./emlib/em_gpio.o
                             0x150b39 (size before relaxing)
 .debug_str     0x0015995e      0x77f ./emlib/em_rtcc.o
                             0x15076b (size before relaxing)
 .debug_str     0x0015a0dd      0xedf ./emlib/em_usart.o
                             0x152646 (size before relaxing)
 .debug_str     0x0015afbc      0x444 ./event/event_control.o
                             0x1567eb (size before relaxing)
 .debug_str     0x0015b400       0x65 ./event/event_handler.o
                             0x154d99 (size before relaxing)
 .debug_str     0x0015b465       0x31 ./illum/illum_handler.o
                               0x2d36 (size before relaxing)
 .debug_str     0x0015b496      0x1cc ./led/led_control.o
                             0x1563fc (size before relaxing)
 .debug_str     0x0015b662       0x26 ./led/led_handler.o
                               0x5270 (size before relaxing)
 .debug_str     0x0015b688      0x628 ./serial/retargetio.o
                             0x1539e8 (size before relaxing)
 .debug_str     0x0015bcb0      0x338 ./serial/retargetserial.o
                             0x15664e (size before relaxing)
 .debug_str     0x0015bfe8       0xd7 ./src/app.o
                             0x1551de (size before relaxing)
 .debug_str     0x0015c0bf      0x5f8 ./src/main.o
                             0x158ad2 (size before relaxing)

.debug_loc      0x00000000     0x574e
 .debug_loc     0x00000000      0x2e4 ./CMSIS/EFR32MG12P/system_efr32mg12p.o
 .debug_loc     0x000002e4      0x424 ./button/button_control.o
 .debug_loc     0x00000708       0xa8 ./button/button_handler.o
 .debug_loc     0x000007b0     0x1198 ./emlib/em_cmu.o
 .debug_loc     0x00001948      0x88c ./emlib/em_core.o
 .debug_loc     0x000021d4     0x1112 ./emlib/em_emu.o
 .debug_loc     0x000032e6      0x4b4 ./emlib/em_gpio.o
 .debug_loc     0x0000379a      0x254 ./emlib/em_rtcc.o
 .debug_loc     0x000039ee      0x7da ./emlib/em_usart.o
 .debug_loc     0x000041c8      0x1c8 ./event/event_control.o
 .debug_loc     0x00004390       0xfc ./event/event_handler.o
 .debug_loc     0x0000448c       0x44 ./illum/illum_handler.o
 .debug_loc     0x000044d0      0x314 ./led/led_control.o
 .debug_loc     0x000047e4       0x7c ./led/led_handler.o
 .debug_loc     0x00004860      0x344 ./serial/retargetio.o
 .debug_loc     0x00004ba4      0x480 ./serial/retargetserial.o
 .debug_loc     0x00005024       0xf0 ./src/app.o
 .debug_loc     0x00005114      0x63a ./src/main.o

.debug_ranges   0x00000000      0x948
 .debug_ranges  0x00000000       0x58 ./CMSIS/EFR32MG12P/system_efr32mg12p.o
 .debug_ranges  0x00000058       0x78 ./button/button_control.o
 .debug_ranges  0x000000d0       0x20 ./button/button_handler.o
 .debug_ranges  0x000000f0      0x1c8 ./emlib/em_cmu.o
 .debug_ranges  0x000002b8       0xd8 ./emlib/em_core.o
 .debug_ranges  0x00000390      0x1d0 ./emlib/em_emu.o
 .debug_ranges  0x00000560       0x78 ./emlib/em_gpio.o
 .debug_ranges  0x000005d8       0x40 ./emlib/em_rtcc.o
 .debug_ranges  0x00000618       0xc0 ./emlib/em_usart.o
 .debug_ranges  0x000006d8       0x38 ./event/event_control.o
 .debug_ranges  0x00000710       0x20 ./event/event_handler.o
 .debug_ranges  0x00000730       0x10 ./illum/illum_handler.o
 .debug_ranges  0x00000740       0x58 ./led/led_control.o
 .debug_ranges  0x00000798       0x18 ./led/led_handler.o
 .debug_ranges  0x000007b0       0x58 ./serial/retargetio.o
 .debug_ranges  0x00000808       0x80 ./serial/retargetserial.o
 .debug_ranges  0x00000888       0x20 ./src/app.o
 .debug_ranges  0x000008a8       0xa0 ./src/main.o

.debug_macro    0x00000000    0x35a0d
 .debug_macro   0x00000000      0x282 ./CMSIS/EFR32MG12P/system_efr32mg12p.o
 .debug_macro   0x00000282      0xa48 ./CMSIS/EFR32MG12P/system_efr32mg12p.o
 .debug_macro   0x00000cca       0x22 ./CMSIS/EFR32MG12P/system_efr32mg12p.o
 .debug_macro   0x00000cec       0x4f ./CMSIS/EFR32MG12P/system_efr32mg12p.o
 .debug_macro   0x00000d3b       0x51 ./CMSIS/EFR32MG12P/system_efr32mg12p.o
 .debug_macro   0x00000d8c       0xef ./CMSIS/EFR32MG12P/system_efr32mg12p.o
 .debug_macro   0x00000e7b       0x6a ./CMSIS/EFR32MG12P/system_efr32mg12p.o
 .debug_macro   0x00000ee5      0x1df ./CMSIS/EFR32MG12P/system_efr32mg12p.o
 .debug_macro   0x000010c4      0x4d2 ./CMSIS/EFR32MG12P/system_efr32mg12p.o
 .debug_macro   0x00001596       0x1c ./CMSIS/EFR32MG12P/system_efr32mg12p.o
 .debug_macro   0x000015b2       0x22 ./CMSIS/EFR32MG12P/system_efr32mg12p.o
 .debug_macro   0x000015d4       0xdf ./CMSIS/EFR32MG12P/system_efr32mg12p.o
 .debug_macro   0x000016b3      0xff5 ./CMSIS/EFR32MG12P/system_efr32mg12p.o
 .debug_macro   0x000026a8       0xe2 ./CMSIS/EFR32MG12P/system_efr32mg12p.o
 .debug_macro   0x0000278a      0xe1c ./CMSIS/EFR32MG12P/system_efr32mg12p.o
 .debug_macro   0x000035a6     0x2275 ./CMSIS/EFR32MG12P/system_efr32mg12p.o
 .debug_macro   0x0000581b      0x329 ./CMSIS/EFR32MG12P/system_efr32mg12p.o
 .debug_macro   0x00005b44     0x3119 ./CMSIS/EFR32MG12P/system_efr32mg12p.o
 .debug_macro   0x00008c5d     0x1bba ./CMSIS/EFR32MG12P/system_efr32mg12p.o
 .debug_macro   0x0000a817     0x2674 ./CMSIS/EFR32MG12P/system_efr32mg12p.o
 .debug_macro   0x0000ce8b     0x1b19 ./CMSIS/EFR32MG12P/system_efr32mg12p.o
 .debug_macro   0x0000e9a4      0xe2b ./CMSIS/EFR32MG12P/system_efr32mg12p.o
 .debug_macro   0x0000f7cf      0x344 ./CMSIS/EFR32MG12P/system_efr32mg12p.o
 .debug_macro   0x0000fb13      0x29d ./CMSIS/EFR32MG12P/system_efr32mg12p.o
 .debug_macro   0x0000fdb0     0x2763 ./CMSIS/EFR32MG12P/system_efr32mg12p.o
 .debug_macro   0x00012513     0x31cc ./CMSIS/EFR32MG12P/system_efr32mg12p.o
 .debug_macro   0x000156df     0x136b ./CMSIS/EFR32MG12P/system_efr32mg12p.o
 .debug_macro   0x00016a4a      0xde2 ./CMSIS/EFR32MG12P/system_efr32mg12p.o
 .debug_macro   0x0001782c      0x249 ./CMSIS/EFR32MG12P/system_efr32mg12p.o
 .debug_macro   0x00017a75     0x1042 ./CMSIS/EFR32MG12P/system_efr32mg12p.o
 .debug_macro   0x00018ab7     0x1605 ./CMSIS/EFR32MG12P/system_efr32mg12p.o
 .debug_macro   0x0001a0bc     0x3cb7 ./CMSIS/EFR32MG12P/system_efr32mg12p.o
 .debug_macro   0x0001dd73     0x23fc ./CMSIS/EFR32MG12P/system_efr32mg12p.o
 .debug_macro   0x0002016f      0x70c ./CMSIS/EFR32MG12P/system_efr32mg12p.o
 .debug_macro   0x0002087b     0x26ef ./CMSIS/EFR32MG12P/system_efr32mg12p.o
 .debug_macro   0x00022f6a     0x1700 ./CMSIS/EFR32MG12P/system_efr32mg12p.o
 .debug_macro   0x0002466a     0x2efb ./CMSIS/EFR32MG12P/system_efr32mg12p.o
 .debug_macro   0x00027565      0xfaf ./CMSIS/EFR32MG12P/system_efr32mg12p.o
 .debug_macro   0x00028514      0x6c3 ./CMSIS/EFR32MG12P/system_efr32mg12p.o
 .debug_macro   0x00028bd7     0x1021 ./CMSIS/EFR32MG12P/system_efr32mg12p.o
 .debug_macro   0x00029bf8      0x888 ./CMSIS/EFR32MG12P/system_efr32mg12p.o
 .debug_macro   0x0002a480      0x4ff ./CMSIS/EFR32MG12P/system_efr32mg12p.o
 .debug_macro   0x0002a97f     0x1dee ./CMSIS/EFR32MG12P/system_efr32mg12p.o
 .debug_macro   0x0002c76d       0x40 ./CMSIS/EFR32MG12P/system_efr32mg12p.o
 .debug_macro   0x0002c7ad      0x2ce ./CMSIS/EFR32MG12P/system_efr32mg12p.o
 .debug_macro   0x0002ca7b      0x381 ./CMSIS/EFR32MG12P/system_efr32mg12p.o
 .debug_macro   0x0002cdfc      0x190 ./CMSIS/EFR32MG12P/system_efr32mg12p.o
 .debug_macro   0x0002cf8c     0x27bf ./CMSIS/EFR32MG12P/system_efr32mg12p.o
 .debug_macro   0x0002f74b      0x303 ./CMSIS/EFR32MG12P/system_efr32mg12p.o
 .debug_macro   0x0002fa4e      0x303 ./CMSIS/EFR32MG12P/system_efr32mg12p.o
 .debug_macro   0x0002fd51      0x3c6 ./button/button_control.o
 .debug_macro   0x00030117       0x22 ./button/button_control.o
 .debug_macro   0x00030139       0x52 ./button/button_control.o
 .debug_macro   0x0003018b       0x17 ./button/button_control.o
 .debug_macro   0x000301a2       0x55 ./button/button_control.o
 .debug_macro   0x000301f7       0x35 ./button/button_control.o
 .debug_macro   0x0003022c       0xa2 ./button/button_control.o
 .debug_macro   0x000302ce       0x57 ./button/button_control.o
 .debug_macro   0x00030325       0x82 ./button/button_control.o
 .debug_macro   0x000303a7      0x460 ./button/button_control.o
 .debug_macro   0x00030807       0x10 ./button/button_control.o
 .debug_macro   0x00030817       0xe4 ./button/button_control.o
 .debug_macro   0x000308fb       0x2e ./button/button_control.o
 .debug_macro   0x00030929       0x10 ./button/button_control.o
 .debug_macro   0x00030939       0x70 ./button/button_control.o
 .debug_macro   0x000309a9      0x35a ./button/button_control.o
 .debug_macro   0x00030d03       0x1c ./button/button_control.o
 .debug_macro   0x00030d1f       0x97 ./button/button_control.o
 .debug_macro   0x00030db6      0x34d ./button/button_control.o
 .debug_macro   0x00031103       0x86 ./button/button_control.o
 .debug_macro   0x00031189       0x10 ./button/button_control.o
 .debug_macro   0x00031199       0x58 ./button/button_control.o
 .debug_macro   0x000311f1       0x1f ./button/button_control.o
 .debug_macro   0x00031210       0x43 ./button/button_control.o
 .debug_macro   0x00031253       0x20 ./button/button_control.o
 .debug_macro   0x00031273      0x18e ./button/button_control.o
 .debug_macro   0x00031401       0x10 ./button/button_control.o
 .debug_macro   0x00031411       0xb6 ./button/button_control.o
 .debug_macro   0x000314c7       0x16 ./button/button_control.o
 .debug_macro   0x000314dd      0x129 ./button/button_control.o
 .debug_macro   0x00031606       0x10 ./button/button_control.o
 .debug_macro   0x00031616      0x2d4 ./button/button_handler.o
 .debug_macro   0x000318ea      0x3a9 ./emlib/em_cmu.o
 .debug_macro   0x00031c93       0xea ./emlib/em_cmu.o
 .debug_macro   0x00031d7d      0x16d ./emlib/em_cmu.o
 .debug_macro   0x00031eea       0x58 ./emlib/em_cmu.o
 .debug_macro   0x00031f42       0x25 ./emlib/em_cmu.o
 .debug_macro   0x00031f67       0xee ./emlib/em_cmu.o
 .debug_macro   0x00032055       0x87 ./emlib/em_cmu.o
 .debug_macro   0x000320dc      0x2ae ./emlib/em_core.o
 .debug_macro   0x0003238a       0x6a ./emlib/em_core.o
 .debug_macro   0x000323f4       0xba ./emlib/em_core.o
 .debug_macro   0x000324ae      0x3c3 ./emlib/em_emu.o
 .debug_macro   0x00032871      0x353 ./emlib/em_emu.o
 .debug_macro   0x00032bc4       0xd9 ./emlib/em_emu.o
 .debug_macro   0x00032c9d       0x81 ./emlib/em_emu.o
 .debug_macro   0x00032d1e       0xc0 ./emlib/em_emu.o
 .debug_macro   0x00032dde       0x34 ./emlib/em_emu.o
 .debug_macro   0x00032e12      0x295 ./emlib/em_gpio.o
 .debug_macro   0x000330a7      0x289 ./emlib/em_rtcc.o
 .debug_macro   0x00033330       0x87 ./emlib/em_rtcc.o
 .debug_macro   0x000333b7      0x2dc ./emlib/em_usart.o
 .debug_macro   0x00033693       0xeb ./emlib/em_usart.o
 .debug_macro   0x0003377e      0x3d7 ./event/event_control.o
 .debug_macro   0x00033b55       0x9c ./event/event_control.o
 .debug_macro   0x00033bf1       0x16 ./event/event_control.o
 .debug_macro   0x00033c07       0xf6 ./event/event_control.o
 .debug_macro   0x00033cfd       0x10 ./event/event_control.o
 .debug_macro   0x00033d0d       0x35 ./event/event_control.o
 .debug_macro   0x00033d42      0x3b4 ./event/event_handler.o
 .debug_macro   0x000340f6       0x1b ./illum/illum_handler.o
 .debug_macro   0x00034111      0x3c9 ./led/led_control.o
 .debug_macro   0x000344da       0x52 ./led/led_control.o
 .debug_macro   0x0003452c       0x16 ./led/led_control.o
 .debug_macro   0x00034542       0xbd ./led/led_handler.o
 .debug_macro   0x000345ff       0x4c ./led/led_handler.o
 .debug_macro   0x0003464b      0x3d6 ./serial/retargetio.o
 .debug_macro   0x00034a21       0x10 ./serial/retargetio.o
 .debug_macro   0x00034a31       0x10 ./serial/retargetio.o
 .debug_macro   0x00034a41       0x10 ./serial/retargetio.o
 .debug_macro   0x00034a51       0x2e ./serial/retargetio.o
 .debug_macro   0x00034a7f       0xf5 ./serial/retargetio.o
 .debug_macro   0x00034b74       0x16 ./serial/retargetio.o
 .debug_macro   0x00034b8a       0x22 ./serial/retargetio.o
 .debug_macro   0x00034bac       0x16 ./serial/retargetio.o
 .debug_macro   0x00034bc2      0x3c5 ./serial/retargetserial.o
 .debug_macro   0x00034f87       0x64 ./serial/retargetserial.o
 .debug_macro   0x00034feb       0xf1 ./serial/retargetserial.o
 .debug_macro   0x000350dc      0x3d7 ./src/app.o
 .debug_macro   0x000354b3       0x8d ./src/app.o
 .debug_macro   0x00035540      0x44e ./src/main.o
 .debug_macro   0x0003598e       0x7f ./src/main.o

.debug_frame    0x00000000     0x33e0
 .debug_frame   0x00000000      0x164 ./CMSIS/EFR32MG12P/system_efr32mg12p.o
 .debug_frame   0x00000164      0x200 ./button/button_control.o
 .debug_frame   0x00000364       0x70 ./button/button_handler.o
 .debug_frame   0x000003d4      0x818 ./emlib/em_cmu.o
 .debug_frame   0x00000bec      0x3dc ./emlib/em_core.o
 .debug_frame   0x00000fc8      0x800 ./emlib/em_emu.o
 .debug_frame   0x000017c8      0x224 ./emlib/em_gpio.o
 .debug_frame   0x000019ec      0x118 ./emlib/em_rtcc.o
 .debug_frame   0x00001b04      0x388 ./emlib/em_usart.o
 .debug_frame   0x00001e8c       0xe4 ./event/event_control.o
 .debug_frame   0x00001f70       0x80 ./event/event_handler.o
 .debug_frame   0x00001ff0       0x30 ./illum/illum_handler.o
 .debug_frame   0x00002020      0x178 ./led/led_control.o
 .debug_frame   0x00002198       0x50 ./led/led_handler.o
 .debug_frame   0x000021e8      0x184 ./serial/retargetio.o
 .debug_frame   0x0000236c      0x230 ./serial/retargetserial.o
 .debug_frame   0x0000259c       0x80 ./src/app.o
 .debug_frame   0x0000261c      0x2dc ./src/main.o
 .debug_frame   0x000028f8       0x40 c:/siliconlabs/simplicitystudio/v5/developer/toolchains/gnu_arm/7.2_2017q4/bin/../lib/gcc/arm-none-eabi/7.2.1/../../../../arm-none-eabi/lib/thumb/v7e-m/fpv4-sp/softfp\libc_nano.a(lib_a-assert.o)
 .debug_frame   0x00002938       0x28 c:/siliconlabs/simplicitystudio/v5/developer/toolchains/gnu_arm/7.2_2017q4/bin/../lib/gcc/arm-none-eabi/7.2.1/../../../../arm-none-eabi/lib/thumb/v7e-m/fpv4-sp/softfp\libc_nano.a(lib_a-exit.o)
 .debug_frame   0x00002960       0x64 c:/siliconlabs/simplicitystudio/v5/developer/toolchains/gnu_arm/7.2_2017q4/bin/../lib/gcc/arm-none-eabi/7.2.1/../../../../arm-none-eabi/lib/thumb/v7e-m/fpv4-sp/softfp\libc_nano.a(lib_a-fprintf.o)
 .debug_frame   0x000029c4       0x2c c:/siliconlabs/simplicitystudio/v5/developer/toolchains/gnu_arm/7.2_2017q4/bin/../lib/gcc/arm-none-eabi/7.2.1/../../../../arm-none-eabi/lib/thumb/v7e-m/fpv4-sp/softfp\libc_nano.a(lib_a-init.o)
 .debug_frame   0x000029f0       0x20 c:/siliconlabs/simplicitystudio/v5/developer/toolchains/gnu_arm/7.2_2017q4/bin/../lib/gcc/arm-none-eabi/7.2.1/../../../../arm-none-eabi/lib/thumb/v7e-m/fpv4-sp/softfp\libc_nano.a(lib_a-memset.o)
 .debug_frame   0x00002a10       0xac c:/siliconlabs/simplicitystudio/v5/developer/toolchains/gnu_arm/7.2_2017q4/bin/../lib/gcc/arm-none-eabi/7.2.1/../../../../arm-none-eabi/lib/thumb/v7e-m/fpv4-sp/softfp\libc_nano.a(lib_a-nano-vfprintf.o)
 .debug_frame   0x00002abc       0x60 c:/siliconlabs/simplicitystudio/v5/developer/toolchains/gnu_arm/7.2_2017q4/bin/../lib/gcc/arm-none-eabi/7.2.1/../../../../arm-none-eabi/lib/thumb/v7e-m/fpv4-sp/softfp\libc_nano.a(lib_a-nano-vfprintf_i.o)
 .debug_frame   0x00002b1c       0x74 c:/siliconlabs/simplicitystudio/v5/developer/toolchains/gnu_arm/7.2_2017q4/bin/../lib/gcc/arm-none-eabi/7.2.1/../../../../arm-none-eabi/lib/thumb/v7e-m/fpv4-sp/softfp\libc_nano.a(lib_a-printf.o)
 .debug_frame   0x00002b90       0x38 c:/siliconlabs/simplicitystudio/v5/developer/toolchains/gnu_arm/7.2_2017q4/bin/../lib/gcc/arm-none-eabi/7.2.1/../../../../arm-none-eabi/lib/thumb/v7e-m/fpv4-sp/softfp\libc_nano.a(lib_a-setvbuf.o)
 .debug_frame   0x00002bc8       0x84 c:/siliconlabs/simplicitystudio/v5/developer/toolchains/gnu_arm/7.2_2017q4/bin/../lib/gcc/arm-none-eabi/7.2.1/../../../../arm-none-eabi/lib/thumb/v7e-m/fpv4-sp/softfp\libc_nano.a(lib_a-strtol.o)
 .debug_frame   0x00002c4c       0x40 c:/siliconlabs/simplicitystudio/v5/developer/toolchains/gnu_arm/7.2_2017q4/bin/../lib/gcc/arm-none-eabi/7.2.1/../../../../arm-none-eabi/lib/thumb/v7e-m/fpv4-sp/softfp\libc_nano.a(lib_a-wbuf.o)
 .debug_frame   0x00002c8c       0x2c c:/siliconlabs/simplicitystudio/v5/developer/toolchains/gnu_arm/7.2_2017q4/bin/../lib/gcc/arm-none-eabi/7.2.1/../../../../arm-none-eabi/lib/thumb/v7e-m/fpv4-sp/softfp\libc_nano.a(lib_a-wsetup.o)
 .debug_frame   0x00002cb8       0x28 c:/siliconlabs/simplicitystudio/v5/developer/toolchains/gnu_arm/7.2_2017q4/bin/../lib/gcc/arm-none-eabi/7.2.1/../../../../arm-none-eabi/lib/thumb/v7e-m/fpv4-sp/softfp\libc_nano.a(lib_a-abort.o)
 .debug_frame   0x00002ce0       0x68 c:/siliconlabs/simplicitystudio/v5/developer/toolchains/gnu_arm/7.2_2017q4/bin/../lib/gcc/arm-none-eabi/7.2.1/../../../../arm-none-eabi/lib/thumb/v7e-m/fpv4-sp/softfp\libc_nano.a(lib_a-fflush.o)
 .debug_frame   0x00002d48      0x11c c:/siliconlabs/simplicitystudio/v5/developer/toolchains/gnu_arm/7.2_2017q4/bin/../lib/gcc/arm-none-eabi/7.2.1/../../../../arm-none-eabi/lib/thumb/v7e-m/fpv4-sp/softfp\libc_nano.a(lib_a-findfp.o)
 .debug_frame   0x00002e64       0x54 c:/siliconlabs/simplicitystudio/v5/developer/toolchains/gnu_arm/7.2_2017q4/bin/../lib/gcc/arm-none-eabi/7.2.1/../../../../arm-none-eabi/lib/thumb/v7e-m/fpv4-sp/softfp\libc_nano.a(lib_a-fwalk.o)
 .debug_frame   0x00002eb8       0x68 c:/siliconlabs/simplicitystudio/v5/developer/toolchains/gnu_arm/7.2_2017q4/bin/../lib/gcc/arm-none-eabi/7.2.1/../../../../arm-none-eabi/lib/thumb/v7e-m/fpv4-sp/softfp\libc_nano.a(lib_a-locale.o)
 .debug_frame   0x00002f20       0x58 c:/siliconlabs/simplicitystudio/v5/developer/toolchains/gnu_arm/7.2_2017q4/bin/../lib/gcc/arm-none-eabi/7.2.1/../../../../arm-none-eabi/lib/thumb/v7e-m/fpv4-sp/softfp\libc_nano.a(lib_a-makebuf.o)
 .debug_frame   0x00002f78       0x30 c:/siliconlabs/simplicitystudio/v5/developer/toolchains/gnu_arm/7.2_2017q4/bin/../lib/gcc/arm-none-eabi/7.2.1/../../../../arm-none-eabi/lib/thumb/v7e-m/fpv4-sp/softfp\libc_nano.a(lib_a-malloc.o)
 .debug_frame   0x00002fa8       0x48 c:/siliconlabs/simplicitystudio/v5/developer/toolchains/gnu_arm/7.2_2017q4/bin/../lib/gcc/arm-none-eabi/7.2.1/../../../../arm-none-eabi/lib/thumb/v7e-m/fpv4-sp/softfp\libc_nano.a(lib_a-mbtowc_r.o)
 .debug_frame   0x00002ff0       0x38 c:/siliconlabs/simplicitystudio/v5/developer/toolchains/gnu_arm/7.2_2017q4/bin/../lib/gcc/arm-none-eabi/7.2.1/../../../../arm-none-eabi/lib/thumb/v7e-m/fpv4-sp/softfp\libc_nano.a(lib_a-nano-freer.o)
 .debug_frame   0x00003028       0x2c c:/siliconlabs/simplicitystudio/v5/developer/toolchains/gnu_arm/7.2_2017q4/bin/../lib/gcc/arm-none-eabi/7.2.1/../../../../arm-none-eabi/lib/thumb/v7e-m/fpv4-sp/softfp\libc_nano.a(lib_a-nano-mallocr.o)
 .debug_frame   0x00003054       0x2c c:/siliconlabs/simplicitystudio/v5/developer/toolchains/gnu_arm/7.2_2017q4/bin/../lib/gcc/arm-none-eabi/7.2.1/../../../../arm-none-eabi/lib/thumb/v7e-m/fpv4-sp/softfp\libc_nano.a(lib_a-sbrkr.o)
 .debug_frame   0x00003080       0xcc c:/siliconlabs/simplicitystudio/v5/developer/toolchains/gnu_arm/7.2_2017q4/bin/../lib/gcc/arm-none-eabi/7.2.1/../../../../arm-none-eabi/lib/thumb/v7e-m/fpv4-sp/softfp\libc_nano.a(lib_a-signal.o)
 .debug_frame   0x0000314c       0x3c c:/siliconlabs/simplicitystudio/v5/developer/toolchains/gnu_arm/7.2_2017q4/bin/../lib/gcc/arm-none-eabi/7.2.1/../../../../arm-none-eabi/lib/thumb/v7e-m/fpv4-sp/softfp\libc_nano.a(lib_a-signalr.o)
 .debug_frame   0x00003188       0x88 c:/siliconlabs/simplicitystudio/v5/developer/toolchains/gnu_arm/7.2_2017q4/bin/../lib/gcc/arm-none-eabi/7.2.1/../../../../arm-none-eabi/lib/thumb/v7e-m/fpv4-sp/softfp\libc_nano.a(lib_a-stdio.o)
 .debug_frame   0x00003210       0x3c c:/siliconlabs/simplicitystudio/v5/developer/toolchains/gnu_arm/7.2_2017q4/bin/../lib/gcc/arm-none-eabi/7.2.1/../../../../arm-none-eabi/lib/thumb/v7e-m/fpv4-sp/softfp\libc_nano.a(lib_a-wctomb_r.o)